#0 building with "default" instance using docker driver

#1 [internal] load build definition from Dockerfile.sdk
#1 transferring dockerfile: 6.58kB done
#1 DONE 0.0s

#2 [internal] load metadata for docker.io/library/ubuntu:24.04@sha256:d1e2e92c075e5ca139d51a140fff46f84315c0fdce203eab2807c7e495eff4f9
#2 DONE 0.0s

#3 [internal] load .dockerignore
#3 transferring context: 359B done
#3 DONE 0.0s

#4 [1/7] FROM docker.io/library/ubuntu:24.04@sha256:d1e2e92c075e5ca139d51a140fff46f84315c0fdce203eab2807c7e495eff4f9
#4 DONE 0.0s

#5 [internal] load build context
#5 transferring context: 174B done
#5 DONE 0.0s

#6 [6/7] RUN set -eux;     python3 -m venv /opt/esp/python-env;     /opt/esp/python-env/bin/pip install --upgrade       --retries 5       --timeout 60       pip       wheel;     /opt/esp/python-env/bin/pip install       --retries 5       --timeout 60       "setuptools<82";     /opt/esp/python-env/bin/pip install       --retries 5       --timeout 60       -r /opt/esp/ESP8266_RTOS_SDK/requirements.txt;     /opt/esp/python-env/bin/pip install --upgrade       --retries 5       --timeout 60       "setuptools<82";     /opt/esp/python-env/bin/python3 -c "import pip, serial, setuptools";     /opt/esp/python-env/bin/python3 --version;     /opt/esp/python-env/bin/pip --version
#6 CACHED

#7 [2/7] RUN set -eux;     printf '%s\n'       'Acquire::Retries "5";'       'Acquire::http::Timeout "60";'       'Acquire::https::Timeout "60";'       'Acquire::ForceIPv4 "true";'       > /etc/apt/apt.conf.d/80-ev-retries;     for attempt in 1 2 3 4 5; do       rm -rf /var/lib/apt/lists/*;       apt-get update &&       apt-get install -y --no-install-recommends         bash         build-essential         ca-certificates         ccache         cmake         file         flex         bison         gawk         git         gperf         libffi-dev         libncurses-dev         libssl-dev         make         ninja-build         patch         python-is-python3         python3         python3-pip         python3-serial         python3-venv         tar         unzip         wget         xz-utils &&       break;       if [ "$attempt" = "5" ]; then exit 1; fi;       sleep $((attempt * 10));     done;     rm -rf /var/lib/apt/lists/*;     git --version;     python3 --version;     make --version | head -n 1
#7 CACHED

#8 [3/7] RUN set -eux;     mkdir -p /opt/esp /tmp/toolchain;     for attempt in 1 2 3 4 5; do       rm -f /tmp/toolchain/lx106.tar.gz;       wget --progress=dot:giga         --tries=5         --waitretry=10         --retry-connrefused         --timeout=60         -O /tmp/toolchain/lx106.tar.gz         "https://dl.espressif.com/dl/xtensa-lx106-elf-gcc8_4_0-esp-2020r3-linux-amd64.tar.gz" &&       tar -xzf /tmp/toolchain/lx106.tar.gz -C /opt/esp &&       break;       if [ "$attempt" = "5" ]; then exit 1; fi;       sleep $((attempt * 10));     done;     rm -rf /tmp/toolchain;     /opt/esp/xtensa-lx106-elf/bin/xtensa-lx106-elf-gcc --version
#8 CACHED

#9 [4/7] COPY tools/patches/ /tmp/ev-sdk-patches/
#9 CACHED

#10 [5/7] RUN set -eux;     git config --global advice.detachedHead false;     git config --global http.lowSpeedLimit 1000;     git config --global http.lowSpeedTime 60;     git config --global url."https://github.com/eclipse-tinydtls/tinydtls.git".insteadOf        "https://git.eclipse.org/r/tinydtls/org.eclipse.tinydtls";     for attempt in 1 2 3 4 5; do       cd /;       rm -rf /opt/esp/ESP8266_RTOS_SDK;       git clone --depth 1 --branch "v3.4"         "https://github.com/espressif/ESP8266_RTOS_SDK.git" /opt/esp/ESP8266_RTOS_SDK &&       cd /opt/esp/ESP8266_RTOS_SDK &&       git submodule update --init --recursive &&       break;       if [ "$attempt" = "5" ]; then exit 1; fi;       sleep $((attempt * 10));     done;     cd /opt/esp/ESP8266_RTOS_SDK;     for p in /tmp/ev-sdk-patches/*.patch; do       [ -f "$p" ] || continue;       case "$(basename "$p")" in         *freertos-static-task-hooks*.patch)           echo "note: skipping obsolete FreeRTOSConfig patch file; tools/fw sdk-check now performs idempotent injection";           continue;           ;;       esac;       patch --batch -p1 < "$p";     done;     freertos_config=/opt/esp/ESP8266_RTOS_SDK/components/freertos/port/esp8266/include/freertos/FreeRTOSConfig.h;     tmp_file="${freertos_config}.ev-static";     sed '/EV_FREERTOS_STATIC_ALLOC_CONFIG_BEGIN/,/EV_FREERTOS_STATIC_ALLOC_CONFIG_END/d' "$freertos_config"       | sed           -e '/^[[:space:]]*#[[:space:]]*define[[:space:]][[:space:]]*configSUPPORT_STATIC_ALLOCATION[[:space:]]/d'           -e '/^[[:space:]]*#[[:space:]]*define[[:space:]][[:space:]]*configSUPPORT_DYNAMIC_ALLOCATION[[:space:]]/d'       > "$tmp_file";     cat "$tmp_file" > "$freertos_config";     rm -f "$tmp_file";     {       printf '\n/* EV_FREERTOS_STATIC_ALLOC_CONFIG_BEGIN\n';       printf ' * Project environment hardening: static Idle/Timer task hooks are enabled.\n';       printf ' * Dynamic allocation remains enabled only as an ESP8266 vendor SDK bootstrap bridge.\n';       printf ' * Runtime actor/event/I2C/IRQ hot paths remain zero-heap by project policy.\n';       printf ' */\n';       printf '#ifndef configSUPPORT_STATIC_ALLOCATION\n';       printf '#define configSUPPORT_STATIC_ALLOCATION 1\n';       printf '#endif\n';       printf '#ifndef configSUPPORT_DYNAMIC_ALLOCATION\n';       printf '#define configSUPPORT_DYNAMIC_ALLOCATION 1\n';       printf '#endif\n';       printf '/* EV_FREERTOS_STATIC_ALLOC_CONFIG_END */\n';     } >> "$freertos_config";     grep -Eq '^[[:space:]]*#define[[:space:]]+configSUPPORT_STATIC_ALLOCATION[[:space:]]+1([[:space:]]|$)' "$freertos_config";     grep -Eq '^[[:space:]]*#define[[:space:]]+configSUPPORT_DYNAMIC_ALLOCATION[[:space:]]+1([[:space:]]|$)' "$freertos_config";     rm -rf /tmp/ev-sdk-patches;     git config --system --add safe.directory /opt/esp/ESP8266_RTOS_SDK;     git -C /opt/esp/ESP8266_RTOS_SDK rev-parse --short HEAD
#10 CACHED

#11 [7/7] WORKDIR /work
#11 CACHED

#12 exporting to image
#12 exporting layers done
#12 writing image sha256:db619be4ae74607dccbe3eb1edca4ad6ce1400e0c3a71091693c188cdad09c86 done
#12 naming to docker.io/library/esp8266-event-driven-sdk:local done
#12 DONE 0.0s
make: Entering directory '/work/adapters/esp8266_rtos_sdk/targets/wemos_esp_wroom_02_18650'
Toolchain path: /opt/esp/xtensa-lx106-elf/bin/xtensa-lx106-elf-gcc
Toolchain version: esp-2020r3-49-gd5524c1
Compiler version: 8.4.0
/opt/esp/ESP8266_RTOS_SDK/tools/check_python_dependencies.py:22: UserWarning: pkg_resources is deprecated as an API. See https://setuptools.pypa.io/en/latest/pkg_resources.html. The pkg_resources package is slated for removal as early as 2025-11-30. Refrain from using this package or pin to Setuptools<81.
  import pkg_resources
Python requirements from /opt/esp/ESP8266_RTOS_SDK/requirements.txt are satisfied.
Building partitions from /opt/esp/ESP8266_RTOS_SDK/components/partition_table/partitions_singleapp.csv...
make[1]: Entering directory '/opt/esp/ESP8266_RTOS_SDK/components/bootloader/subproject'
make[1]: Entering directory '/work/adapters/esp8266_rtos_sdk/targets/wemos_esp_wroom_02_18650/build/app_update'
make[1]: Entering directory '/work/adapters/esp8266_rtos_sdk/targets/wemos_esp_wroom_02_18650/build/coap'
make[1]: Entering directory '/work/adapters/esp8266_rtos_sdk/targets/wemos_esp_wroom_02_18650/build/bootloader_support'
make[1]: Entering directory '/work/adapters/esp8266_rtos_sdk/targets/wemos_esp_wroom_02_18650/build/console'
AR adapters/esp8266_rtos_sdk/targets/wemos_esp_wroom_02_18650/build/coap/libcoap.a
make[1]: Entering directory '/work/adapters/esp8266_rtos_sdk/targets/wemos_esp_wroom_02_18650/build/esp-tls'
make[1]: Entering directory '/work/adapters/esp8266_rtos_sdk/targets/wemos_esp_wroom_02_18650/build/esp-wolfssl'
CC adapters/esp8266_rtos_sdk/targets/wemos_esp_wroom_02_18650/build/esp-tls/esp_tls.o
AR adapters/esp8266_rtos_sdk/targets/wemos_esp_wroom_02_18650/build/esp-wolfssl/libesp-wolfssl.a
CC adapters/esp8266_rtos_sdk/targets/wemos_esp_wroom_02_18650/build/esp-tls/esp_tls_mbedtls.o
make[1]: Entering directory '/work/adapters/esp8266_rtos_sdk/targets/wemos_esp_wroom_02_18650/build/esp_common'
make[1]: Entering directory '/work/adapters/esp8266_rtos_sdk/targets/wemos_esp_wroom_02_18650/build/esp_event'
make[1]: Entering directory '/work/adapters/esp8266_rtos_sdk/targets/wemos_esp_wroom_02_18650/build/esp_http_server'
make[1]: Entering directory '/work/adapters/esp8266_rtos_sdk/targets/wemos_esp_wroom_02_18650/build/esp_http_client'
CC adapters/esp8266_rtos_sdk/targets/wemos_esp_wroom_02_18650/build/bootloader_support/src/bootloader_clock.o
CC adapters/esp8266_rtos_sdk/targets/wemos_esp_wroom_02_18650/build/console/linenoise/linenoise.o
make[1]: Entering directory '/work/adapters/esp8266_rtos_sdk/targets/wemos_esp_wroom_02_18650/build/esp8266'
CC adapters/esp8266_rtos_sdk/targets/wemos_esp_wroom_02_18650/build/esp_event/default_event_loop.o
CC adapters/esp8266_rtos_sdk/targets/wemos_esp_wroom_02_18650/build/console/argtable3/argtable3.o
CC adapters/esp8266_rtos_sdk/targets/wemos_esp_wroom_02_18650/build/bootloader_support/src/bootloader_common.o
CC adapters/esp8266_rtos_sdk/targets/wemos_esp_wroom_02_18650/build/esp_event/esp_event.o
make[1]: Entering directory '/work/adapters/esp8266_rtos_sdk/targets/wemos_esp_wroom_02_18650/build/esp_gdbstub'
CC adapters/esp8266_rtos_sdk/targets/wemos_esp_wroom_02_18650/build/esp_common/src/esp_err_to_name.o
make[1]: Entering directory '/work/adapters/esp8266_rtos_sdk/targets/wemos_esp_wroom_02_18650/build/esp_https_ota'
make[1]: Entering directory '/work/adapters/esp8266_rtos_sdk/targets/wemos_esp_wroom_02_18650/build/esp_ringbuf'
make[1]: Entering directory '/work/adapters/esp8266_rtos_sdk/targets/wemos_esp_wroom_02_18650/build/fatfs'
CC adapters/esp8266_rtos_sdk/targets/wemos_esp_wroom_02_18650/build/esp_http_server/src/httpd_main.o
CC adapters/esp8266_rtos_sdk/targets/wemos_esp_wroom_02_18650/build/esp_http_client/esp_http_client.o
CC adapters/esp8266_rtos_sdk/targets/wemos_esp_wroom_02_18650/build/esp_ringbuf/ringbuf.o
CC adapters/esp8266_rtos_sdk/targets/wemos_esp_wroom_02_18650/build/esp_http_client/lib/http_auth.o
CC adapters/esp8266_rtos_sdk/targets/wemos_esp_wroom_02_18650/build/esp_https_ota/src/esp_https_ota.o
make[1]: Entering directory '/work/adapters/esp8266_rtos_sdk/targets/wemos_esp_wroom_02_18650/build/freertos'
make[1]: Entering directory '/work/adapters/esp8266_rtos_sdk/targets/wemos_esp_wroom_02_18650/build/ev_platform'
App "ev_wroom_02" version: 0bdfa4d
CC adapters/esp8266_rtos_sdk/targets/wemos_esp_wroom_02_18650/build/esp_gdbstub/src/gdbstub.o
make[1]: Entering directory '/work/adapters/esp8266_rtos_sdk/targets/wemos_esp_wroom_02_18650/build/freemodbus'
CC adapters/esp8266_rtos_sdk/targets/wemos_esp_wroom_02_18650/build/freertos/port/esp8266/freertos_hooks.o
CC adapters/esp8266_rtos_sdk/targets/wemos_esp_wroom_02_18650/build/app_update/esp_app_desc.o
CC adapters/esp8266_rtos_sdk/targets/wemos_esp_wroom_02_18650/build/fatfs/diskio/diskio.o
make[1]: Leaving directory '/work/adapters/esp8266_rtos_sdk/targets/wemos_esp_wroom_02_18650/build/coap'
make[1]: Leaving directory '/work/adapters/esp8266_rtos_sdk/targets/wemos_esp_wroom_02_18650/build/esp-wolfssl'
CC adapters/esp8266_rtos_sdk/targets/wemos_esp_wroom_02_18650/build/esp_http_server/src/httpd_parse.o
CC adapters/esp8266_rtos_sdk/targets/wemos_esp_wroom_02_18650/build/ev_platform/ev_boot_diag.o
CC adapters/esp8266_rtos_sdk/targets/wemos_esp_wroom_02_18650/build/esp_http_client/lib/http_header.o
CC adapters/esp8266_rtos_sdk/targets/wemos_esp_wroom_02_18650/build/freemodbus/common/esp_modbus_master.o
CC adapters/esp8266_rtos_sdk/targets/wemos_esp_wroom_02_18650/build/esp8266/driver/adc.o
CC adapters/esp8266_rtos_sdk/targets/wemos_esp_wroom_02_18650/build/bootloader_support/src/bootloader_flash.o
CC adapters/esp8266_rtos_sdk/targets/wemos_esp_wroom_02_18650/build/freertos/port/esp8266/panic.o
CC adapters/esp8266_rtos_sdk/targets/wemos_esp_wroom_02_18650/build/app_update/esp_ota_ops.o
CC adapters/esp8266_rtos_sdk/targets/wemos_esp_wroom_02_18650/build/esp_http_server/src/httpd_sess.o
CC adapters/esp8266_rtos_sdk/targets/wemos_esp_wroom_02_18650/build/esp_gdbstub/src/packet.o
CC adapters/esp8266_rtos_sdk/targets/wemos_esp_wroom_02_18650/build/ev_platform/ev_freertos_static_hooks.o
CC adapters/esp8266_rtos_sdk/targets/wemos_esp_wroom_02_18650/build/bootloader_support/src/bootloader_init.o
CC adapters/esp8266_rtos_sdk/targets/wemos_esp_wroom_02_18650/build/fatfs/diskio/diskio_rawflash.o
AR adapters/esp8266_rtos_sdk/targets/wemos_esp_wroom_02_18650/build/esp_https_ota/libesp_https_ota.a
CC adapters/esp8266_rtos_sdk/targets/wemos_esp_wroom_02_18650/build/esp8266/driver/gpio.o
make[1]: Leaving directory '/work/adapters/esp8266_rtos_sdk/targets/wemos_esp_wroom_02_18650/build/esp_https_ota'
CC adapters/esp8266_rtos_sdk/targets/wemos_esp_wroom_02_18650/build/esp_event/esp_event_private.o
CC adapters/esp8266_rtos_sdk/targets/wemos_esp_wroom_02_18650/build/ev_platform/ev_i2c_adapter.o
CC adapters/esp8266_rtos_sdk/targets/wemos_esp_wroom_02_18650/build/esp_common/src/stack_check.o
CC adapters/esp8266_rtos_sdk/targets/wemos_esp_wroom_02_18650/build/esp_gdbstub/esp8266/gdbstub_esp8266.o
CC adapters/esp8266_rtos_sdk/targets/wemos_esp_wroom_02_18650/build/esp8266/driver/hspi_logic_layer.o
CC adapters/esp8266_rtos_sdk/targets/wemos_esp_wroom_02_18650/build/fatfs/diskio/diskio_wl.o
CC adapters/esp8266_rtos_sdk/targets/wemos_esp_wroom_02_18650/build/freemodbus/common/esp_modbus_master_tcp.o
CC adapters/esp8266_rtos_sdk/targets/wemos_esp_wroom_02_18650/build/bootloader_support/src/bootloader_random.o
CC adapters/esp8266_rtos_sdk/targets/wemos_esp_wroom_02_18650/build/freertos/port/esp8266/port.o
CC adapters/esp8266_rtos_sdk/targets/wemos_esp_wroom_02_18650/build/esp_http_server/src/httpd_txrx.o
CC adapters/esp8266_rtos_sdk/targets/wemos_esp_wroom_02_18650/build/bootloader_support/src/bootloader_sha.o
AR adapters/esp8266_rtos_sdk/targets/wemos_esp_wroom_02_18650/build/esp_common/libesp_common.a
CC adapters/esp8266_rtos_sdk/targets/wemos_esp_wroom_02_18650/build/bootloader_support/src/bootloader_utility.o
make[1]: Leaving directory '/work/adapters/esp8266_rtos_sdk/targets/wemos_esp_wroom_02_18650/build/esp_common'
CC adapters/esp8266_rtos_sdk/targets/wemos_esp_wroom_02_18650/build/esp_http_client/lib/http_utils.o
CC adapters/esp8266_rtos_sdk/targets/wemos_esp_wroom_02_18650/build/esp_gdbstub/xtensa/gdbstub_xtensa.o
CC adapters/esp8266_rtos_sdk/targets/wemos_esp_wroom_02_18650/build/console/commands.o
CC adapters/esp8266_rtos_sdk/targets/wemos_esp_wroom_02_18650/build/ev_platform/ev_irq_adapter.o
AR adapters/esp8266_rtos_sdk/targets/wemos_esp_wroom_02_18650/build/app_update/libapp_update.a
make[1]: Leaving directory '/work/adapters/esp8266_rtos_sdk/targets/wemos_esp_wroom_02_18650/build/app_update'
CC adapters/esp8266_rtos_sdk/targets/wemos_esp_wroom_02_18650/build/fatfs/vfs/vfs_fat.o
CC adapters/esp8266_rtos_sdk/targets/wemos_esp_wroom_02_18650/build/freemodbus/common/esp_modbus_slave.o
CC adapters/esp8266_rtos_sdk/targets/wemos_esp_wroom_02_18650/build/freertos/freertos/event_groups.o
AR adapters/esp8266_rtos_sdk/targets/wemos_esp_wroom_02_18650/build/esp_ringbuf/libesp_ringbuf.a
make[1]: Entering directory '/work/adapters/esp8266_rtos_sdk/targets/wemos_esp_wroom_02_18650/build/heap'
make[1]: Leaving directory '/work/adapters/esp8266_rtos_sdk/targets/wemos_esp_wroom_02_18650/build/esp_ringbuf'
CC adapters/esp8266_rtos_sdk/targets/wemos_esp_wroom_02_18650/build/freertos/freertos/list.o
CC adapters/esp8266_rtos_sdk/targets/wemos_esp_wroom_02_18650/build/heap/src/esp_heap_caps.o
CC adapters/esp8266_rtos_sdk/targets/wemos_esp_wroom_02_18650/build/esp_http_server/src/httpd_uri.o
CC adapters/esp8266_rtos_sdk/targets/wemos_esp_wroom_02_18650/build/esp_event/event_loop_legacy.o
CC adapters/esp8266_rtos_sdk/targets/wemos_esp_wroom_02_18650/build/heap/src/esp_heap_trace.o
CC adapters/esp8266_rtos_sdk/targets/wemos_esp_wroom_02_18650/build/esp8266/driver/hw_timer.o
AR adapters/esp8266_rtos_sdk/targets/wemos_esp_wroom_02_18650/build/esp_gdbstub/libesp_gdbstub.a
CC adapters/esp8266_rtos_sdk/targets/wemos_esp_wroom_02_18650/build/esp8266/driver/i2c.o
make[1]: Leaving directory '/work/adapters/esp8266_rtos_sdk/targets/wemos_esp_wroom_02_18650/build/esp_gdbstub'
CC adapters/esp8266_rtos_sdk/targets/wemos_esp_wroom_02_18650/build/bootloader_support/src/efuse.o
CC adapters/esp8266_rtos_sdk/targets/wemos_esp_wroom_02_18650/build/bootloader_support/src/esp_image_format.o
CC adapters/esp8266_rtos_sdk/targets/wemos_esp_wroom_02_18650/build/heap/port/esp8266/esp_heap_init.o
CC adapters/esp8266_rtos_sdk/targets/wemos_esp_wroom_02_18650/build/esp_event/event_send.o
AR adapters/esp8266_rtos_sdk/targets/wemos_esp_wroom_02_18650/build/esp-tls/libesp-tls.a
CC adapters/esp8266_rtos_sdk/targets/wemos_esp_wroom_02_18650/build/freertos/freertos/queue.o
make[1]: Leaving directory '/work/adapters/esp8266_rtos_sdk/targets/wemos_esp_wroom_02_18650/build/esp-tls'
CC adapters/esp8266_rtos_sdk/targets/wemos_esp_wroom_02_18650/build/esp8266/driver/i2s.o
CC adapters/esp8266_rtos_sdk/targets/wemos_esp_wroom_02_18650/build/esp_http_server/src/util/ctrl_sock.o
CC adapters/esp8266_rtos_sdk/targets/wemos_esp_wroom_02_18650/build/console/split_argv.o
CC adapters/esp8266_rtos_sdk/targets/wemos_esp_wroom_02_18650/build/fatfs/vfs/vfs_fat_spiflash.o
make[1]: Entering directory '/work/adapters/esp8266_rtos_sdk/targets/wemos_esp_wroom_02_18650/build/http_parser'
CC adapters/esp8266_rtos_sdk/targets/wemos_esp_wroom_02_18650/build/freemodbus/common/esp_modbus_slave_tcp.o
CC adapters/esp8266_rtos_sdk/targets/wemos_esp_wroom_02_18650/build/http_parser/src/http_parser.o
CC adapters/esp8266_rtos_sdk/targets/wemos_esp_wroom_02_18650/build/ev_platform/ev_net_adapter.o
make[1]: Entering directory '/work/adapters/esp8266_rtos_sdk/targets/wemos_esp_wroom_02_18650/build/jsmn'
CC adapters/esp8266_rtos_sdk/targets/wemos_esp_wroom_02_18650/build/jsmn/src//jsmn.o
CC adapters/esp8266_rtos_sdk/targets/wemos_esp_wroom_02_18650/build/esp8266/driver/ir_rx.o
make[1]: Entering directory '/work/adapters/esp8266_rtos_sdk/targets/wemos_esp_wroom_02_18650/build/json'
CC adapters/esp8266_rtos_sdk/targets/wemos_esp_wroom_02_18650/build/json/cJSON/cJSON.o
CC adapters/esp8266_rtos_sdk/targets/wemos_esp_wroom_02_18650/build/esp8266/driver/ir_tx.o
make[1]: Entering directory '/work/adapters/esp8266_rtos_sdk/targets/wemos_esp_wroom_02_18650/build/log'
CC adapters/esp8266_rtos_sdk/targets/wemos_esp_wroom_02_18650/build/log/log.o
AR adapters/esp8266_rtos_sdk/targets/wemos_esp_wroom_02_18650/build/heap/libheap.a
make[1]: Leaving directory '/work/adapters/esp8266_rtos_sdk/targets/wemos_esp_wroom_02_18650/build/heap'
CC adapters/esp8266_rtos_sdk/targets/wemos_esp_wroom_02_18650/build/json/cJSON/cJSON_Utils.o
CC adapters/esp8266_rtos_sdk/targets/wemos_esp_wroom_02_18650/build/bootloader_support/src/flash_encrypt.o
make[1]: Entering directory '/work/adapters/esp8266_rtos_sdk/targets/wemos_esp_wroom_02_18650/build/libsodium'
make[2]: Entering directory '/work/adapters/esp8266_rtos_sdk/targets/wemos_esp_wroom_02_18650/build/bootloader/esp8266'
AR adapters/esp8266_rtos_sdk/targets/wemos_esp_wroom_02_18650/build/esp_event/libesp_event.a
CC adapters/esp8266_rtos_sdk/targets/wemos_esp_wroom_02_18650/build/freemodbus/modbus/mb.o
make[1]: Leaving directory '/work/adapters/esp8266_rtos_sdk/targets/wemos_esp_wroom_02_18650/build/esp_event'
CC adapters/esp8266_rtos_sdk/targets/wemos_esp_wroom_02_18650/build/freertos/freertos/stream_buffer.o
make[1]: Entering directory '/work/adapters/esp8266_rtos_sdk/targets/wemos_esp_wroom_02_18650/build/lwip'
make[2]: Leaving directory '/work/adapters/esp8266_rtos_sdk/targets/wemos_esp_wroom_02_18650/build/bootloader/esp8266'
make[2]: Entering directory '/work/adapters/esp8266_rtos_sdk/targets/wemos_esp_wroom_02_18650/build/bootloader/log'
CC adapters/esp8266_rtos_sdk/targets/wemos_esp_wroom_02_18650/build/bootloader_support/src/flash_partitions.o
AR adapters/esp8266_rtos_sdk/targets/wemos_esp_wroom_02_18650/build/jsmn/libjsmn.a
CC adapters/esp8266_rtos_sdk/targets/wemos_esp_wroom_02_18650/build/freertos/freertos/tasks.o
CC adapters/esp8266_rtos_sdk/targets/wemos_esp_wroom_02_18650/build/bootloader_support/src/flash_qio_mode.o
AR adapters/esp8266_rtos_sdk/targets/wemos_esp_wroom_02_18650/build/esp_http_client/libesp_http_client.a
make[1]: Leaving directory '/work/adapters/esp8266_rtos_sdk/targets/wemos_esp_wroom_02_18650/build/jsmn'
CC adapters/esp8266_rtos_sdk/targets/wemos_esp_wroom_02_18650/build/ev_platform/ev_onewire_adapter.o
make[2]: Leaving directory '/work/adapters/esp8266_rtos_sdk/targets/wemos_esp_wroom_02_18650/build/bootloader/log'
make[1]: Leaving directory '/work/adapters/esp8266_rtos_sdk/targets/wemos_esp_wroom_02_18650/build/esp_http_client'
CC adapters/esp8266_rtos_sdk/targets/wemos_esp_wroom_02_18650/build/fatfs/port/freertos/ffsystem.o
AR adapters/esp8266_rtos_sdk/targets/wemos_esp_wroom_02_18650/build/esp_http_server/libesp_http_server.a
make[2]: Entering directory '/work/adapters/esp8266_rtos_sdk/targets/wemos_esp_wroom_02_18650/build/bootloader/spi_flash'
make[1]: Leaving directory '/work/adapters/esp8266_rtos_sdk/targets/wemos_esp_wroom_02_18650/build/esp_http_server'
CC adapters/esp8266_rtos_sdk/targets/wemos_esp_wroom_02_18650/build/ev_platform/ev_platform_ports.o
CC adapters/esp8266_rtos_sdk/targets/wemos_esp_wroom_02_18650/build/fatfs/src/ff.o
make[2]: Leaving directory '/work/adapters/esp8266_rtos_sdk/targets/wemos_esp_wroom_02_18650/build/bootloader/spi_flash'
CC adapters/esp8266_rtos_sdk/targets/wemos_esp_wroom_02_18650/build/ev_platform/ev_runtime_app.o
/work/adapters/esp8266_rtos_sdk/components/ev_platform/ev_net_adapter.c:239:13: warning: 'ev_esp8266_net_payload_make_lease' defined but not used [-Wunused-function]
 static void ev_esp8266_net_payload_make_lease(ev_esp8266_net_payload_slot_t *slot,
             ^~~~~~~~~~~~~~~~~~~~~~~~~~~~~~~~~
/work/adapters/esp8266_rtos_sdk/components/ev_platform/ev_net_adapter.c:203:39: warning: 'ev_esp8266_net_payload_acquire' defined but not used [-Wunused-function]
 static ev_esp8266_net_payload_slot_t *ev_esp8266_net_payload_acquire(ev_esp8266_net_ctx_t *net)
                                       ^~~~~~~~~~~~~~~~~~~~~~~~~~~~~~
make[2]: Entering directory '/work/adapters/esp8266_rtos_sdk/targets/wemos_esp_wroom_02_18650/build/bootloader/bootloader_support'
CC adapters/esp8266_rtos_sdk/targets/wemos_esp_wroom_02_18650/build/lwip/apps/dhcpserver/dhcpserver.o
make[2]: Leaving directory '/work/adapters/esp8266_rtos_sdk/targets/wemos_esp_wroom_02_18650/build/bootloader/bootloader_support'
make[2]: Entering directory '/work/adapters/esp8266_rtos_sdk/targets/wemos_esp_wroom_02_18650/build/bootloader/main'
CC adapters/esp8266_rtos_sdk/targets/wemos_esp_wroom_02_18650/build/bootloader_support/src/secure_boot.o
make[2]: Leaving directory '/work/adapters/esp8266_rtos_sdk/targets/wemos_esp_wroom_02_18650/build/bootloader/main'
CC adapters/esp8266_rtos_sdk/targets/wemos_esp_wroom_02_18650/build/freemodbus/modbus/mb_m.o
CC adapters/esp8266_rtos_sdk/targets/wemos_esp_wroom_02_18650/build/freertos/freertos/timers.o
make[2]: Entering directory '/work/adapters/esp8266_rtos_sdk/targets/wemos_esp_wroom_02_18650/build/bootloader/esptool_py'
make[2]: Leaving directory '/work/adapters/esp8266_rtos_sdk/targets/wemos_esp_wroom_02_18650/build/bootloader/esptool_py'
AR adapters/esp8266_rtos_sdk/targets/wemos_esp_wroom_02_18650/build/log/liblog.a
CC adapters/esp8266_rtos_sdk/targets/wemos_esp_wroom_02_18650/build/bootloader_support/src/secure_boot_signatures.o
CC adapters/esp8266_rtos_sdk/targets/wemos_esp_wroom_02_18650/build/lwip/apps/ping/esp_ping.o
make[1]: Leaving directory '/work/adapters/esp8266_rtos_sdk/targets/wemos_esp_wroom_02_18650/build/log'
CC adapters/esp8266_rtos_sdk/targets/wemos_esp_wroom_02_18650/build/lwip/apps/ping/ping.o
CC adapters/esp8266_rtos_sdk/targets/wemos_esp_wroom_02_18650/build/fatfs/src/ffunicode.o
AR adapters/esp8266_rtos_sdk/targets/wemos_esp_wroom_02_18650/build/bootloader_support/libbootloader_support.a
make[1]: Leaving directory '/work/adapters/esp8266_rtos_sdk/targets/wemos_esp_wroom_02_18650/build/bootloader_support'
CC adapters/esp8266_rtos_sdk/targets/wemos_esp_wroom_02_18650/build/ev_platform/ev_wdt_adapter.o
CC adapters/esp8266_rtos_sdk/targets/wemos_esp_wroom_02_18650/build/ev_platform/core/src/ev_actor_catalog.o
CC adapters/esp8266_rtos_sdk/targets/wemos_esp_wroom_02_18650/build/libsodium/port/randombytes_esp8266.o
make[1]: Entering directory '/work/adapters/esp8266_rtos_sdk/targets/wemos_esp_wroom_02_18650/build/main'
CC adapters/esp8266_rtos_sdk/targets/wemos_esp_wroom_02_18650/build/main/app_main.o
CC adapters/esp8266_rtos_sdk/targets/wemos_esp_wroom_02_18650/build/lwip/apps/ping/ping_sock.o
CC adapters/esp8266_rtos_sdk/targets/wemos_esp_wroom_02_18650/build/esp8266/driver/ledc.o
CC adapters/esp8266_rtos_sdk/targets/wemos_esp_wroom_02_18650/build/ev_platform/core/src/ev_actor_runtime.o
CC adapters/esp8266_rtos_sdk/targets/wemos_esp_wroom_02_18650/build/ev_platform/core/src/ev_dispose.o
CC adapters/esp8266_rtos_sdk/targets/wemos_esp_wroom_02_18650/build/libsodium/libsodium/src/libsodium/crypto_aead/chacha20poly1305/sodium/aead_chacha20poly1305.o
CC adapters/esp8266_rtos_sdk/targets/wemos_esp_wroom_02_18650/build/libsodium/libsodium/src/libsodium/crypto_aead/xchacha20poly1305/sodium/aead_xchacha20poly1305.o
CC adapters/esp8266_rtos_sdk/targets/wemos_esp_wroom_02_18650/build/esp8266/driver/pwm.o
CC adapters/esp8266_rtos_sdk/targets/wemos_esp_wroom_02_18650/build/freemodbus/modbus/ascii/mbascii.o
CC adapters/esp8266_rtos_sdk/targets/wemos_esp_wroom_02_18650/build/ev_platform/core/src/ev_domain_pump.o
CC adapters/esp8266_rtos_sdk/targets/wemos_esp_wroom_02_18650/build/lwip/apps/sntp/sntp.o
CC adapters/esp8266_rtos_sdk/targets/wemos_esp_wroom_02_18650/build/esp8266/driver/spi.o
CC adapters/esp8266_rtos_sdk/targets/wemos_esp_wroom_02_18650/build/libsodium/libsodium/src/libsodium/crypto_auth/crypto_auth.o
CC adapters/esp8266_rtos_sdk/targets/wemos_esp_wroom_02_18650/build/freemodbus/modbus/ascii/mbascii_m.o
make[1]: Entering directory '/work/adapters/esp8266_rtos_sdk/targets/wemos_esp_wroom_02_18650/build/mbedtls'
make[1]: Entering directory '/work/adapters/esp8266_rtos_sdk/targets/wemos_esp_wroom_02_18650/build/mdns'
AR adapters/esp8266_rtos_sdk/targets/wemos_esp_wroom_02_18650/build/mdns/libmdns.a
AR adapters/esp8266_rtos_sdk/targets/wemos_esp_wroom_02_18650/build/main/libmain.a
make[1]: Leaving directory '/work/adapters/esp8266_rtos_sdk/targets/wemos_esp_wroom_02_18650/build/mdns'
CC adapters/esp8266_rtos_sdk/targets/wemos_esp_wroom_02_18650/build/libsodium/libsodium/src/libsodium/crypto_auth/hmacsha256/auth_hmacsha256.o
CC adapters/esp8266_rtos_sdk/targets/wemos_esp_wroom_02_18650/build/esp8266/driver/uart.o
make[1]: Leaving directory '/work/adapters/esp8266_rtos_sdk/targets/wemos_esp_wroom_02_18650/build/main'
CC adapters/esp8266_rtos_sdk/targets/wemos_esp_wroom_02_18650/build/freemodbus/modbus/functions/mbfunccoils.o
CC adapters/esp8266_rtos_sdk/targets/wemos_esp_wroom_02_18650/build/mbedtls/mbedtls/library/aes.o
CC adapters/esp8266_rtos_sdk/targets/wemos_esp_wroom_02_18650/build/mbedtls/mbedtls/library/aesni.o
make[1]: Entering directory '/work/adapters/esp8266_rtos_sdk/targets/wemos_esp_wroom_02_18650/build/mqtt'
CC adapters/esp8266_rtos_sdk/targets/wemos_esp_wroom_02_18650/build/mbedtls/mbedtls/library/arc4.o
CC adapters/esp8266_rtos_sdk/targets/wemos_esp_wroom_02_18650/build/freemodbus/modbus/functions/mbfunccoils_m.o
CC adapters/esp8266_rtos_sdk/targets/wemos_esp_wroom_02_18650/build/mqtt/esp-mqtt/mqtt_client.o
CC adapters/esp8266_rtos_sdk/targets/wemos_esp_wroom_02_18650/build/mbedtls/mbedtls/library/aria.o
CC adapters/esp8266_rtos_sdk/targets/wemos_esp_wroom_02_18650/build/ev_platform/core/src/ev_event_catalog.o
CC adapters/esp8266_rtos_sdk/targets/wemos_esp_wroom_02_18650/build/freemodbus/modbus/functions/mbfuncdiag.o
AR adapters/esp8266_rtos_sdk/targets/wemos_esp_wroom_02_18650/build/console/libconsole.a
AS adapters/esp8266_rtos_sdk/targets/wemos_esp_wroom_02_18650/build/freertos/port/esp8266/os_cpu_a.o
make[1]: Leaving directory '/work/adapters/esp8266_rtos_sdk/targets/wemos_esp_wroom_02_18650/build/console'
CC adapters/esp8266_rtos_sdk/targets/wemos_esp_wroom_02_18650/build/ev_platform/core/src/ev_lease_pool.o
CC adapters/esp8266_rtos_sdk/targets/wemos_esp_wroom_02_18650/build/libsodium/libsodium/src/libsodium/crypto_auth/hmacsha512/auth_hmacsha512.o
CC adapters/esp8266_rtos_sdk/targets/wemos_esp_wroom_02_18650/build/ev_platform/core/src/ev_mailbox.o
AS adapters/esp8266_rtos_sdk/targets/wemos_esp_wroom_02_18650/build/freertos/port/esp8266/xtensa_context.o
CC adapters/esp8266_rtos_sdk/targets/wemos_esp_wroom_02_18650/build/esp8266/source/backtrace.o
CC adapters/esp8266_rtos_sdk/targets/wemos_esp_wroom_02_18650/build/lwip/lwip/src/api/api_lib.o
CC adapters/esp8266_rtos_sdk/targets/wemos_esp_wroom_02_18650/build/mbedtls/mbedtls/library/asn1parse.o
CC adapters/esp8266_rtos_sdk/targets/wemos_esp_wroom_02_18650/build/freemodbus/modbus/functions/mbfuncdisc.o
CC adapters/esp8266_rtos_sdk/targets/wemos_esp_wroom_02_18650/build/mbedtls/mbedtls/library/asn1write.o
make[1]: Entering directory '/work/adapters/esp8266_rtos_sdk/targets/wemos_esp_wroom_02_18650/build/newlib'
AS adapters/esp8266_rtos_sdk/targets/wemos_esp_wroom_02_18650/build/freertos/port/esp8266/xtensa_vectors.o
CC adapters/esp8266_rtos_sdk/targets/wemos_esp_wroom_02_18650/build/mqtt/esp-mqtt/lib/mqtt_msg.o
CC adapters/esp8266_rtos_sdk/targets/wemos_esp_wroom_02_18650/build/newlib/src/esp_malloc.o
CC adapters/esp8266_rtos_sdk/targets/wemos_esp_wroom_02_18650/build/ev_platform/core/src/ev_msg.o
CC adapters/esp8266_rtos_sdk/targets/wemos_esp_wroom_02_18650/build/newlib/src/locks.o
CC adapters/esp8266_rtos_sdk/targets/wemos_esp_wroom_02_18650/build/newlib/src/random.o
AR adapters/esp8266_rtos_sdk/targets/wemos_esp_wroom_02_18650/build/freertos/libfreertos.a
CC adapters/esp8266_rtos_sdk/targets/wemos_esp_wroom_02_18650/build/mbedtls/mbedtls/library/base64.o
make[1]: Leaving directory '/work/adapters/esp8266_rtos_sdk/targets/wemos_esp_wroom_02_18650/build/freertos'
CC adapters/esp8266_rtos_sdk/targets/wemos_esp_wroom_02_18650/build/libsodium/libsodium/src/libsodium/crypto_auth/hmacsha512256/auth_hmacsha512256.o
CC adapters/esp8266_rtos_sdk/targets/wemos_esp_wroom_02_18650/build/libsodium/libsodium/src/libsodium/crypto_box/crypto_box.o
CC adapters/esp8266_rtos_sdk/targets/wemos_esp_wroom_02_18650/build/ev_platform/core/src/ev_publish.o
CC adapters/esp8266_rtos_sdk/targets/wemos_esp_wroom_02_18650/build/lwip/lwip/src/api/api_msg.o
CC adapters/esp8266_rtos_sdk/targets/wemos_esp_wroom_02_18650/build/lwip/lwip/src/api/err.o
CC adapters/esp8266_rtos_sdk/targets/wemos_esp_wroom_02_18650/build/freemodbus/modbus/functions/mbfuncdisc_m.o
CC adapters/esp8266_rtos_sdk/targets/wemos_esp_wroom_02_18650/build/libsodium/libsodium/src/libsodium/crypto_box/crypto_box_easy.o
make[1]: Entering directory '/work/adapters/esp8266_rtos_sdk/targets/wemos_esp_wroom_02_18650/build/nvs_flash'
CC adapters/esp8266_rtos_sdk/targets/wemos_esp_wroom_02_18650/build/freemodbus/modbus/functions/mbfuncholding.o
CXX adapters/esp8266_rtos_sdk/targets/wemos_esp_wroom_02_18650/build/nvs_flash/src/nvs_api.o
CC adapters/esp8266_rtos_sdk/targets/wemos_esp_wroom_02_18650/build/ev_platform/core/src/ev_route_table.o
CC adapters/esp8266_rtos_sdk/targets/wemos_esp_wroom_02_18650/build/lwip/lwip/src/api/if_api.o
CC adapters/esp8266_rtos_sdk/targets/wemos_esp_wroom_02_18650/build/freemodbus/modbus/functions/mbfuncholding_m.o
make[1]: Entering directory '/work/adapters/esp8266_rtos_sdk/targets/wemos_esp_wroom_02_18650/build/openssl'
CC adapters/esp8266_rtos_sdk/targets/wemos_esp_wroom_02_18650/build/openssl/library/ssl_cert.o
CC adapters/esp8266_rtos_sdk/targets/wemos_esp_wroom_02_18650/build/mbedtls/mbedtls/library/bignum.o
CC adapters/esp8266_rtos_sdk/targets/wemos_esp_wroom_02_18650/build/esp8266/source/chip_boot.o
CC adapters/esp8266_rtos_sdk/targets/wemos_esp_wroom_02_18650/build/newlib/src/reent_init.o
AR adapters/esp8266_rtos_sdk/targets/wemos_esp_wroom_02_18650/build/json/libjson.a
CC adapters/esp8266_rtos_sdk/targets/wemos_esp_wroom_02_18650/build/lwip/lwip/src/api/netbuf.o
make[1]: Leaving directory '/work/adapters/esp8266_rtos_sdk/targets/wemos_esp_wroom_02_18650/build/json'
CC adapters/esp8266_rtos_sdk/targets/wemos_esp_wroom_02_18650/build/openssl/library/ssl_lib.o
CC adapters/esp8266_rtos_sdk/targets/wemos_esp_wroom_02_18650/build/esp8266/source/crc.o
CXX adapters/esp8266_rtos_sdk/targets/wemos_esp_wroom_02_18650/build/nvs_flash/src/nvs_item_hash_list.o
CC adapters/esp8266_rtos_sdk/targets/wemos_esp_wroom_02_18650/build/libsodium/libsodium/src/libsodium/crypto_box/crypto_box_seal.o
CC adapters/esp8266_rtos_sdk/targets/wemos_esp_wroom_02_18650/build/ev_platform/core/src/ev_send.o
CC adapters/esp8266_rtos_sdk/targets/wemos_esp_wroom_02_18650/build/ev_platform/core/src/ev_system_pump.o
CXX adapters/esp8266_rtos_sdk/targets/wemos_esp_wroom_02_18650/build/nvs_flash/src/nvs_page.o
CC adapters/esp8266_rtos_sdk/targets/wemos_esp_wroom_02_18650/build/mqtt/esp-mqtt/lib/mqtt_outbox.o
CC adapters/esp8266_rtos_sdk/targets/wemos_esp_wroom_02_18650/build/ev_platform/core/src/ev_version.o
CC adapters/esp8266_rtos_sdk/targets/wemos_esp_wroom_02_18650/build/lwip/lwip/src/api/netdb.o
CC adapters/esp8266_rtos_sdk/targets/wemos_esp_wroom_02_18650/build/libsodium/libsodium/src/libsodium/crypto_box/curve25519xsalsa20poly1305/box_curve25519xsalsa20poly1305.o
CC adapters/esp8266_rtos_sdk/targets/wemos_esp_wroom_02_18650/build/freemodbus/modbus/functions/mbfuncinput.o
CC adapters/esp8266_rtos_sdk/targets/wemos_esp_wroom_02_18650/build/openssl/library/ssl_methods.o
CC adapters/esp8266_rtos_sdk/targets/wemos_esp_wroom_02_18650/build/mbedtls/mbedtls/library/blowfish.o
AR adapters/esp8266_rtos_sdk/targets/wemos_esp_wroom_02_18650/build/http_parser/libhttp_parser.a
make[1]: Leaving directory '/work/adapters/esp8266_rtos_sdk/targets/wemos_esp_wroom_02_18650/build/http_parser'
CC adapters/esp8266_rtos_sdk/targets/wemos_esp_wroom_02_18650/build/openssl/library/ssl_pkey.o
CC adapters/esp8266_rtos_sdk/targets/wemos_esp_wroom_02_18650/build/newlib/src/select.o
CC adapters/esp8266_rtos_sdk/targets/wemos_esp_wroom_02_18650/build/openssl/library/ssl_stack.o
CC adapters/esp8266_rtos_sdk/targets/wemos_esp_wroom_02_18650/build/openssl/library/ssl_x509.o
CC adapters/esp8266_rtos_sdk/targets/wemos_esp_wroom_02_18650/build/esp8266/source/esp_fast_boot.o
CC adapters/esp8266_rtos_sdk/targets/wemos_esp_wroom_02_18650/build/libsodium/libsodium/src/libsodium/crypto_core/curve25519/ref10/curve25519_ref10.o
CC adapters/esp8266_rtos_sdk/targets/wemos_esp_wroom_02_18650/build/esp8266/source/esp_fsleep.o
CC adapters/esp8266_rtos_sdk/targets/wemos_esp_wroom_02_18650/build/lwip/lwip/src/api/netifapi.o
CC adapters/esp8266_rtos_sdk/targets/wemos_esp_wroom_02_18650/build/ev_platform/actors/device/ev_ds18b20_actor.o
CC adapters/esp8266_rtos_sdk/targets/wemos_esp_wroom_02_18650/build/freemodbus/modbus/functions/mbfuncinput_m.o
CC adapters/esp8266_rtos_sdk/targets/wemos_esp_wroom_02_18650/build/libsodium/libsodium/src/libsodium/crypto_core/hchacha20/core_hchacha20.o
CC adapters/esp8266_rtos_sdk/targets/wemos_esp_wroom_02_18650/build/libsodium/libsodium/src/libsodium/crypto_core/hsalsa20/ref2/core_hsalsa20_ref2.o
CXX adapters/esp8266_rtos_sdk/targets/wemos_esp_wroom_02_18650/build/nvs_flash/src/nvs_pagemanager.o
CC adapters/esp8266_rtos_sdk/targets/wemos_esp_wroom_02_18650/build/newlib/src/syscall.o
CC adapters/esp8266_rtos_sdk/targets/wemos_esp_wroom_02_18650/build/ev_platform/actors/device/ev_mcp23008_actor.o
AR adapters/esp8266_rtos_sdk/targets/wemos_esp_wroom_02_18650/build/fatfs/libfatfs.a
make[1]: Leaving directory '/work/adapters/esp8266_rtos_sdk/targets/wemos_esp_wroom_02_18650/build/fatfs'
CC adapters/esp8266_rtos_sdk/targets/wemos_esp_wroom_02_18650/build/ev_platform/actors/device/ev_oled_actor.o
CC adapters/esp8266_rtos_sdk/targets/wemos_esp_wroom_02_18650/build/esp8266/source/esp_sleep.o
CC adapters/esp8266_rtos_sdk/targets/wemos_esp_wroom_02_18650/build/esp8266/source/esp_timer.o
CC adapters/esp8266_rtos_sdk/targets/wemos_esp_wroom_02_18650/build/mbedtls/mbedtls/library/camellia.o
CXX adapters/esp8266_rtos_sdk/targets/wemos_esp_wroom_02_18650/build/nvs_flash/src/nvs_storage.o
CC adapters/esp8266_rtos_sdk/targets/wemos_esp_wroom_02_18650/build/libsodium/libsodium/src/libsodium/crypto_core/hsalsa20/core_hsalsa20.o
CC adapters/esp8266_rtos_sdk/targets/wemos_esp_wroom_02_18650/build/ev_platform/actors/device/ev_panel_actor.o
CC adapters/esp8266_rtos_sdk/targets/wemos_esp_wroom_02_18650/build/openssl/platform/ssl_pm.o
CC adapters/esp8266_rtos_sdk/targets/wemos_esp_wroom_02_18650/build/freemodbus/modbus/functions/mbfuncother.o
CC adapters/esp8266_rtos_sdk/targets/wemos_esp_wroom_02_18650/build/lwip/lwip/src/api/sockets.o
CC adapters/esp8266_rtos_sdk/targets/wemos_esp_wroom_02_18650/build/openssl/platform/ssl_port.o
CXX adapters/esp8266_rtos_sdk/targets/wemos_esp_wroom_02_18650/build/nvs_flash/src/nvs_types.o
CC adapters/esp8266_rtos_sdk/targets/wemos_esp_wroom_02_18650/build/newlib/src/termios.o
make[1]: Entering directory '/work/adapters/esp8266_rtos_sdk/targets/wemos_esp_wroom_02_18650/build/protobuf-c'
CC adapters/esp8266_rtos_sdk/targets/wemos_esp_wroom_02_18650/build/protobuf-c/protobuf-c/protobuf-c/protobuf-c.o
CC adapters/esp8266_rtos_sdk/targets/wemos_esp_wroom_02_18650/build/freemodbus/modbus/functions/mbutils.o
make[1]: Entering directory '/work/adapters/esp8266_rtos_sdk/targets/wemos_esp_wroom_02_18650/build/protocomm'
AR adapters/esp8266_rtos_sdk/targets/wemos_esp_wroom_02_18650/build/protocomm/libprotocomm.a
make[1]: Entering directory '/work/adapters/esp8266_rtos_sdk/targets/wemos_esp_wroom_02_18650/build/pthread'
CC adapters/esp8266_rtos_sdk/targets/wemos_esp_wroom_02_18650/build/pthread/pthread.o
make[1]: Leaving directory '/work/adapters/esp8266_rtos_sdk/targets/wemos_esp_wroom_02_18650/build/protocomm'
make[1]: Entering directory '/work/adapters/esp8266_rtos_sdk/targets/wemos_esp_wroom_02_18650/build/spi_flash'
CC adapters/esp8266_rtos_sdk/targets/wemos_esp_wroom_02_18650/build/spi_flash/src/partition.o
CC adapters/esp8266_rtos_sdk/targets/wemos_esp_wroom_02_18650/build/mbedtls/mbedtls/library/ccm.o
make[1]: Entering directory '/work/adapters/esp8266_rtos_sdk/targets/wemos_esp_wroom_02_18650/build/spi_ram'
CC adapters/esp8266_rtos_sdk/targets/wemos_esp_wroom_02_18650/build/spi_ram/spi_ram.o
CC adapters/esp8266_rtos_sdk/targets/wemos_esp_wroom_02_18650/build/freemodbus/modbus/rtu/mbcrc.o
CC adapters/esp8266_rtos_sdk/targets/wemos_esp_wroom_02_18650/build/newlib/src/time.o
CC adapters/esp8266_rtos_sdk/targets/wemos_esp_wroom_02_18650/build/mqtt/esp-mqtt/lib/platform_esp32_idf.o
CC adapters/esp8266_rtos_sdk/targets/wemos_esp_wroom_02_18650/build/lwip/lwip/src/api/tcpip.o
CC adapters/esp8266_rtos_sdk/targets/wemos_esp_wroom_02_18650/build/ev_platform/actors/device/ev_rtc_actor.o
CC adapters/esp8266_rtos_sdk/targets/wemos_esp_wroom_02_18650/build/spi_flash/src/spi_flash.o
CC adapters/esp8266_rtos_sdk/targets/wemos_esp_wroom_02_18650/build/libsodium/libsodium/src/libsodium/crypto_core/salsa/ref/core_salsa_ref.o
CC adapters/esp8266_rtos_sdk/targets/wemos_esp_wroom_02_18650/build/spi_flash/src/spi_flash_raw.o
CC adapters/esp8266_rtos_sdk/targets/wemos_esp_wroom_02_18650/build/esp8266/source/esp_wifi.o
CC adapters/esp8266_rtos_sdk/targets/wemos_esp_wroom_02_18650/build/freemodbus/modbus/rtu/mbrtu.o
CC adapters/esp8266_rtos_sdk/targets/wemos_esp_wroom_02_18650/build/mbedtls/mbedtls/library/certs.o
AR adapters/esp8266_rtos_sdk/targets/wemos_esp_wroom_02_18650/build/openssl/libopenssl.a
make[1]: Leaving directory '/work/adapters/esp8266_rtos_sdk/targets/wemos_esp_wroom_02_18650/build/openssl'
CC adapters/esp8266_rtos_sdk/targets/wemos_esp_wroom_02_18650/build/lwip/lwip/src/apps/sntp/sntp.o
CC adapters/esp8266_rtos_sdk/targets/wemos_esp_wroom_02_18650/build/ev_platform/actors/framework/ev_command_actor.o
AR adapters/esp8266_rtos_sdk/targets/wemos_esp_wroom_02_18650/build/mqtt/libmqtt.a
AR adapters/esp8266_rtos_sdk/targets/wemos_esp_wroom_02_18650/build/newlib/libnewlib.a
make[1]: Leaving directory '/work/adapters/esp8266_rtos_sdk/targets/wemos_esp_wroom_02_18650/build/mqtt'
CC adapters/esp8266_rtos_sdk/targets/wemos_esp_wroom_02_18650/build/esp8266/source/esp_wifi_os_adapter.o
CC adapters/esp8266_rtos_sdk/targets/wemos_esp_wroom_02_18650/build/libsodium/libsodium/src/libsodium/crypto_generichash/crypto_generichash.o
CC adapters/esp8266_rtos_sdk/targets/wemos_esp_wroom_02_18650/build/freemodbus/modbus/rtu/mbrtu_m.o
make[1]: Leaving directory '/work/adapters/esp8266_rtos_sdk/targets/wemos_esp_wroom_02_18650/build/newlib'
CC adapters/esp8266_rtos_sdk/targets/wemos_esp_wroom_02_18650/build/spi_ram/spi_ram_fifo.o
CC adapters/esp8266_rtos_sdk/targets/wemos_esp_wroom_02_18650/build/pthread/pthread_cond_var.o
CC adapters/esp8266_rtos_sdk/targets/wemos_esp_wroom_02_18650/build/lwip/lwip/src/apps/netbiosns/netbiosns.o
CC adapters/esp8266_rtos_sdk/targets/wemos_esp_wroom_02_18650/build/libsodium/libsodium/src/libsodium/crypto_generichash/blake2b/generichash_blake2.o
make[1]: Entering directory '/work/adapters/esp8266_rtos_sdk/targets/wemos_esp_wroom_02_18650/build/spiffs'
CC adapters/esp8266_rtos_sdk/targets/wemos_esp_wroom_02_18650/build/lwip/lwip/src/core/altcp.o
CC adapters/esp8266_rtos_sdk/targets/wemos_esp_wroom_02_18650/build/spiffs/esp_spiffs.o
CC adapters/esp8266_rtos_sdk/targets/wemos_esp_wroom_02_18650/build/lwip/lwip/src/core/altcp_alloc.o
CC adapters/esp8266_rtos_sdk/targets/wemos_esp_wroom_02_18650/build/pthread/pthread_local_storage.o
CC adapters/esp8266_rtos_sdk/targets/wemos_esp_wroom_02_18650/build/mbedtls/mbedtls/library/chacha20.o
CC adapters/esp8266_rtos_sdk/targets/wemos_esp_wroom_02_18650/build/lwip/lwip/src/core/altcp_tcp.o
AR adapters/esp8266_rtos_sdk/targets/wemos_esp_wroom_02_18650/build/spi_flash/libspi_flash.a
make[1]: Leaving directory '/work/adapters/esp8266_rtos_sdk/targets/wemos_esp_wroom_02_18650/build/spi_flash'
CC adapters/esp8266_rtos_sdk/targets/wemos_esp_wroom_02_18650/build/lwip/lwip/src/core/def.o
CC adapters/esp8266_rtos_sdk/targets/wemos_esp_wroom_02_18650/build/freemodbus/modbus/tcp/mbtcp.o
CC adapters/esp8266_rtos_sdk/targets/wemos_esp_wroom_02_18650/build/ev_platform/actors/framework/ev_network_actor.o
CC adapters/esp8266_rtos_sdk/targets/wemos_esp_wroom_02_18650/build/esp8266/source/ets_printf.o
CC adapters/esp8266_rtos_sdk/targets/wemos_esp_wroom_02_18650/build/spiffs/spiffs_api.o
CC adapters/esp8266_rtos_sdk/targets/wemos_esp_wroom_02_18650/build/esp8266/source/hw_random.o
CC adapters/esp8266_rtos_sdk/targets/wemos_esp_wroom_02_18650/build/libsodium/libsodium/src/libsodium/crypto_generichash/blake2b/ref/blake2b-compress-avx2.o
CC adapters/esp8266_rtos_sdk/targets/wemos_esp_wroom_02_18650/build/mbedtls/mbedtls/library/chachapoly.o
make[1]: Entering directory '/work/adapters/esp8266_rtos_sdk/targets/wemos_esp_wroom_02_18650/build/tcp_transport'
AR adapters/esp8266_rtos_sdk/targets/wemos_esp_wroom_02_18650/build/spi_ram/libspi_ram.a
CC adapters/esp8266_rtos_sdk/targets/wemos_esp_wroom_02_18650/build/esp8266/source/phy_init.o
CC adapters/esp8266_rtos_sdk/targets/wemos_esp_wroom_02_18650/build/tcp_transport/transport.o
make[1]: Leaving directory '/work/adapters/esp8266_rtos_sdk/targets/wemos_esp_wroom_02_18650/build/spi_ram'
CC adapters/esp8266_rtos_sdk/targets/wemos_esp_wroom_02_18650/build/freemodbus/modbus/tcp/mbtcp_m.o
CC adapters/esp8266_rtos_sdk/targets/wemos_esp_wroom_02_18650/build/ev_platform/actors/framework/ev_power_actor.o
CC adapters/esp8266_rtos_sdk/targets/wemos_esp_wroom_02_18650/build/esp8266/source/reset_reason.o
CC adapters/esp8266_rtos_sdk/targets/wemos_esp_wroom_02_18650/build/tcp_transport/transport_ssl.o
AR adapters/esp8266_rtos_sdk/targets/wemos_esp_wroom_02_18650/build/pthread/libpthread.a
CC adapters/esp8266_rtos_sdk/targets/wemos_esp_wroom_02_18650/build/esp8266/source/rom.o
CC adapters/esp8266_rtos_sdk/targets/wemos_esp_wroom_02_18650/build/spiffs/spiffs/src/spiffs_cache.o
make[1]: Leaving directory '/work/adapters/esp8266_rtos_sdk/targets/wemos_esp_wroom_02_18650/build/pthread'
CC adapters/esp8266_rtos_sdk/targets/wemos_esp_wroom_02_18650/build/ev_platform/actors/framework/ev_supervisor_actor.o
CC adapters/esp8266_rtos_sdk/targets/wemos_esp_wroom_02_18650/build/ev_platform/actors/framework/ev_watchdog_actor.o
CC adapters/esp8266_rtos_sdk/targets/wemos_esp_wroom_02_18650/build/spiffs/spiffs/src/spiffs_check.o
CC adapters/esp8266_rtos_sdk/targets/wemos_esp_wroom_02_18650/build/ev_platform/runtime/src/ev_active_route_table.o
CC adapters/esp8266_rtos_sdk/targets/wemos_esp_wroom_02_18650/build/spiffs/spiffs/src/spiffs_gc.o
CC adapters/esp8266_rtos_sdk/targets/wemos_esp_wroom_02_18650/build/spiffs/spiffs/src/spiffs_hydrogen.o
CC adapters/esp8266_rtos_sdk/targets/wemos_esp_wroom_02_18650/build/freemodbus/tcp_slave/port/port_tcp_slave.o
CC adapters/esp8266_rtos_sdk/targets/wemos_esp_wroom_02_18650/build/tcp_transport/transport_tcp.o
CC adapters/esp8266_rtos_sdk/targets/wemos_esp_wroom_02_18650/build/lwip/lwip/src/core/dns.o
CC adapters/esp8266_rtos_sdk/targets/wemos_esp_wroom_02_18650/build/libsodium/libsodium/src/libsodium/crypto_generichash/blake2b/ref/blake2b-compress-ref.o
CC adapters/esp8266_rtos_sdk/targets/wemos_esp_wroom_02_18650/build/spiffs/spiffs/src/spiffs_nucleus.o
CC adapters/esp8266_rtos_sdk/targets/wemos_esp_wroom_02_18650/build/esp8266/source/smartconfig.o
CC adapters/esp8266_rtos_sdk/targets/wemos_esp_wroom_02_18650/build/tcp_transport/transport_utils.o
make[1]: Entering directory '/work/adapters/esp8266_rtos_sdk/targets/wemos_esp_wroom_02_18650/build/tcpip_adapter'
make[2]: Entering directory '/work/adapters/esp8266_rtos_sdk/targets/wemos_esp_wroom_02_18650/build/bootloader/main'
CC adapters/esp8266_rtos_sdk/targets/wemos_esp_wroom_02_18650/build/tcpip_adapter/esp_netif.o
CC build/bootloader/main/bootloader_start.o
CC adapters/esp8266_rtos_sdk/targets/wemos_esp_wroom_02_18650/build/mbedtls/mbedtls/library/cipher.o
CC adapters/esp8266_rtos_sdk/targets/wemos_esp_wroom_02_18650/build/ev_platform/runtime/src/ev_actor_instance.o
CC adapters/esp8266_rtos_sdk/targets/wemos_esp_wroom_02_18650/build/esp8266/source/smartconfig_ack.o
CC adapters/esp8266_rtos_sdk/targets/wemos_esp_wroom_02_18650/build/lwip/lwip/src/core/inet_chksum.o
CC adapters/esp8266_rtos_sdk/targets/wemos_esp_wroom_02_18650/build/ev_platform/runtime/src/ev_actor_modules.o
AR build/bootloader/main/libmain.a
make[2]: Leaving directory '/work/adapters/esp8266_rtos_sdk/targets/wemos_esp_wroom_02_18650/build/bootloader/main'
make[2]: Entering directory '/work/adapters/esp8266_rtos_sdk/targets/wemos_esp_wroom_02_18650/build/bootloader/bootloader_support'
CC adapters/esp8266_rtos_sdk/targets/wemos_esp_wroom_02_18650/build/freemodbus/tcp_slave/modbus_controller/mbc_tcp_slave.o
CC build/bootloader/bootloader_support/src/bootloader_clock.o
CC adapters/esp8266_rtos_sdk/targets/wemos_esp_wroom_02_18650/build/esp8266/source/startup.o
CC adapters/esp8266_rtos_sdk/targets/wemos_esp_wroom_02_18650/build/lwip/lwip/src/core/init.o
CC build/bootloader/bootloader_support/src/bootloader_common.o
CC adapters/esp8266_rtos_sdk/targets/wemos_esp_wroom_02_18650/build/tcpip_adapter/event_handlers.o
make[1]: Entering directory '/work/adapters/esp8266_rtos_sdk/targets/wemos_esp_wroom_02_18650/build/vfs'
CC adapters/esp8266_rtos_sdk/targets/wemos_esp_wroom_02_18650/build/vfs/vfs.o
make[2]: Entering directory '/work/adapters/esp8266_rtos_sdk/targets/wemos_esp_wroom_02_18650/build/bootloader/spi_flash'
CC build/bootloader/spi_flash/src/spi_flash.o
CC adapters/esp8266_rtos_sdk/targets/wemos_esp_wroom_02_18650/build/tcp_transport/transport_ws.o
CC adapters/esp8266_rtos_sdk/targets/wemos_esp_wroom_02_18650/build/ev_platform/runtime/src/ev_actor_publish_port.o
CC adapters/esp8266_rtos_sdk/targets/wemos_esp_wroom_02_18650/build/ev_platform/runtime/src/ev_command_security.o
CC build/bootloader/bootloader_support/src/bootloader_flash.o
make[2]: Entering directory '/work/adapters/esp8266_rtos_sdk/targets/wemos_esp_wroom_02_18650/build/bootloader/log'
CC build/bootloader/log/log.o
CC adapters/esp8266_rtos_sdk/targets/wemos_esp_wroom_02_18650/build/freemodbus/tcp_master/port/port_tcp_master.o
CC adapters/esp8266_rtos_sdk/targets/wemos_esp_wroom_02_18650/build/vfs/vfs_semihost.o
CC build/bootloader/spi_flash/src/spi_flash_raw.o
CC adapters/esp8266_rtos_sdk/targets/wemos_esp_wroom_02_18650/build/freemodbus/tcp_master/modbus_controller/mbc_tcp_master.o
CC adapters/esp8266_rtos_sdk/targets/wemos_esp_wroom_02_18650/build/mbedtls/mbedtls/library/cipher_wrap.o
CC adapters/esp8266_rtos_sdk/targets/wemos_esp_wroom_02_18650/build/esp8266/source/system_api.o
CC build/bootloader/bootloader_support/src/bootloader_init.o
CC build/bootloader/bootloader_support/src/bootloader_random.o
CC adapters/esp8266_rtos_sdk/targets/wemos_esp_wroom_02_18650/build/ev_platform/runtime/src/ev_delivery_service.o
CC adapters/esp8266_rtos_sdk/targets/wemos_esp_wroom_02_18650/build/lwip/lwip/src/core/ip.o
CC adapters/esp8266_rtos_sdk/targets/wemos_esp_wroom_02_18650/build/tcpip_adapter/tcpip_adapter_lwip.o
AR build/bootloader/log/liblog.a
CC build/bootloader/spi_flash/port/port.o
make[2]: Leaving directory '/work/adapters/esp8266_rtos_sdk/targets/wemos_esp_wroom_02_18650/build/bootloader/log'
CC adapters/esp8266_rtos_sdk/targets/wemos_esp_wroom_02_18650/build/freemodbus/port/port.o
CC adapters/esp8266_rtos_sdk/targets/wemos_esp_wroom_02_18650/build/libsodium/libsodium/src/libsodium/crypto_generichash/blake2b/ref/blake2b-compress-sse41.o
CC adapters/esp8266_rtos_sdk/targets/wemos_esp_wroom_02_18650/build/vfs/vfs_uart.o
CC adapters/esp8266_rtos_sdk/targets/wemos_esp_wroom_02_18650/build/ev_platform/runtime/src/ev_fault_bus.o
CC adapters/esp8266_rtos_sdk/targets/wemos_esp_wroom_02_18650/build/libsodium/libsodium/src/libsodium/crypto_generichash/blake2b/ref/blake2b-compress-ssse3.o
CC adapters/esp8266_rtos_sdk/targets/wemos_esp_wroom_02_18650/build/mbedtls/mbedtls/library/cmac.o
AR build/bootloader/spi_flash/libspi_flash.a
CC build/bootloader/bootloader_support/src/bootloader_sha.o
make[2]: Leaving directory '/work/adapters/esp8266_rtos_sdk/targets/wemos_esp_wroom_02_18650/build/bootloader/spi_flash'
CC adapters/esp8266_rtos_sdk/targets/wemos_esp_wroom_02_18650/build/libsodium/libsodium/src/libsodium/crypto_generichash/blake2b/ref/blake2b-ref.o
CC adapters/esp8266_rtos_sdk/targets/wemos_esp_wroom_02_18650/build/lwip/lwip/src/core/mem.o
CC build/bootloader/bootloader_support/src/bootloader_utility.o
CC adapters/esp8266_rtos_sdk/targets/wemos_esp_wroom_02_18650/build/lwip/lwip/src/core/memp.o
CC adapters/esp8266_rtos_sdk/targets/wemos_esp_wroom_02_18650/build/lwip/lwip/src/core/netif.o
AR adapters/esp8266_rtos_sdk/targets/wemos_esp_wroom_02_18650/build/nvs_flash/libnvs_flash.a
make[1]: Leaving directory '/work/adapters/esp8266_rtos_sdk/targets/wemos_esp_wroom_02_18650/build/nvs_flash'
CC adapters/esp8266_rtos_sdk/targets/wemos_esp_wroom_02_18650/build/ev_platform/runtime/src/ev_ingress_service.o
CC adapters/esp8266_rtos_sdk/targets/wemos_esp_wroom_02_18650/build/freemodbus/port/portevent.o
CC adapters/esp8266_rtos_sdk/targets/wemos_esp_wroom_02_18650/build/mbedtls/mbedtls/library/ctr_drbg.o
CC adapters/esp8266_rtos_sdk/targets/wemos_esp_wroom_02_18650/build/mbedtls/mbedtls/library/debug.o
CC adapters/esp8266_rtos_sdk/targets/wemos_esp_wroom_02_18650/build/mbedtls/mbedtls/library/des.o
make[2]: Entering directory '/work/adapters/esp8266_rtos_sdk/targets/wemos_esp_wroom_02_18650/build/bootloader/esp8266'
CC build/bootloader/bootloader_support/src/efuse.o
CC build/bootloader/esp8266/source/ets_printf.o
AR adapters/esp8266_rtos_sdk/targets/wemos_esp_wroom_02_18650/build/tcp_transport/libtcp_transport.a
CC adapters/esp8266_rtos_sdk/targets/wemos_esp_wroom_02_18650/build/esp8266/source/task_wdt.o
make[1]: Leaving directory '/work/adapters/esp8266_rtos_sdk/targets/wemos_esp_wroom_02_18650/build/tcp_transport'
make[1]: Entering directory '/work/adapters/esp8266_rtos_sdk/targets/wemos_esp_wroom_02_18650/build/wear_levelling'
CC build/bootloader/bootloader_support/src/esp_image_format.o
CXX adapters/esp8266_rtos_sdk/targets/wemos_esp_wroom_02_18650/build/wear_levelling/Partition.o
CC adapters/esp8266_rtos_sdk/targets/wemos_esp_wroom_02_18650/build/mbedtls/mbedtls/library/dhm.o
CC build/bootloader/bootloader_support/src/flash_encrypt.o
CC adapters/esp8266_rtos_sdk/targets/wemos_esp_wroom_02_18650/build/freemodbus/port/portevent_m.o
CC adapters/esp8266_rtos_sdk/targets/wemos_esp_wroom_02_18650/build/ev_platform/runtime/src/ev_metrics_registry.o
AR adapters/esp8266_rtos_sdk/targets/wemos_esp_wroom_02_18650/build/protobuf-c/libprotobuf-c.a
CC build/bootloader/esp8266/source/crc.o
CC adapters/esp8266_rtos_sdk/targets/wemos_esp_wroom_02_18650/build/freemodbus/port/portother.o
make[1]: Leaving directory '/work/adapters/esp8266_rtos_sdk/targets/wemos_esp_wroom_02_18650/build/protobuf-c'
CC build/bootloader/esp8266/source/esp_fast_boot.o
CC adapters/esp8266_rtos_sdk/targets/wemos_esp_wroom_02_18650/build/freemodbus/port/portother_m.o
CC adapters/esp8266_rtos_sdk/targets/wemos_esp_wroom_02_18650/build/freemodbus/port/porttimer.o
CC adapters/esp8266_rtos_sdk/targets/wemos_esp_wroom_02_18650/build/freemodbus/port/porttimer_m.o
CC adapters/esp8266_rtos_sdk/targets/wemos_esp_wroom_02_18650/build/mbedtls/mbedtls/library/ecdh.o
CC build/bootloader/bootloader_support/src/flash_partitions.o
AR adapters/esp8266_rtos_sdk/targets/wemos_esp_wroom_02_18650/build/esp8266/libesp8266.a
CXX adapters/esp8266_rtos_sdk/targets/wemos_esp_wroom_02_18650/build/wear_levelling/SPI_Flash.o
CC adapters/esp8266_rtos_sdk/targets/wemos_esp_wroom_02_18650/build/ev_platform/runtime/src/ev_network_outbox.o
make[1]: Leaving directory '/work/adapters/esp8266_rtos_sdk/targets/wemos_esp_wroom_02_18650/build/esp8266'
CC build/bootloader/bootloader_support/src/flash_qio_mode.o
make[1]: Entering directory '/work/adapters/esp8266_rtos_sdk/targets/wemos_esp_wroom_02_18650/build/wifi_provisioning'
AR adapters/esp8266_rtos_sdk/targets/wemos_esp_wroom_02_18650/build/wifi_provisioning/libwifi_provisioning.a
CC adapters/esp8266_rtos_sdk/targets/wemos_esp_wroom_02_18650/build/libsodium/libsodium/src/libsodium/crypto_generichash/blake2b/ref/generichash_blake2b.o
AR build/bootloader/esp8266/libesp8266.a
make[1]: Leaving directory '/work/adapters/esp8266_rtos_sdk/targets/wemos_esp_wroom_02_18650/build/wifi_provisioning'
CC adapters/esp8266_rtos_sdk/targets/wemos_esp_wroom_02_18650/build/mbedtls/mbedtls/library/ecdsa.o
make[2]: Leaving directory '/work/adapters/esp8266_rtos_sdk/targets/wemos_esp_wroom_02_18650/build/bootloader/esp8266'
CC adapters/esp8266_rtos_sdk/targets/wemos_esp_wroom_02_18650/build/lwip/lwip/src/core/pbuf.o
CXX adapters/esp8266_rtos_sdk/targets/wemos_esp_wroom_02_18650/build/wear_levelling/WL_Ext_Perf.o
CC adapters/esp8266_rtos_sdk/targets/wemos_esp_wroom_02_18650/build/libsodium/libsodium/src/libsodium/crypto_hash/crypto_hash.o
CC adapters/esp8266_rtos_sdk/targets/wemos_esp_wroom_02_18650/build/ev_platform/runtime/src/ev_power_manager.o
CC adapters/esp8266_rtos_sdk/targets/wemos_esp_wroom_02_18650/build/mbedtls/mbedtls/library/ecjpake.o
CC build/bootloader/bootloader_support/src/secure_boot.o
CXX adapters/esp8266_rtos_sdk/targets/wemos_esp_wroom_02_18650/build/wear_levelling/WL_Ext_Safe.o
CC adapters/esp8266_rtos_sdk/targets/wemos_esp_wroom_02_18650/build/libsodium/libsodium/src/libsodium/crypto_hash/sha256/hash_sha256.o
CC adapters/esp8266_rtos_sdk/targets/wemos_esp_wroom_02_18650/build/ev_platform/runtime/src/ev_power_state_machine.o
CC adapters/esp8266_rtos_sdk/targets/wemos_esp_wroom_02_18650/build/libsodium/libsodium/src/libsodium/crypto_hash/sha512/hash_sha512.o
CC build/bootloader/bootloader_support/src/secure_boot_signatures.o
CC adapters/esp8266_rtos_sdk/targets/wemos_esp_wroom_02_18650/build/libsodium/libsodium/src/libsodium/crypto_kdf/blake2b/kdf_blake2b.o
CC adapters/esp8266_rtos_sdk/targets/wemos_esp_wroom_02_18650/build/lwip/lwip/src/core/raw.o
make[1]: Entering directory '/work/adapters/esp8266_rtos_sdk/targets/wemos_esp_wroom_02_18650/build/wpa_supplicant'
CC adapters/esp8266_rtos_sdk/targets/wemos_esp_wroom_02_18650/build/ev_platform/runtime/src/ev_qos_contract.o
CC adapters/esp8266_rtos_sdk/targets/wemos_esp_wroom_02_18650/build/lwip/lwip/src/core/stats.o
CXX adapters/esp8266_rtos_sdk/targets/wemos_esp_wroom_02_18650/build/wear_levelling/WL_Flash.o
CC adapters/esp8266_rtos_sdk/targets/wemos_esp_wroom_02_18650/build/libsodium/libsodium/src/libsodium/crypto_kdf/crypto_kdf.o
AR build/bootloader/bootloader_support/libbootloader_support.a
AR adapters/esp8266_rtos_sdk/targets/wemos_esp_wroom_02_18650/build/freemodbus/libfreemodbus.a
CC adapters/esp8266_rtos_sdk/targets/wemos_esp_wroom_02_18650/build/mbedtls/mbedtls/library/ecp.o
CC adapters/esp8266_rtos_sdk/targets/wemos_esp_wroom_02_18650/build/lwip/lwip/src/core/sys.o
make[2]: Leaving directory '/work/adapters/esp8266_rtos_sdk/targets/wemos_esp_wroom_02_18650/build/bootloader/bootloader_support'
LD build/bootloader/bootloader.elf
make[1]: Leaving directory '/work/adapters/esp8266_rtos_sdk/targets/wemos_esp_wroom_02_18650/build/freemodbus'
CXX adapters/esp8266_rtos_sdk/targets/wemos_esp_wroom_02_18650/build/wear_levelling/crc32.o
CC adapters/esp8266_rtos_sdk/targets/wemos_esp_wroom_02_18650/build/mbedtls/mbedtls/library/ecp_curves.o
CC adapters/esp8266_rtos_sdk/targets/wemos_esp_wroom_02_18650/build/mbedtls/mbedtls/library/entropy.o
CC adapters/esp8266_rtos_sdk/targets/wemos_esp_wroom_02_18650/build/mbedtls/mbedtls/library/entropy_poll.o
CC adapters/esp8266_rtos_sdk/targets/wemos_esp_wroom_02_18650/build/wpa_supplicant/port/os_xtensa.o
CC adapters/esp8266_rtos_sdk/targets/wemos_esp_wroom_02_18650/build/mbedtls/mbedtls/library/error.o
CC adapters/esp8266_rtos_sdk/targets/wemos_esp_wroom_02_18650/build/mbedtls/mbedtls/library/gcm.o
CC adapters/esp8266_rtos_sdk/targets/wemos_esp_wroom_02_18650/build/ev_platform/runtime/src/ev_quiescence_service.o
AR adapters/esp8266_rtos_sdk/targets/wemos_esp_wroom_02_18650/build/spiffs/libspiffs.a
CXX adapters/esp8266_rtos_sdk/targets/wemos_esp_wroom_02_18650/build/wear_levelling/wear_levelling.o
AR adapters/esp8266_rtos_sdk/targets/wemos_esp_wroom_02_18650/build/tcpip_adapter/libtcpip_adapter.a
make[1]: Leaving directory '/work/adapters/esp8266_rtos_sdk/targets/wemos_esp_wroom_02_18650/build/spiffs'
AR adapters/esp8266_rtos_sdk/targets/wemos_esp_wroom_02_18650/build/vfs/libvfs.a
CC adapters/esp8266_rtos_sdk/targets/wemos_esp_wroom_02_18650/build/ev_platform/runtime/src/ev_runtime_builder.o
make[1]: Leaving directory '/work/adapters/esp8266_rtos_sdk/targets/wemos_esp_wroom_02_18650/build/vfs'
make[1]: Leaving directory '/work/adapters/esp8266_rtos_sdk/targets/wemos_esp_wroom_02_18650/build/tcpip_adapter'
CC adapters/esp8266_rtos_sdk/targets/wemos_esp_wroom_02_18650/build/ev_platform/runtime/src/ev_runtime_graph.o
CC adapters/esp8266_rtos_sdk/targets/wemos_esp_wroom_02_18650/build/wpa_supplicant/src/ap/ap_config.o
CC adapters/esp8266_rtos_sdk/targets/wemos_esp_wroom_02_18650/build/ev_platform/runtime/src/ev_runtime_loop.o
CC adapters/esp8266_rtos_sdk/targets/wemos_esp_wroom_02_18650/build/lwip/lwip/src/core/tcp.o
CC adapters/esp8266_rtos_sdk/targets/wemos_esp_wroom_02_18650/build/lwip/lwip/src/core/tcp_in.o
CC adapters/esp8266_rtos_sdk/targets/wemos_esp_wroom_02_18650/build/wpa_supplicant/src/ap/ieee802_1x.o
CC adapters/esp8266_rtos_sdk/targets/wemos_esp_wroom_02_18650/build/libsodium/libsodium/src/libsodium/crypto_kx/crypto_kx.o
CC adapters/esp8266_rtos_sdk/targets/wemos_esp_wroom_02_18650/build/ev_platform/runtime/src/ev_runtime_poll.o
CC adapters/esp8266_rtos_sdk/targets/wemos_esp_wroom_02_18650/build/mbedtls/mbedtls/library/havege.o
CC adapters/esp8266_rtos_sdk/targets/wemos_esp_wroom_02_18650/build/wpa_supplicant/src/ap/wpa_auth.o
CC adapters/esp8266_rtos_sdk/targets/wemos_esp_wroom_02_18650/build/wpa_supplicant/src/ap/wpa_auth_ie.o
CC adapters/esp8266_rtos_sdk/targets/wemos_esp_wroom_02_18650/build/libsodium/libsodium/src/libsodium/crypto_onetimeauth/crypto_onetimeauth.o
CC adapters/esp8266_rtos_sdk/targets/wemos_esp_wroom_02_18650/build/lwip/lwip/src/core/tcp_out.o
CC adapters/esp8266_rtos_sdk/targets/wemos_esp_wroom_02_18650/build/wpa_supplicant/src/common/dpp.o
CC adapters/esp8266_rtos_sdk/targets/wemos_esp_wroom_02_18650/build/libsodium/libsodium/src/libsodium/crypto_onetimeauth/poly1305/onetimeauth_poly1305.o
CC adapters/esp8266_rtos_sdk/targets/wemos_esp_wroom_02_18650/build/libsodium/libsodium/src/libsodium/crypto_onetimeauth/poly1305/donna/poly1305_donna.o
CC adapters/esp8266_rtos_sdk/targets/wemos_esp_wroom_02_18650/build/wpa_supplicant/src/common/sae.o
CC adapters/esp8266_rtos_sdk/targets/wemos_esp_wroom_02_18650/build/mbedtls/mbedtls/library/hkdf.o
CC adapters/esp8266_rtos_sdk/targets/wemos_esp_wroom_02_18650/build/wpa_supplicant/src/common/wpa_common.o
CC adapters/esp8266_rtos_sdk/targets/wemos_esp_wroom_02_18650/build/wpa_supplicant/src/crypto/aes-cbc.o
esptool.py v2.4.0
CC adapters/esp8266_rtos_sdk/targets/wemos_esp_wroom_02_18650/build/libsodium/libsodium/src/libsodium/crypto_pwhash/argon2/argon2-core.o
CC adapters/esp8266_rtos_sdk/targets/wemos_esp_wroom_02_18650/build/ev_platform/runtime/src/ev_runtime_scheduler.o
make[1]: Leaving directory '/opt/esp/ESP8266_RTOS_SDK/components/bootloader/subproject'
CC adapters/esp8266_rtos_sdk/targets/wemos_esp_wroom_02_18650/build/wpa_supplicant/src/crypto/aes-ccm.o
CC adapters/esp8266_rtos_sdk/targets/wemos_esp_wroom_02_18650/build/mbedtls/mbedtls/library/hmac_drbg.o
CC adapters/esp8266_rtos_sdk/targets/wemos_esp_wroom_02_18650/build/ev_platform/runtime/src/ev_timer_service.o
CC adapters/esp8266_rtos_sdk/targets/wemos_esp_wroom_02_18650/build/mbedtls/mbedtls/library/md.o
CC adapters/esp8266_rtos_sdk/targets/wemos_esp_wroom_02_18650/build/wpa_supplicant/src/crypto/aes-ctr.o
CC adapters/esp8266_rtos_sdk/targets/wemos_esp_wroom_02_18650/build/ev_platform/runtime/src/ev_trace_ring.o
CC adapters/esp8266_rtos_sdk/targets/wemos_esp_wroom_02_18650/build/lwip/lwip/src/core/timeouts.o
CC adapters/esp8266_rtos_sdk/targets/wemos_esp_wroom_02_18650/build/libsodium/libsodium/src/libsodium/crypto_pwhash/argon2/argon2-encoding.o
CC adapters/esp8266_rtos_sdk/targets/wemos_esp_wroom_02_18650/build/libsodium/libsodium/src/libsodium/crypto_pwhash/argon2/argon2-fill-block-ref.o
AR adapters/esp8266_rtos_sdk/targets/wemos_esp_wroom_02_18650/build/wear_levelling/libwear_levelling.a
make[1]: Leaving directory '/work/adapters/esp8266_rtos_sdk/targets/wemos_esp_wroom_02_18650/build/wear_levelling'
CC adapters/esp8266_rtos_sdk/targets/wemos_esp_wroom_02_18650/build/libsodium/libsodium/src/libsodium/crypto_pwhash/argon2/argon2-fill-block-ssse3.o
CC adapters/esp8266_rtos_sdk/targets/wemos_esp_wroom_02_18650/build/ev_platform/modules/src/ev_module_layer.o
CC adapters/esp8266_rtos_sdk/targets/wemos_esp_wroom_02_18650/build/mbedtls/mbedtls/library/md2.o
CC adapters/esp8266_rtos_sdk/targets/wemos_esp_wroom_02_18650/build/lwip/lwip/src/core/udp.o
CC adapters/esp8266_rtos_sdk/targets/wemos_esp_wroom_02_18650/build/ev_platform/drivers/src/ev_driver_layer.o
CC adapters/esp8266_rtos_sdk/targets/wemos_esp_wroom_02_18650/build/wpa_supplicant/src/crypto/aes-internal-dec.o
CC adapters/esp8266_rtos_sdk/targets/wemos_esp_wroom_02_18650/build/mbedtls/mbedtls/library/md4.o
CC adapters/esp8266_rtos_sdk/targets/wemos_esp_wroom_02_18650/build/lwip/lwip/src/core/ipv4/autoip.o
CC adapters/esp8266_rtos_sdk/targets/wemos_esp_wroom_02_18650/build/mbedtls/mbedtls/library/md5.o
CC adapters/esp8266_rtos_sdk/targets/wemos_esp_wroom_02_18650/build/libsodium/libsodium/src/libsodium/crypto_pwhash/argon2/argon2.o
CC adapters/esp8266_rtos_sdk/targets/wemos_esp_wroom_02_18650/build/wpa_supplicant/src/crypto/aes-internal-enc.o
CC adapters/esp8266_rtos_sdk/targets/wemos_esp_wroom_02_18650/build/wpa_supplicant/src/crypto/aes-internal.o
CC adapters/esp8266_rtos_sdk/targets/wemos_esp_wroom_02_18650/build/libsodium/libsodium/src/libsodium/crypto_pwhash/argon2/blake2b-long.o
CC adapters/esp8266_rtos_sdk/targets/wemos_esp_wroom_02_18650/build/lwip/lwip/src/core/ipv4/dhcp.o
CC adapters/esp8266_rtos_sdk/targets/wemos_esp_wroom_02_18650/build/ev_platform/apps/demo/ev_demo_app.o
CC adapters/esp8266_rtos_sdk/targets/wemos_esp_wroom_02_18650/build/lwip/lwip/src/core/ipv4/etharp.o
CC adapters/esp8266_rtos_sdk/targets/wemos_esp_wroom_02_18650/build/wpa_supplicant/src/crypto/aes-omac1.o
CC adapters/esp8266_rtos_sdk/targets/wemos_esp_wroom_02_18650/build/wpa_supplicant/src/crypto/aes-siv.o
CC adapters/esp8266_rtos_sdk/targets/wemos_esp_wroom_02_18650/build/mbedtls/mbedtls/library/md_wrap.o
CC adapters/esp8266_rtos_sdk/targets/wemos_esp_wroom_02_18650/build/mbedtls/mbedtls/library/memory_buffer_alloc.o
CC adapters/esp8266_rtos_sdk/targets/wemos_esp_wroom_02_18650/build/ev_platform/apps/demo/ev_demo_board_wiring.o
CC adapters/esp8266_rtos_sdk/targets/wemos_esp_wroom_02_18650/build/mbedtls/mbedtls/library/nist_kw.o
CC adapters/esp8266_rtos_sdk/targets/wemos_esp_wroom_02_18650/build/wpa_supplicant/src/crypto/aes-unwrap.o
CC adapters/esp8266_rtos_sdk/targets/wemos_esp_wroom_02_18650/build/ev_platform/apps/demo/ev_demo_policy.o
CC adapters/esp8266_rtos_sdk/targets/wemos_esp_wroom_02_18650/build/mbedtls/mbedtls/library/oid.o
CC adapters/esp8266_rtos_sdk/targets/wemos_esp_wroom_02_18650/build/ev_platform/apps/demo/ev_demo_presentation.o
CC adapters/esp8266_rtos_sdk/targets/wemos_esp_wroom_02_18650/build/libsodium/libsodium/src/libsodium/crypto_pwhash/argon2/pwhash_argon2i.o
CC adapters/esp8266_rtos_sdk/targets/wemos_esp_wroom_02_18650/build/ev_platform/apps/demo/ev_demo_runtime_instances.o
CC adapters/esp8266_rtos_sdk/targets/wemos_esp_wroom_02_18650/build/lwip/lwip/src/core/ipv4/icmp.o
CC adapters/esp8266_rtos_sdk/targets/wemos_esp_wroom_02_18650/build/wpa_supplicant/src/crypto/aes-wrap.o
CC adapters/esp8266_rtos_sdk/targets/wemos_esp_wroom_02_18650/build/mbedtls/mbedtls/library/padlock.o
CC adapters/esp8266_rtos_sdk/targets/wemos_esp_wroom_02_18650/build/libsodium/libsodium/src/libsodium/crypto_pwhash/crypto_pwhash.o
CC adapters/esp8266_rtos_sdk/targets/wemos_esp_wroom_02_18650/build/wpa_supplicant/src/crypto/bignum.o
CC adapters/esp8266_rtos_sdk/targets/wemos_esp_wroom_02_18650/build/libsodium/libsodium/src/libsodium/crypto_pwhash/scryptsalsa208sha256/crypto_scrypt-common.o
CC adapters/esp8266_rtos_sdk/targets/wemos_esp_wroom_02_18650/build/lwip/lwip/src/core/ipv4/igmp.o
CC adapters/esp8266_rtos_sdk/targets/wemos_esp_wroom_02_18650/build/mbedtls/mbedtls/library/pem.o
CC adapters/esp8266_rtos_sdk/targets/wemos_esp_wroom_02_18650/build/libsodium/libsodium/src/libsodium/crypto_pwhash/scryptsalsa208sha256/pbkdf2-sha256.o
CC adapters/esp8266_rtos_sdk/targets/wemos_esp_wroom_02_18650/build/lwip/lwip/src/core/ipv4/ip4.o
CC adapters/esp8266_rtos_sdk/targets/wemos_esp_wroom_02_18650/build/lwip/lwip/src/core/ipv4/ip4_addr.o
CC adapters/esp8266_rtos_sdk/targets/wemos_esp_wroom_02_18650/build/lwip/lwip/src/core/ipv4/ip4_frag.o
CC adapters/esp8266_rtos_sdk/targets/wemos_esp_wroom_02_18650/build/mbedtls/mbedtls/library/pk.o
CC adapters/esp8266_rtos_sdk/targets/wemos_esp_wroom_02_18650/build/wpa_supplicant/src/crypto/ccmp.o
CC adapters/esp8266_rtos_sdk/targets/wemos_esp_wroom_02_18650/build/mbedtls/mbedtls/library/pk_wrap.o
CC adapters/esp8266_rtos_sdk/targets/wemos_esp_wroom_02_18650/build/mbedtls/mbedtls/library/pkcs11.o
CC adapters/esp8266_rtos_sdk/targets/wemos_esp_wroom_02_18650/build/mbedtls/mbedtls/library/pkcs12.o
CC adapters/esp8266_rtos_sdk/targets/wemos_esp_wroom_02_18650/build/mbedtls/mbedtls/library/pkcs5.o
CC adapters/esp8266_rtos_sdk/targets/wemos_esp_wroom_02_18650/build/mbedtls/mbedtls/library/pkparse.o
CC adapters/esp8266_rtos_sdk/targets/wemos_esp_wroom_02_18650/build/mbedtls/mbedtls/library/pkwrite.o
CC adapters/esp8266_rtos_sdk/targets/wemos_esp_wroom_02_18650/build/wpa_supplicant/src/crypto/crypto_internal-cipher.o
CC adapters/esp8266_rtos_sdk/targets/wemos_esp_wroom_02_18650/build/libsodium/libsodium/src/libsodium/crypto_pwhash/scryptsalsa208sha256/pwhash_scryptsalsa208sha256.o
CC adapters/esp8266_rtos_sdk/targets/wemos_esp_wroom_02_18650/build/lwip/lwip/src/core/ipv4/ip4_napt.o
CC adapters/esp8266_rtos_sdk/targets/wemos_esp_wroom_02_18650/build/libsodium/libsodium/src/libsodium/crypto_pwhash/scryptsalsa208sha256/scrypt_platform.o
CC adapters/esp8266_rtos_sdk/targets/wemos_esp_wroom_02_18650/build/wpa_supplicant/src/crypto/crypto_internal-modexp.o
AR adapters/esp8266_rtos_sdk/targets/wemos_esp_wroom_02_18650/build/ev_platform/libev_platform.a
make[1]: Leaving directory '/work/adapters/esp8266_rtos_sdk/targets/wemos_esp_wroom_02_18650/build/ev_platform'
CC adapters/esp8266_rtos_sdk/targets/wemos_esp_wroom_02_18650/build/libsodium/libsodium/src/libsodium/crypto_pwhash/scryptsalsa208sha256/nosse/pwhash_scryptsalsa208sha256_nosse.o
CC adapters/esp8266_rtos_sdk/targets/wemos_esp_wroom_02_18650/build/lwip/lwip/src/core/ipv6/dhcp6.o
CC adapters/esp8266_rtos_sdk/targets/wemos_esp_wroom_02_18650/build/wpa_supplicant/src/crypto/crypto_internal-rsa.o
CC adapters/esp8266_rtos_sdk/targets/wemos_esp_wroom_02_18650/build/lwip/lwip/src/core/ipv6/ethip6.o
CC adapters/esp8266_rtos_sdk/targets/wemos_esp_wroom_02_18650/build/libsodium/libsodium/src/libsodium/crypto_scalarmult/crypto_scalarmult.o
CC adapters/esp8266_rtos_sdk/targets/wemos_esp_wroom_02_18650/build/lwip/lwip/src/core/ipv6/icmp6.o
CC adapters/esp8266_rtos_sdk/targets/wemos_esp_wroom_02_18650/build/libsodium/libsodium/src/libsodium/crypto_scalarmult/curve25519/scalarmult_curve25519.o
CC adapters/esp8266_rtos_sdk/targets/wemos_esp_wroom_02_18650/build/wpa_supplicant/src/crypto/crypto_internal.o
CC adapters/esp8266_rtos_sdk/targets/wemos_esp_wroom_02_18650/build/lwip/lwip/src/core/ipv6/inet6.o
CC adapters/esp8266_rtos_sdk/targets/wemos_esp_wroom_02_18650/build/mbedtls/mbedtls/library/platform.o
CC adapters/esp8266_rtos_sdk/targets/wemos_esp_wroom_02_18650/build/lwip/lwip/src/core/ipv6/ip6.o
CC adapters/esp8266_rtos_sdk/targets/wemos_esp_wroom_02_18650/build/libsodium/libsodium/src/libsodium/crypto_scalarmult/curve25519/ref10/x25519_ref10.o
CC adapters/esp8266_rtos_sdk/targets/wemos_esp_wroom_02_18650/build/lwip/lwip/src/core/ipv6/ip6_addr.o
CC adapters/esp8266_rtos_sdk/targets/wemos_esp_wroom_02_18650/build/lwip/lwip/src/core/ipv6/ip6_frag.o
CC adapters/esp8266_rtos_sdk/targets/wemos_esp_wroom_02_18650/build/libsodium/libsodium/src/libsodium/crypto_secretbox/crypto_secretbox.o
CC adapters/esp8266_rtos_sdk/targets/wemos_esp_wroom_02_18650/build/wpa_supplicant/src/crypto/crypto_mbedtls-bignum.o
CC adapters/esp8266_rtos_sdk/targets/wemos_esp_wroom_02_18650/build/wpa_supplicant/src/crypto/crypto_mbedtls-ec.o
CC adapters/esp8266_rtos_sdk/targets/wemos_esp_wroom_02_18650/build/libsodium/libsodium/src/libsodium/crypto_secretbox/crypto_secretbox_easy.o
CC adapters/esp8266_rtos_sdk/targets/wemos_esp_wroom_02_18650/build/wpa_supplicant/src/crypto/crypto_mbedtls-rsa.o
CC adapters/esp8266_rtos_sdk/targets/wemos_esp_wroom_02_18650/build/lwip/lwip/src/core/ipv6/mld6.o
CC adapters/esp8266_rtos_sdk/targets/wemos_esp_wroom_02_18650/build/lwip/lwip/src/core/ipv6/nd6.o
CC adapters/esp8266_rtos_sdk/targets/wemos_esp_wroom_02_18650/build/libsodium/libsodium/src/libsodium/crypto_secretbox/xsalsa20poly1305/secretbox_xsalsa20poly1305.o
CC adapters/esp8266_rtos_sdk/targets/wemos_esp_wroom_02_18650/build/lwip/lwip/src/netif/bridgeif.o
CC adapters/esp8266_rtos_sdk/targets/wemos_esp_wroom_02_18650/build/libsodium/libsodium/src/libsodium/crypto_shorthash/crypto_shorthash.o
CC adapters/esp8266_rtos_sdk/targets/wemos_esp_wroom_02_18650/build/mbedtls/mbedtls/library/platform_util.o
CC adapters/esp8266_rtos_sdk/targets/wemos_esp_wroom_02_18650/build/wpa_supplicant/src/crypto/crypto_mbedtls.o
CC adapters/esp8266_rtos_sdk/targets/wemos_esp_wroom_02_18650/build/mbedtls/mbedtls/library/poly1305.o
CC adapters/esp8266_rtos_sdk/targets/wemos_esp_wroom_02_18650/build/libsodium/libsodium/src/libsodium/crypto_shorthash/siphash24/shorthash_siphash24.o
CC adapters/esp8266_rtos_sdk/targets/wemos_esp_wroom_02_18650/build/libsodium/libsodium/src/libsodium/crypto_shorthash/siphash24/shorthash_siphashx24.o
CC adapters/esp8266_rtos_sdk/targets/wemos_esp_wroom_02_18650/build/libsodium/libsodium/src/libsodium/crypto_shorthash/siphash24/ref/shorthash_siphash24_ref.o
CC adapters/esp8266_rtos_sdk/targets/wemos_esp_wroom_02_18650/build/mbedtls/mbedtls/library/ripemd160.o
CC adapters/esp8266_rtos_sdk/targets/wemos_esp_wroom_02_18650/build/mbedtls/mbedtls/library/rsa.o
CC adapters/esp8266_rtos_sdk/targets/wemos_esp_wroom_02_18650/build/wpa_supplicant/src/crypto/crypto_ops.o
CC adapters/esp8266_rtos_sdk/targets/wemos_esp_wroom_02_18650/build/libsodium/libsodium/src/libsodium/crypto_shorthash/siphash24/ref/shorthash_siphashx24_ref.o
CC adapters/esp8266_rtos_sdk/targets/wemos_esp_wroom_02_18650/build/lwip/lwip/src/netif/bridgeif_fdb.o
CC adapters/esp8266_rtos_sdk/targets/wemos_esp_wroom_02_18650/build/lwip/lwip/src/netif/ethernet.o
CC adapters/esp8266_rtos_sdk/targets/wemos_esp_wroom_02_18650/build/mbedtls/mbedtls/library/rsa_internal.o
CC adapters/esp8266_rtos_sdk/targets/wemos_esp_wroom_02_18650/build/libsodium/libsodium/src/libsodium/crypto_sign/crypto_sign.o
CC adapters/esp8266_rtos_sdk/targets/wemos_esp_wroom_02_18650/build/lwip/lwip/src/netif/lowpan6.o
CC adapters/esp8266_rtos_sdk/targets/wemos_esp_wroom_02_18650/build/wpa_supplicant/src/crypto/des-internal.o
CC adapters/esp8266_rtos_sdk/targets/wemos_esp_wroom_02_18650/build/mbedtls/mbedtls/library/sha1.o
CC adapters/esp8266_rtos_sdk/targets/wemos_esp_wroom_02_18650/build/lwip/lwip/src/netif/lowpan6_ble.o
CC adapters/esp8266_rtos_sdk/targets/wemos_esp_wroom_02_18650/build/mbedtls/mbedtls/library/sha256.o
CC adapters/esp8266_rtos_sdk/targets/wemos_esp_wroom_02_18650/build/libsodium/libsodium/src/libsodium/crypto_sign/ed25519/sign_ed25519.o
CC adapters/esp8266_rtos_sdk/targets/wemos_esp_wroom_02_18650/build/libsodium/libsodium/src/libsodium/crypto_sign/ed25519/ref10/keypair.o
CC adapters/esp8266_rtos_sdk/targets/wemos_esp_wroom_02_18650/build/lwip/lwip/src/netif/lowpan6_common.o
CC adapters/esp8266_rtos_sdk/targets/wemos_esp_wroom_02_18650/build/libsodium/libsodium/src/libsodium/crypto_sign/ed25519/ref10/obsolete.o
CC adapters/esp8266_rtos_sdk/targets/wemos_esp_wroom_02_18650/build/mbedtls/mbedtls/library/sha512.o
CC adapters/esp8266_rtos_sdk/targets/wemos_esp_wroom_02_18650/build/lwip/lwip/src/netif/slipif.o
CC adapters/esp8266_rtos_sdk/targets/wemos_esp_wroom_02_18650/build/mbedtls/mbedtls/library/ssl_cache.o
CC adapters/esp8266_rtos_sdk/targets/wemos_esp_wroom_02_18650/build/wpa_supplicant/src/crypto/dh_group5.o
CC adapters/esp8266_rtos_sdk/targets/wemos_esp_wroom_02_18650/build/mbedtls/mbedtls/library/ssl_ciphersuites.o
CC adapters/esp8266_rtos_sdk/targets/wemos_esp_wroom_02_18650/build/libsodium/libsodium/src/libsodium/crypto_sign/ed25519/ref10/open.o
CC adapters/esp8266_rtos_sdk/targets/wemos_esp_wroom_02_18650/build/mbedtls/mbedtls/library/ssl_cli.o
CC adapters/esp8266_rtos_sdk/targets/wemos_esp_wroom_02_18650/build/lwip/lwip/src/netif/zepif.o
CC adapters/esp8266_rtos_sdk/targets/wemos_esp_wroom_02_18650/build/lwip/port/esp8266/vfs_lwip.o
CC adapters/esp8266_rtos_sdk/targets/wemos_esp_wroom_02_18650/build/libsodium/libsodium/src/libsodium/crypto_sign/ed25519/ref10/sign.o
CC adapters/esp8266_rtos_sdk/targets/wemos_esp_wroom_02_18650/build/mbedtls/mbedtls/library/ssl_cookie.o
CC adapters/esp8266_rtos_sdk/targets/wemos_esp_wroom_02_18650/build/wpa_supplicant/src/crypto/dh_groups.o
CC adapters/esp8266_rtos_sdk/targets/wemos_esp_wroom_02_18650/build/wpa_supplicant/src/crypto/md4-internal.o
CC adapters/esp8266_rtos_sdk/targets/wemos_esp_wroom_02_18650/build/lwip/port/esp8266/freertos/sys_arch.o
CC adapters/esp8266_rtos_sdk/targets/wemos_esp_wroom_02_18650/build/libsodium/libsodium/src/libsodium/crypto_stream/chacha20/stream_chacha20.o
CC adapters/esp8266_rtos_sdk/targets/wemos_esp_wroom_02_18650/build/mbedtls/mbedtls/library/ssl_srv.o
CC adapters/esp8266_rtos_sdk/targets/wemos_esp_wroom_02_18650/build/libsodium/libsodium/src/libsodium/crypto_stream/chacha20/ref/chacha20_ref.o
CC adapters/esp8266_rtos_sdk/targets/wemos_esp_wroom_02_18650/build/mbedtls/mbedtls/library/ssl_ticket.o
CC adapters/esp8266_rtos_sdk/targets/wemos_esp_wroom_02_18650/build/libsodium/libsodium/src/libsodium/crypto_stream/crypto_stream.o
CC adapters/esp8266_rtos_sdk/targets/wemos_esp_wroom_02_18650/build/mbedtls/mbedtls/library/ssl_tls.o
CC adapters/esp8266_rtos_sdk/targets/wemos_esp_wroom_02_18650/build/lwip/port/esp8266/netif/dhcp_state.o
CC adapters/esp8266_rtos_sdk/targets/wemos_esp_wroom_02_18650/build/lwip/port/esp8266/netif/wlanif.o
CC adapters/esp8266_rtos_sdk/targets/wemos_esp_wroom_02_18650/build/libsodium/libsodium/src/libsodium/crypto_stream/salsa20/stream_salsa20.o
CC adapters/esp8266_rtos_sdk/targets/wemos_esp_wroom_02_18650/build/lwip/port/esp8266/debug/lwip_debug.o
CC adapters/esp8266_rtos_sdk/targets/wemos_esp_wroom_02_18650/build/mbedtls/mbedtls/library/threading.o
CC adapters/esp8266_rtos_sdk/targets/wemos_esp_wroom_02_18650/build/mbedtls/mbedtls/library/timing.o
CC adapters/esp8266_rtos_sdk/targets/wemos_esp_wroom_02_18650/build/wpa_supplicant/src/crypto/md5-internal.o
CC adapters/esp8266_rtos_sdk/targets/wemos_esp_wroom_02_18650/build/mbedtls/mbedtls/library/version.o
CC adapters/esp8266_rtos_sdk/targets/wemos_esp_wroom_02_18650/build/libsodium/libsodium/src/libsodium/crypto_stream/salsa20/ref/salsa20_ref.o
CC adapters/esp8266_rtos_sdk/targets/wemos_esp_wroom_02_18650/build/libsodium/libsodium/src/libsodium/crypto_stream/xsalsa20/stream_xsalsa20.o
CC adapters/esp8266_rtos_sdk/targets/wemos_esp_wroom_02_18650/build/wpa_supplicant/src/crypto/md5.o
CC adapters/esp8266_rtos_sdk/targets/wemos_esp_wroom_02_18650/build/wpa_supplicant/src/crypto/ms_funcs.o
CC adapters/esp8266_rtos_sdk/targets/wemos_esp_wroom_02_18650/build/mbedtls/mbedtls/library/version_features.o
CC adapters/esp8266_rtos_sdk/targets/wemos_esp_wroom_02_18650/build/libsodium/libsodium/src/libsodium/crypto_verify/sodium/verify.o
CC adapters/esp8266_rtos_sdk/targets/wemos_esp_wroom_02_18650/build/mbedtls/mbedtls/library/x509.o
CC adapters/esp8266_rtos_sdk/targets/wemos_esp_wroom_02_18650/build/wpa_supplicant/src/crypto/rc4.o
CC adapters/esp8266_rtos_sdk/targets/wemos_esp_wroom_02_18650/build/libsodium/libsodium/src/libsodium/randombytes/randombytes.o
CC adapters/esp8266_rtos_sdk/targets/wemos_esp_wroom_02_18650/build/mbedtls/mbedtls/library/x509_create.o
CC adapters/esp8266_rtos_sdk/targets/wemos_esp_wroom_02_18650/build/libsodium/libsodium/src/libsodium/sodium/core.o
CC adapters/esp8266_rtos_sdk/targets/wemos_esp_wroom_02_18650/build/mbedtls/mbedtls/library/x509_crl.o
CC adapters/esp8266_rtos_sdk/targets/wemos_esp_wroom_02_18650/build/wpa_supplicant/src/crypto/sha1-internal.o
CC adapters/esp8266_rtos_sdk/targets/wemos_esp_wroom_02_18650/build/wpa_supplicant/src/crypto/sha1-pbkdf2.o
CC adapters/esp8266_rtos_sdk/targets/wemos_esp_wroom_02_18650/build/libsodium/libsodium/src/libsodium/sodium/runtime.o
CC adapters/esp8266_rtos_sdk/targets/wemos_esp_wroom_02_18650/build/wpa_supplicant/src/crypto/sha1-tlsprf.o
CC adapters/esp8266_rtos_sdk/targets/wemos_esp_wroom_02_18650/build/mbedtls/mbedtls/library/x509_crt.o
CC adapters/esp8266_rtos_sdk/targets/wemos_esp_wroom_02_18650/build/libsodium/libsodium/src/libsodium/sodium/utils.o
CC adapters/esp8266_rtos_sdk/targets/wemos_esp_wroom_02_18650/build/libsodium/libsodium/src/libsodium/sodium/version.o
CC adapters/esp8266_rtos_sdk/targets/wemos_esp_wroom_02_18650/build/libsodium/port/crypto_hash_mbedtls/crypto_hash_sha256_mbedtls.o
CC adapters/esp8266_rtos_sdk/targets/wemos_esp_wroom_02_18650/build/mbedtls/mbedtls/library/x509_csr.o
CC adapters/esp8266_rtos_sdk/targets/wemos_esp_wroom_02_18650/build/wpa_supplicant/src/crypto/sha1.o
CC adapters/esp8266_rtos_sdk/targets/wemos_esp_wroom_02_18650/build/wpa_supplicant/src/crypto/sha256-internal.o
AR adapters/esp8266_rtos_sdk/targets/wemos_esp_wroom_02_18650/build/lwip/liblwip.a
CC adapters/esp8266_rtos_sdk/targets/wemos_esp_wroom_02_18650/build/mbedtls/mbedtls/library/x509write_crt.o
CC adapters/esp8266_rtos_sdk/targets/wemos_esp_wroom_02_18650/build/wpa_supplicant/src/crypto/sha256-kdf.o
CC adapters/esp8266_rtos_sdk/targets/wemos_esp_wroom_02_18650/build/libsodium/port/crypto_hash_mbedtls/crypto_hash_sha512_mbedtls.o
make[1]: Leaving directory '/work/adapters/esp8266_rtos_sdk/targets/wemos_esp_wroom_02_18650/build/lwip'
CC adapters/esp8266_rtos_sdk/targets/wemos_esp_wroom_02_18650/build/mbedtls/mbedtls/library/x509write_csr.o
CC adapters/esp8266_rtos_sdk/targets/wemos_esp_wroom_02_18650/build/mbedtls/mbedtls/library/xtea.o
CC adapters/esp8266_rtos_sdk/targets/wemos_esp_wroom_02_18650/build/mbedtls/port/esp_aes.o
CC adapters/esp8266_rtos_sdk/targets/wemos_esp_wroom_02_18650/build/mbedtls/port/esp_hardware.o
CC adapters/esp8266_rtos_sdk/targets/wemos_esp_wroom_02_18650/build/wpa_supplicant/src/crypto/sha256-prf.o
CC adapters/esp8266_rtos_sdk/targets/wemos_esp_wroom_02_18650/build/wpa_supplicant/src/crypto/sha256-tlsprf.o
CC adapters/esp8266_rtos_sdk/targets/wemos_esp_wroom_02_18650/build/wpa_supplicant/src/crypto/sha256.o
CC adapters/esp8266_rtos_sdk/targets/wemos_esp_wroom_02_18650/build/mbedtls/port/esp_mem.o
CC adapters/esp8266_rtos_sdk/targets/wemos_esp_wroom_02_18650/build/mbedtls/port/esp_sha1.o
CC adapters/esp8266_rtos_sdk/targets/wemos_esp_wroom_02_18650/build/wpa_supplicant/src/crypto/sha384-tlsprf.o
CC adapters/esp8266_rtos_sdk/targets/wemos_esp_wroom_02_18650/build/mbedtls/port/esp_sha256.o
CC adapters/esp8266_rtos_sdk/targets/wemos_esp_wroom_02_18650/build/wpa_supplicant/src/crypto/tls_mbedtls.o
CC adapters/esp8266_rtos_sdk/targets/wemos_esp_wroom_02_18650/build/mbedtls/port/esp_sha512.o
CC adapters/esp8266_rtos_sdk/targets/wemos_esp_wroom_02_18650/build/wpa_supplicant/src/eap_peer/chap.o
CC adapters/esp8266_rtos_sdk/targets/wemos_esp_wroom_02_18650/build/mbedtls/port/esp_timing.o
CC adapters/esp8266_rtos_sdk/targets/wemos_esp_wroom_02_18650/build/mbedtls/port/mbedtls_debug.o
CC adapters/esp8266_rtos_sdk/targets/wemos_esp_wroom_02_18650/build/mbedtls/port/net_sockets.o
CC adapters/esp8266_rtos_sdk/targets/wemos_esp_wroom_02_18650/build/wpa_supplicant/src/eap_peer/eap.o
CC adapters/esp8266_rtos_sdk/targets/wemos_esp_wroom_02_18650/build/wpa_supplicant/src/eap_peer/eap_common.o
CC adapters/esp8266_rtos_sdk/targets/wemos_esp_wroom_02_18650/build/mbedtls/port/esp8266/aes.o
CC adapters/esp8266_rtos_sdk/targets/wemos_esp_wroom_02_18650/build/mbedtls/port/esp8266/arc4.o
CC adapters/esp8266_rtos_sdk/targets/wemos_esp_wroom_02_18650/build/mbedtls/port/esp8266/base64.o
CC adapters/esp8266_rtos_sdk/targets/wemos_esp_wroom_02_18650/build/wpa_supplicant/src/eap_peer/eap_mschapv2.o
CC adapters/esp8266_rtos_sdk/targets/wemos_esp_wroom_02_18650/build/wpa_supplicant/src/eap_peer/eap_peap.o
CC adapters/esp8266_rtos_sdk/targets/wemos_esp_wroom_02_18650/build/mbedtls/port/esp8266/md5.o
CC adapters/esp8266_rtos_sdk/targets/wemos_esp_wroom_02_18650/build/wpa_supplicant/src/eap_peer/eap_peap_common.o
CC adapters/esp8266_rtos_sdk/targets/wemos_esp_wroom_02_18650/build/wpa_supplicant/src/eap_peer/eap_tls.o
CC adapters/esp8266_rtos_sdk/targets/wemos_esp_wroom_02_18650/build/wpa_supplicant/src/eap_peer/eap_tls_common.o
CC adapters/esp8266_rtos_sdk/targets/wemos_esp_wroom_02_18650/build/mbedtls/port/esp8266/sha1.o
CC adapters/esp8266_rtos_sdk/targets/wemos_esp_wroom_02_18650/build/mbedtls/port/esp8266/sha256.o
CC adapters/esp8266_rtos_sdk/targets/wemos_esp_wroom_02_18650/build/mbedtls/port/esp8266/sha512.o
CC adapters/esp8266_rtos_sdk/targets/wemos_esp_wroom_02_18650/build/wpa_supplicant/src/eap_peer/eap_ttls.o
CC adapters/esp8266_rtos_sdk/targets/wemos_esp_wroom_02_18650/build/wpa_supplicant/src/eap_peer/mschapv2.o
CC adapters/esp8266_rtos_sdk/targets/wemos_esp_wroom_02_18650/build/wpa_supplicant/src/rsn_supp/pmksa_cache.o
CC adapters/esp8266_rtos_sdk/targets/wemos_esp_wroom_02_18650/build/wpa_supplicant/src/rsn_supp/wpa.o
CC adapters/esp8266_rtos_sdk/targets/wemos_esp_wroom_02_18650/build/wpa_supplicant/src/rsn_supp/wpa_ie.o
CC adapters/esp8266_rtos_sdk/targets/wemos_esp_wroom_02_18650/build/wpa_supplicant/src/utils/base64.o
CC adapters/esp8266_rtos_sdk/targets/wemos_esp_wroom_02_18650/build/wpa_supplicant/src/utils/bitfield.o
CC adapters/esp8266_rtos_sdk/targets/wemos_esp_wroom_02_18650/build/wpa_supplicant/src/utils/common.o
CC adapters/esp8266_rtos_sdk/targets/wemos_esp_wroom_02_18650/build/wpa_supplicant/src/utils/ext_password.o
CC adapters/esp8266_rtos_sdk/targets/wemos_esp_wroom_02_18650/build/wpa_supplicant/src/utils/json.o
CC adapters/esp8266_rtos_sdk/targets/wemos_esp_wroom_02_18650/build/wpa_supplicant/src/utils/uuid.o
CC adapters/esp8266_rtos_sdk/targets/wemos_esp_wroom_02_18650/build/wpa_supplicant/src/utils/wpa_debug.o
CC adapters/esp8266_rtos_sdk/targets/wemos_esp_wroom_02_18650/build/wpa_supplicant/src/utils/wpabuf.o
CC adapters/esp8266_rtos_sdk/targets/wemos_esp_wroom_02_18650/build/wpa_supplicant/src/esp_supplicant/esp_hostap.o
CC adapters/esp8266_rtos_sdk/targets/wemos_esp_wroom_02_18650/build/wpa_supplicant/src/esp_supplicant/esp_wpa2.o
CC adapters/esp8266_rtos_sdk/targets/wemos_esp_wroom_02_18650/build/wpa_supplicant/src/esp_supplicant/esp_wpa3.o
CC adapters/esp8266_rtos_sdk/targets/wemos_esp_wroom_02_18650/build/wpa_supplicant/src/esp_supplicant/esp_wpa_main.o
CC adapters/esp8266_rtos_sdk/targets/wemos_esp_wroom_02_18650/build/wpa_supplicant/src/esp_supplicant/esp_wpas_glue.o
CC adapters/esp8266_rtos_sdk/targets/wemos_esp_wroom_02_18650/build/wpa_supplicant/src/esp_supplicant/esp_wps.o
CC adapters/esp8266_rtos_sdk/targets/wemos_esp_wroom_02_18650/build/wpa_supplicant/src/wps/wps.o
CC adapters/esp8266_rtos_sdk/targets/wemos_esp_wroom_02_18650/build/wpa_supplicant/src/wps/wps_attr_build.o
CC adapters/esp8266_rtos_sdk/targets/wemos_esp_wroom_02_18650/build/wpa_supplicant/src/wps/wps_attr_parse.o
CC adapters/esp8266_rtos_sdk/targets/wemos_esp_wroom_02_18650/build/wpa_supplicant/src/wps/wps_attr_process.o
CC adapters/esp8266_rtos_sdk/targets/wemos_esp_wroom_02_18650/build/wpa_supplicant/src/wps/wps_common.o
CC adapters/esp8266_rtos_sdk/targets/wemos_esp_wroom_02_18650/build/wpa_supplicant/src/wps/wps_dev_attr.o
CC adapters/esp8266_rtos_sdk/targets/wemos_esp_wroom_02_18650/build/wpa_supplicant/src/wps/wps_enrollee.o
CC adapters/esp8266_rtos_sdk/targets/wemos_esp_wroom_02_18650/build/wpa_supplicant/src/wps/wps_registrar.o
CC adapters/esp8266_rtos_sdk/targets/wemos_esp_wroom_02_18650/build/wpa_supplicant/src/wps/wps_validate.o
AR adapters/esp8266_rtos_sdk/targets/wemos_esp_wroom_02_18650/build/mbedtls/libmbedtls.a
make[1]: Leaving directory '/work/adapters/esp8266_rtos_sdk/targets/wemos_esp_wroom_02_18650/build/mbedtls'
AR adapters/esp8266_rtos_sdk/targets/wemos_esp_wroom_02_18650/build/libsodium/liblibsodium.a
AR adapters/esp8266_rtos_sdk/targets/wemos_esp_wroom_02_18650/build/wpa_supplicant/libwpa_supplicant.a
make[1]: Leaving directory '/work/adapters/esp8266_rtos_sdk/targets/wemos_esp_wroom_02_18650/build/libsodium'
make[1]: Leaving directory '/work/adapters/esp8266_rtos_sdk/targets/wemos_esp_wroom_02_18650/build/wpa_supplicant'
Generating esp8266.project.ld
LD adapters/esp8266_rtos_sdk/targets/wemos_esp_wroom_02_18650/build/ev_wroom_02.elf
esptool.py v2.4.0
To flash all build output, run 'make flash' or:
python /opt/esp/ESP8266_RTOS_SDK/components/esptool_py/esptool/esptool.py --chip esp8266 --port --baud 115200 --before default_reset --after hard_reset write_flash -z --flash_mode dio --flash_freq 40m --flash_size 4MB 0x0 /work/adapters/esp8266_rtos_sdk/targets/wemos_esp_wroom_02_18650/build/bootloader/bootloader.bin 0x10000 /work/adapters/esp8266_rtos_sdk/targets/wemos_esp_wroom_02_18650/build/ev_wroom_02.bin 0x8000 /work/adapters/esp8266_rtos_sdk/targets/wemos_esp_wroom_02_18650/build/partitions_singleapp.bin
make: Leaving directory '/work/adapters/esp8266_rtos_sdk/targets/wemos_esp_wroom_02_18650'
