#0 building with "default" instance using docker driver

#1 [internal] load build definition from Dockerfile.sdk
#1 transferring dockerfile: 6.58kB done
#1 DONE 0.0s

#2 [internal] load metadata for docker.io/library/ubuntu:24.04@sha256:d1e2e92c075e5ca139d51a140fff46f84315c0fdce203eab2807c7e495eff4f9
#2 DONE 0.9s

#3 [internal] load .dockerignore
#3 transferring context: 359B done
#3 DONE 0.0s

#4 [1/7] FROM docker.io/library/ubuntu:24.04@sha256:d1e2e92c075e5ca139d51a140fff46f84315c0fdce203eab2807c7e495eff4f9
#4 DONE 0.0s

#5 [internal] load build context
#5 transferring context: 174B done
#5 DONE 0.0s

#6 [3/7] RUN set -eux;     mkdir -p /opt/esp /tmp/toolchain;     for attempt in 1 2 3 4 5; do       rm -f /tmp/toolchain/lx106.tar.gz;       wget --progress=dot:giga         --tries=5         --waitretry=10         --retry-connrefused         --timeout=60         -O /tmp/toolchain/lx106.tar.gz         "https://dl.espressif.com/dl/xtensa-lx106-elf-gcc8_4_0-esp-2020r3-linux-amd64.tar.gz" &&       tar -xzf /tmp/toolchain/lx106.tar.gz -C /opt/esp &&       break;       if [ "$attempt" = "5" ]; then exit 1; fi;       sleep $((attempt * 10));     done;     rm -rf /tmp/toolchain;     /opt/esp/xtensa-lx106-elf/bin/xtensa-lx106-elf-gcc --version
#6 CACHED

#7 [6/7] RUN set -eux;     python3 -m venv /opt/esp/python-env;     /opt/esp/python-env/bin/pip install --upgrade       --retries 5       --timeout 60       pip       wheel;     /opt/esp/python-env/bin/pip install       --retries 5       --timeout 60       "setuptools<82";     /opt/esp/python-env/bin/pip install       --retries 5       --timeout 60       -r /opt/esp/ESP8266_RTOS_SDK/requirements.txt;     /opt/esp/python-env/bin/pip install --upgrade       --retries 5       --timeout 60       "setuptools<82";     /opt/esp/python-env/bin/python3 -c "import pip, serial, setuptools";     /opt/esp/python-env/bin/python3 --version;     /opt/esp/python-env/bin/pip --version
#7 CACHED

#8 [2/7] RUN set -eux;     printf '%s\n'       'Acquire::Retries "5";'       'Acquire::http::Timeout "60";'       'Acquire::https::Timeout "60";'       'Acquire::ForceIPv4 "true";'       > /etc/apt/apt.conf.d/80-ev-retries;     for attempt in 1 2 3 4 5; do       rm -rf /var/lib/apt/lists/*;       apt-get update &&       apt-get install -y --no-install-recommends         bash         build-essential         ca-certificates         ccache         cmake         file         flex         bison         gawk         git         gperf         libffi-dev         libncurses-dev         libssl-dev         make         ninja-build         patch         python-is-python3         python3         python3-pip         python3-serial         python3-venv         tar         unzip         wget         xz-utils &&       break;       if [ "$attempt" = "5" ]; then exit 1; fi;       sleep $((attempt * 10));     done;     rm -rf /var/lib/apt/lists/*;     git --version;     python3 --version;     make --version | head -n 1
#8 CACHED

#9 [4/7] COPY tools/patches/ /tmp/ev-sdk-patches/
#9 CACHED

#10 [5/7] RUN set -eux;     git config --global advice.detachedHead false;     git config --global http.lowSpeedLimit 1000;     git config --global http.lowSpeedTime 60;     git config --global url."https://github.com/eclipse-tinydtls/tinydtls.git".insteadOf        "https://git.eclipse.org/r/tinydtls/org.eclipse.tinydtls";     for attempt in 1 2 3 4 5; do       cd /;       rm -rf /opt/esp/ESP8266_RTOS_SDK;       git clone --depth 1 --branch "v3.4"         "https://github.com/espressif/ESP8266_RTOS_SDK.git" /opt/esp/ESP8266_RTOS_SDK &&       cd /opt/esp/ESP8266_RTOS_SDK &&       git submodule update --init --recursive &&       break;       if [ "$attempt" = "5" ]; then exit 1; fi;       sleep $((attempt * 10));     done;     cd /opt/esp/ESP8266_RTOS_SDK;     for p in /tmp/ev-sdk-patches/*.patch; do       [ -f "$p" ] || continue;       case "$(basename "$p")" in         *freertos-static-task-hooks*.patch)           echo "note: skipping obsolete FreeRTOSConfig patch file; tools/fw sdk-check now performs idempotent injection";           continue;           ;;       esac;       patch --batch -p1 < "$p";     done;     freertos_config=/opt/esp/ESP8266_RTOS_SDK/components/freertos/port/esp8266/include/freertos/FreeRTOSConfig.h;     tmp_file="${freertos_config}.ev-static";     sed '/EV_FREERTOS_STATIC_ALLOC_CONFIG_BEGIN/,/EV_FREERTOS_STATIC_ALLOC_CONFIG_END/d' "$freertos_config"       | sed           -e '/^[[:space:]]*#[[:space:]]*define[[:space:]][[:space:]]*configSUPPORT_STATIC_ALLOCATION[[:space:]]/d'           -e '/^[[:space:]]*#[[:space:]]*define[[:space:]][[:space:]]*configSUPPORT_DYNAMIC_ALLOCATION[[:space:]]/d'       > "$tmp_file";     cat "$tmp_file" > "$freertos_config";     rm -f "$tmp_file";     {       printf '\n/* EV_FREERTOS_STATIC_ALLOC_CONFIG_BEGIN\n';       printf ' * Project environment hardening: static Idle/Timer task hooks are enabled.\n';       printf ' * Dynamic allocation remains enabled only as an ESP8266 vendor SDK bootstrap bridge.\n';       printf ' * Runtime actor/event/I2C/IRQ hot paths remain zero-heap by project policy.\n';       printf ' */\n';       printf '#ifndef configSUPPORT_STATIC_ALLOCATION\n';       printf '#define configSUPPORT_STATIC_ALLOCATION 1\n';       printf '#endif\n';       printf '#ifndef configSUPPORT_DYNAMIC_ALLOCATION\n';       printf '#define configSUPPORT_DYNAMIC_ALLOCATION 1\n';       printf '#endif\n';       printf '/* EV_FREERTOS_STATIC_ALLOC_CONFIG_END */\n';     } >> "$freertos_config";     grep -Eq '^[[:space:]]*#define[[:space:]]+configSUPPORT_STATIC_ALLOCATION[[:space:]]+1([[:space:]]|$)' "$freertos_config";     grep -Eq '^[[:space:]]*#define[[:space:]]+configSUPPORT_DYNAMIC_ALLOCATION[[:space:]]+1([[:space:]]|$)' "$freertos_config";     rm -rf /tmp/ev-sdk-patches;     git config --system --add safe.directory /opt/esp/ESP8266_RTOS_SDK;     git -C /opt/esp/ESP8266_RTOS_SDK rev-parse --short HEAD
#10 CACHED

#11 [7/7] WORKDIR /work
#11 CACHED

#12 exporting to image
#12 exporting layers done
#12 writing image sha256:db619be4ae74607dccbe3eb1edca4ad6ce1400e0c3a71091693c188cdad09c86
#12 writing image sha256:db619be4ae74607dccbe3eb1edca4ad6ce1400e0c3a71091693c188cdad09c86 0.3s done
#12 naming to docker.io/library/esp8266-event-driven-sdk:local
#12 naming to docker.io/library/esp8266-event-driven-sdk:local 0.0s done
#12 DONE 0.3s
make: Entering directory '/work/adapters/esp8266_rtos_sdk/targets/wemos_esp_wroom_02_18650'
/opt/esp/ESP8266_RTOS_SDK/tools/check_python_dependencies.py:22: UserWarning: pkg_resources is deprecated as an API. See https://setuptools.pypa.io/en/latest/pkg_resources.html. The pkg_resources package is slated for removal as early as 2025-11-30. Refrain from using this package or pin to Setuptools<81.
  import pkg_resources
Python requirements from /opt/esp/ESP8266_RTOS_SDK/requirements.txt are satisfied.
DEFCONFIG
/work/adapters/esp8266_rtos_sdk/targets/wemos_esp_wroom_02_18650/sdkconfig:16 CONFIG_MONITOR_BAUD was replaced with CONFIG_ESPTOOLPY_MONITOR_BAUD
GENCONFIG
make[1]: Entering directory '/work/adapters/esp8266_rtos_sdk/targets/wemos_esp_wroom_02_18650/build/wpa_supplicant'
make[1]: Leaving directory '/work/adapters/esp8266_rtos_sdk/targets/wemos_esp_wroom_02_18650/build/wpa_supplicant'
make[1]: Entering directory '/work/adapters/esp8266_rtos_sdk/targets/wemos_esp_wroom_02_18650/build/wifi_provisioning'
make[1]: Leaving directory '/work/adapters/esp8266_rtos_sdk/targets/wemos_esp_wroom_02_18650/build/wifi_provisioning'
make[1]: Entering directory '/work/adapters/esp8266_rtos_sdk/targets/wemos_esp_wroom_02_18650/build/wear_levelling'
make[1]: Leaving directory '/work/adapters/esp8266_rtos_sdk/targets/wemos_esp_wroom_02_18650/build/wear_levelling'
make[1]: Entering directory '/work/adapters/esp8266_rtos_sdk/targets/wemos_esp_wroom_02_18650/build/vfs'
make[1]: Leaving directory '/work/adapters/esp8266_rtos_sdk/targets/wemos_esp_wroom_02_18650/build/vfs'
make[1]: Entering directory '/work/adapters/esp8266_rtos_sdk/targets/wemos_esp_wroom_02_18650/build/tcpip_adapter'
make[1]: Leaving directory '/work/adapters/esp8266_rtos_sdk/targets/wemos_esp_wroom_02_18650/build/tcpip_adapter'
make[1]: Entering directory '/work/adapters/esp8266_rtos_sdk/targets/wemos_esp_wroom_02_18650/build/tcp_transport'
make[1]: Leaving directory '/work/adapters/esp8266_rtos_sdk/targets/wemos_esp_wroom_02_18650/build/tcp_transport'
make[1]: Entering directory '/work/adapters/esp8266_rtos_sdk/targets/wemos_esp_wroom_02_18650/build/spiffs'
make[1]: Leaving directory '/work/adapters/esp8266_rtos_sdk/targets/wemos_esp_wroom_02_18650/build/spiffs'
make[1]: Entering directory '/work/adapters/esp8266_rtos_sdk/targets/wemos_esp_wroom_02_18650/build/spi_ram'
make[1]: Leaving directory '/work/adapters/esp8266_rtos_sdk/targets/wemos_esp_wroom_02_18650/build/spi_ram'
make[1]: Entering directory '/work/adapters/esp8266_rtos_sdk/targets/wemos_esp_wroom_02_18650/build/spi_flash'
make[1]: Leaving directory '/work/adapters/esp8266_rtos_sdk/targets/wemos_esp_wroom_02_18650/build/spi_flash'
make[1]: Entering directory '/work/adapters/esp8266_rtos_sdk/targets/wemos_esp_wroom_02_18650/build/pthread'
make[1]: Leaving directory '/work/adapters/esp8266_rtos_sdk/targets/wemos_esp_wroom_02_18650/build/pthread'
make[1]: Entering directory '/work/adapters/esp8266_rtos_sdk/targets/wemos_esp_wroom_02_18650/build/protocomm'
make[1]: Leaving directory '/work/adapters/esp8266_rtos_sdk/targets/wemos_esp_wroom_02_18650/build/protocomm'
make[1]: Entering directory '/work/adapters/esp8266_rtos_sdk/targets/wemos_esp_wroom_02_18650/build/protobuf-c'
make[1]: Leaving directory '/work/adapters/esp8266_rtos_sdk/targets/wemos_esp_wroom_02_18650/build/protobuf-c'
make[1]: Entering directory '/work/adapters/esp8266_rtos_sdk/targets/wemos_esp_wroom_02_18650/build/partition_table'
make[1]: Leaving directory '/work/adapters/esp8266_rtos_sdk/targets/wemos_esp_wroom_02_18650/build/partition_table'
make[1]: Entering directory '/work/adapters/esp8266_rtos_sdk/targets/wemos_esp_wroom_02_18650/build/openssl'
make[1]: Leaving directory '/work/adapters/esp8266_rtos_sdk/targets/wemos_esp_wroom_02_18650/build/openssl'
make[1]: Entering directory '/work/adapters/esp8266_rtos_sdk/targets/wemos_esp_wroom_02_18650/build/nvs_flash'
make[1]: Leaving directory '/work/adapters/esp8266_rtos_sdk/targets/wemos_esp_wroom_02_18650/build/nvs_flash'
make[1]: Entering directory '/work/adapters/esp8266_rtos_sdk/targets/wemos_esp_wroom_02_18650/build/newlib'
make[1]: Leaving directory '/work/adapters/esp8266_rtos_sdk/targets/wemos_esp_wroom_02_18650/build/newlib'
make[1]: Entering directory '/work/adapters/esp8266_rtos_sdk/targets/wemos_esp_wroom_02_18650/build/mqtt'
make[1]: Leaving directory '/work/adapters/esp8266_rtos_sdk/targets/wemos_esp_wroom_02_18650/build/mqtt'
make[1]: Entering directory '/work/adapters/esp8266_rtos_sdk/targets/wemos_esp_wroom_02_18650/build/mdns'
make[1]: Leaving directory '/work/adapters/esp8266_rtos_sdk/targets/wemos_esp_wroom_02_18650/build/mdns'
make[1]: Entering directory '/work/adapters/esp8266_rtos_sdk/targets/wemos_esp_wroom_02_18650/build/mbedtls'
make[1]: Leaving directory '/work/adapters/esp8266_rtos_sdk/targets/wemos_esp_wroom_02_18650/build/mbedtls'
make[1]: Entering directory '/work/adapters/esp8266_rtos_sdk/targets/wemos_esp_wroom_02_18650/build/main'
make[1]: Leaving directory '/work/adapters/esp8266_rtos_sdk/targets/wemos_esp_wroom_02_18650/build/main'
make[1]: Entering directory '/work/adapters/esp8266_rtos_sdk/targets/wemos_esp_wroom_02_18650/build/lwip'
make[1]: Leaving directory '/work/adapters/esp8266_rtos_sdk/targets/wemos_esp_wroom_02_18650/build/lwip'
make[1]: Entering directory '/work/adapters/esp8266_rtos_sdk/targets/wemos_esp_wroom_02_18650/build/log'
make[1]: Leaving directory '/work/adapters/esp8266_rtos_sdk/targets/wemos_esp_wroom_02_18650/build/log'
make[1]: Entering directory '/work/adapters/esp8266_rtos_sdk/targets/wemos_esp_wroom_02_18650/build/libsodium'
make[1]: Leaving directory '/work/adapters/esp8266_rtos_sdk/targets/wemos_esp_wroom_02_18650/build/libsodium'
make[1]: Entering directory '/work/adapters/esp8266_rtos_sdk/targets/wemos_esp_wroom_02_18650/build/json'
make[1]: Leaving directory '/work/adapters/esp8266_rtos_sdk/targets/wemos_esp_wroom_02_18650/build/json'
make[1]: Entering directory '/work/adapters/esp8266_rtos_sdk/targets/wemos_esp_wroom_02_18650/build/jsmn'
make[1]: Leaving directory '/work/adapters/esp8266_rtos_sdk/targets/wemos_esp_wroom_02_18650/build/jsmn'
make[1]: Entering directory '/work/adapters/esp8266_rtos_sdk/targets/wemos_esp_wroom_02_18650/build/http_parser'
make[1]: Leaving directory '/work/adapters/esp8266_rtos_sdk/targets/wemos_esp_wroom_02_18650/build/http_parser'
make[1]: Entering directory '/work/adapters/esp8266_rtos_sdk/targets/wemos_esp_wroom_02_18650/build/heap'
make[1]: Leaving directory '/work/adapters/esp8266_rtos_sdk/targets/wemos_esp_wroom_02_18650/build/heap'
make[1]: Entering directory '/work/adapters/esp8266_rtos_sdk/targets/wemos_esp_wroom_02_18650/build/freertos'
make[1]: Leaving directory '/work/adapters/esp8266_rtos_sdk/targets/wemos_esp_wroom_02_18650/build/freertos'
make[1]: Entering directory '/work/adapters/esp8266_rtos_sdk/targets/wemos_esp_wroom_02_18650/build/freemodbus'
make[1]: Leaving directory '/work/adapters/esp8266_rtos_sdk/targets/wemos_esp_wroom_02_18650/build/freemodbus'
make[1]: Entering directory '/work/adapters/esp8266_rtos_sdk/targets/wemos_esp_wroom_02_18650/build/fatfs'
make[1]: Leaving directory '/work/adapters/esp8266_rtos_sdk/targets/wemos_esp_wroom_02_18650/build/fatfs'
make[1]: Entering directory '/work/adapters/esp8266_rtos_sdk/targets/wemos_esp_wroom_02_18650/build/ev_platform'
make[1]: Leaving directory '/work/adapters/esp8266_rtos_sdk/targets/wemos_esp_wroom_02_18650/build/ev_platform'
make[1]: Entering directory '/work/adapters/esp8266_rtos_sdk/targets/wemos_esp_wroom_02_18650/build/esptool_py'
make[1]: Leaving directory '/work/adapters/esp8266_rtos_sdk/targets/wemos_esp_wroom_02_18650/build/esptool_py'
make[1]: Entering directory '/work/adapters/esp8266_rtos_sdk/targets/wemos_esp_wroom_02_18650/build/esp_ringbuf'
make[1]: Leaving directory '/work/adapters/esp8266_rtos_sdk/targets/wemos_esp_wroom_02_18650/build/esp_ringbuf'
make[1]: Entering directory '/work/adapters/esp8266_rtos_sdk/targets/wemos_esp_wroom_02_18650/build/esp_https_ota'
make[1]: Leaving directory '/work/adapters/esp8266_rtos_sdk/targets/wemos_esp_wroom_02_18650/build/esp_https_ota'
make[1]: Entering directory '/work/adapters/esp8266_rtos_sdk/targets/wemos_esp_wroom_02_18650/build/esp_http_server'
make[1]: Leaving directory '/work/adapters/esp8266_rtos_sdk/targets/wemos_esp_wroom_02_18650/build/esp_http_server'
make[1]: Entering directory '/work/adapters/esp8266_rtos_sdk/targets/wemos_esp_wroom_02_18650/build/esp_http_client'
make[1]: Leaving directory '/work/adapters/esp8266_rtos_sdk/targets/wemos_esp_wroom_02_18650/build/esp_http_client'
make[1]: Entering directory '/work/adapters/esp8266_rtos_sdk/targets/wemos_esp_wroom_02_18650/build/esp_gdbstub'
make[1]: Leaving directory '/work/adapters/esp8266_rtos_sdk/targets/wemos_esp_wroom_02_18650/build/esp_gdbstub'
make[1]: Entering directory '/work/adapters/esp8266_rtos_sdk/targets/wemos_esp_wroom_02_18650/build/esp_event'
make[1]: Leaving directory '/work/adapters/esp8266_rtos_sdk/targets/wemos_esp_wroom_02_18650/build/esp_event'
make[1]: Entering directory '/work/adapters/esp8266_rtos_sdk/targets/wemos_esp_wroom_02_18650/build/esp_common'
make[1]: Leaving directory '/work/adapters/esp8266_rtos_sdk/targets/wemos_esp_wroom_02_18650/build/esp_common'
make[1]: Entering directory '/work/adapters/esp8266_rtos_sdk/targets/wemos_esp_wroom_02_18650/build/esp8266'
make[1]: Leaving directory '/work/adapters/esp8266_rtos_sdk/targets/wemos_esp_wroom_02_18650/build/esp8266'
make[1]: Entering directory '/work/adapters/esp8266_rtos_sdk/targets/wemos_esp_wroom_02_18650/build/esp-wolfssl'
make[1]: Leaving directory '/work/adapters/esp8266_rtos_sdk/targets/wemos_esp_wroom_02_18650/build/esp-wolfssl'
make[1]: Entering directory '/work/adapters/esp8266_rtos_sdk/targets/wemos_esp_wroom_02_18650/build/esp-tls'
make[1]: Leaving directory '/work/adapters/esp8266_rtos_sdk/targets/wemos_esp_wroom_02_18650/build/esp-tls'
make[1]: Entering directory '/work/adapters/esp8266_rtos_sdk/targets/wemos_esp_wroom_02_18650/build/console'
make[1]: Leaving directory '/work/adapters/esp8266_rtos_sdk/targets/wemos_esp_wroom_02_18650/build/console'
make[1]: Entering directory '/work/adapters/esp8266_rtos_sdk/targets/wemos_esp_wroom_02_18650/build/coap'
make[1]: Leaving directory '/work/adapters/esp8266_rtos_sdk/targets/wemos_esp_wroom_02_18650/build/coap'
make[1]: Entering directory '/work/adapters/esp8266_rtos_sdk/targets/wemos_esp_wroom_02_18650/build/bootloader_support'
make[1]: Leaving directory '/work/adapters/esp8266_rtos_sdk/targets/wemos_esp_wroom_02_18650/build/bootloader_support'
make[1]: Entering directory '/work/adapters/esp8266_rtos_sdk/targets/wemos_esp_wroom_02_18650/build/bootloader'
make[1]: Leaving directory '/work/adapters/esp8266_rtos_sdk/targets/wemos_esp_wroom_02_18650/build/bootloader'
make[1]: Entering directory '/work/adapters/esp8266_rtos_sdk/targets/wemos_esp_wroom_02_18650/build/app_update'
App "ev_wroom_02" version: 0bdfa4d
make[1]: Leaving directory '/work/adapters/esp8266_rtos_sdk/targets/wemos_esp_wroom_02_18650/build/app_update'
make[1]: Entering directory '/opt/esp/ESP8266_RTOS_SDK/components/bootloader/subproject'
make[2]: Entering directory '/work/adapters/esp8266_rtos_sdk/targets/wemos_esp_wroom_02_18650/build/bootloader/esp8266'
make[2]: Leaving directory '/work/adapters/esp8266_rtos_sdk/targets/wemos_esp_wroom_02_18650/build/bootloader/esp8266'
make[2]: Entering directory '/work/adapters/esp8266_rtos_sdk/targets/wemos_esp_wroom_02_18650/build/bootloader/log'
make[2]: Leaving directory '/work/adapters/esp8266_rtos_sdk/targets/wemos_esp_wroom_02_18650/build/bootloader/log'
make[2]: Entering directory '/work/adapters/esp8266_rtos_sdk/targets/wemos_esp_wroom_02_18650/build/bootloader/spi_flash'
make[2]: Leaving directory '/work/adapters/esp8266_rtos_sdk/targets/wemos_esp_wroom_02_18650/build/bootloader/spi_flash'
make[2]: Entering directory '/work/adapters/esp8266_rtos_sdk/targets/wemos_esp_wroom_02_18650/build/bootloader/bootloader_support'
make[2]: Leaving directory '/work/adapters/esp8266_rtos_sdk/targets/wemos_esp_wroom_02_18650/build/bootloader/bootloader_support'
make[2]: Entering directory '/work/adapters/esp8266_rtos_sdk/targets/wemos_esp_wroom_02_18650/build/bootloader/main'
make[2]: Leaving directory '/work/adapters/esp8266_rtos_sdk/targets/wemos_esp_wroom_02_18650/build/bootloader/main'
make[2]: Entering directory '/work/adapters/esp8266_rtos_sdk/targets/wemos_esp_wroom_02_18650/build/bootloader/esptool_py'
make[2]: Leaving directory '/work/adapters/esp8266_rtos_sdk/targets/wemos_esp_wroom_02_18650/build/bootloader/esptool_py'
make[2]: Entering directory '/work/adapters/esp8266_rtos_sdk/targets/wemos_esp_wroom_02_18650/build/bootloader/esptool_py'
RM component_project_vars.mk
make[2]: Leaving directory '/work/adapters/esp8266_rtos_sdk/targets/wemos_esp_wroom_02_18650/build/bootloader/esptool_py'
make[2]: Entering directory '/work/adapters/esp8266_rtos_sdk/targets/wemos_esp_wroom_02_18650/build/bootloader/main'
RM libmain.a ./bootloader_start.o ./bootloader_start.d component_project_vars.mk
make[2]: Leaving directory '/work/adapters/esp8266_rtos_sdk/targets/wemos_esp_wroom_02_18650/build/bootloader/main'
make[2]: Entering directory '/work/adapters/esp8266_rtos_sdk/targets/wemos_esp_wroom_02_18650/build/bootloader/bootloader_support'
RM libbootloader_support.a src/bootloader_clock.o src/bootloader_common.o src/bootloader_flash.o src/bootloader_init.o src/bootloader_random.o src/bootloader_sha.o src/bootloader_utility.o src/efuse.o src/esp_image_format.o src/flash_encrypt.o src/flash_partitions.o src/flash_qio_mode.o src/secure_boot.o src/secure_boot_signatures.o src/bootloader_clock.d src/bootloader_common.d src/bootloader_flash.d src/bootloader_init.d src/bootloader_random.d src/bootloader_sha.d src/bootloader_utility.d src/efuse.d src/esp_image_format.d src/flash_encrypt.d src/flash_partitions.d src/flash_qio_mode.d src/secure_boot.d src/secure_boot_signatures.d component_project_vars.mk
make[2]: Leaving directory '/work/adapters/esp8266_rtos_sdk/targets/wemos_esp_wroom_02_18650/build/bootloader/bootloader_support'
make[2]: Entering directory '/work/adapters/esp8266_rtos_sdk/targets/wemos_esp_wroom_02_18650/build/bootloader/spi_flash'
RM libspi_flash.a src/spi_flash.o src/spi_flash_raw.o port/port.o src/spi_flash.d src/spi_flash_raw.d port/port.d component_project_vars.mk
make[2]: Leaving directory '/work/adapters/esp8266_rtos_sdk/targets/wemos_esp_wroom_02_18650/build/bootloader/spi_flash'
make[2]: Entering directory '/work/adapters/esp8266_rtos_sdk/targets/wemos_esp_wroom_02_18650/build/bootloader/log'
RM liblog.a ./log.o ./log.d component_project_vars.mk
make[2]: Leaving directory '/work/adapters/esp8266_rtos_sdk/targets/wemos_esp_wroom_02_18650/build/bootloader/log'
make[2]: Entering directory '/work/adapters/esp8266_rtos_sdk/targets/wemos_esp_wroom_02_18650/build/bootloader/esp8266'
RM libesp8266.a source/ets_printf.o source/crc.o source/esp_fast_boot.o source/ets_printf.d source/crc.d source/esp_fast_boot.d component_project_vars.mk
make[2]: Leaving directory '/work/adapters/esp8266_rtos_sdk/targets/wemos_esp_wroom_02_18650/build/bootloader/esp8266'
RM /work/adapters/esp8266_rtos_sdk/targets/wemos_esp_wroom_02_18650/build/bootloader/bootloader.elf
make[1]: Leaving directory '/opt/esp/ESP8266_RTOS_SDK/components/bootloader/subproject'
make[1]: Entering directory '/work/adapters/esp8266_rtos_sdk/targets/wemos_esp_wroom_02_18650/build/app_update'
App "ev_wroom_02" version: 0bdfa4d
RM libapp_update.a ./esp_app_desc.o ./esp_ota_ops.o ./esp_app_desc.d ./esp_ota_ops.d component_project_vars.mk
make[1]: Leaving directory '/work/adapters/esp8266_rtos_sdk/targets/wemos_esp_wroom_02_18650/build/app_update'
make[1]: Entering directory '/work/adapters/esp8266_rtos_sdk/targets/wemos_esp_wroom_02_18650/build/bootloader'
RM component_project_vars.mk
make[1]: Leaving directory '/work/adapters/esp8266_rtos_sdk/targets/wemos_esp_wroom_02_18650/build/bootloader'
make[1]: Entering directory '/work/adapters/esp8266_rtos_sdk/targets/wemos_esp_wroom_02_18650/build/bootloader_support'
RM libbootloader_support.a src/bootloader_clock.o src/bootloader_common.o src/bootloader_flash.o src/bootloader_init.o src/bootloader_random.o src/bootloader_sha.o src/bootloader_utility.o src/efuse.o src/esp_image_format.o src/flash_encrypt.o src/flash_partitions.o src/flash_qio_mode.o src/secure_boot.o src/secure_boot_signatures.o src/bootloader_clock.d src/bootloader_common.d src/bootloader_flash.d src/bootloader_init.d src/bootloader_random.d src/bootloader_sha.d src/bootloader_utility.d src/efuse.d src/esp_image_format.d src/flash_encrypt.d src/flash_partitions.d src/flash_qio_mode.d src/secure_boot.d src/secure_boot_signatures.d component_project_vars.mk
make[1]: Leaving directory '/work/adapters/esp8266_rtos_sdk/targets/wemos_esp_wroom_02_18650/build/bootloader_support'
make[1]: Entering directory '/work/adapters/esp8266_rtos_sdk/targets/wemos_esp_wroom_02_18650/build/coap'
RM libcoap.a component_project_vars.mk
make[1]: Leaving directory '/work/adapters/esp8266_rtos_sdk/targets/wemos_esp_wroom_02_18650/build/coap'
make[1]: Entering directory '/work/adapters/esp8266_rtos_sdk/targets/wemos_esp_wroom_02_18650/build/console'
RM libconsole.a linenoise/linenoise.o argtable3/argtable3.o ./commands.o ./split_argv.o linenoise/linenoise.d argtable3/argtable3.d ./commands.d ./split_argv.d component_project_vars.mk
make[1]: Leaving directory '/work/adapters/esp8266_rtos_sdk/targets/wemos_esp_wroom_02_18650/build/console'
make[1]: Entering directory '/work/adapters/esp8266_rtos_sdk/targets/wemos_esp_wroom_02_18650/build/esp-tls'
RM libesp-tls.a esp_tls.o esp_tls_mbedtls.o esp_tls.d esp_tls_mbedtls.d component_project_vars.mk
make[1]: Leaving directory '/work/adapters/esp8266_rtos_sdk/targets/wemos_esp_wroom_02_18650/build/esp-tls'
make[1]: Entering directory '/work/adapters/esp8266_rtos_sdk/targets/wemos_esp_wroom_02_18650/build/esp-wolfssl'
RM libesp-wolfssl.a component_project_vars.mk
make[1]: Leaving directory '/work/adapters/esp8266_rtos_sdk/targets/wemos_esp_wroom_02_18650/build/esp-wolfssl'
make[1]: Entering directory '/work/adapters/esp8266_rtos_sdk/targets/wemos_esp_wroom_02_18650/build/esp8266'
RM libesp8266.a driver/adc.o driver/gpio.o driver/hspi_logic_layer.o driver/hw_timer.o driver/i2c.o driver/i2s.o driver/ir_rx.o driver/ir_tx.o driver/ledc.o driver/pwm.o driver/spi.o driver/uart.o source/backtrace.o source/chip_boot.o source/crc.o source/esp_fast_boot.o source/esp_fsleep.o source/esp_sleep.o source/esp_timer.o source/esp_wifi.o source/esp_wifi_os_adapter.o source/ets_printf.o source/hw_random.o source/phy_init.o source/reset_reason.o source/rom.o source/smartconfig.o source/smartconfig_ack.o source/startup.o source/system_api.o source/task_wdt.o driver/adc.d driver/gpio.d driver/hspi_logic_layer.d driver/hw_timer.d driver/i2c.d driver/i2s.d driver/ir_rx.d driver/ir_tx.d driver/ledc.d driver/pwm.d driver/spi.d driver/uart.d source/backtrace.d source/chip_boot.d source/crc.d source/esp_fast_boot.d source/esp_fsleep.d source/esp_sleep.d source/esp_timer.d source/esp_wifi.d source/esp_wifi_os_adapter.d source/ets_printf.d source/hw_random.d source/phy_init.d source/reset_reason.d source/rom.d source/smartconfig.d source/smartconfig_ack.d source/startup.d source/system_api.d source/task_wdt.d esp8266_out.ld /work/adapters/esp8266_rtos_sdk/targets/wemos_esp_wroom_02_18650/build/esp8266/esp8266.project.ld component_project_vars.mk
make[1]: Leaving directory '/work/adapters/esp8266_rtos_sdk/targets/wemos_esp_wroom_02_18650/build/esp8266'
make[1]: Entering directory '/work/adapters/esp8266_rtos_sdk/targets/wemos_esp_wroom_02_18650/build/esp_common'
RM libesp_common.a src/esp_err_to_name.o src/stack_check.o src/esp_err_to_name.d src/stack_check.d component_project_vars.mk
make[1]: Leaving directory '/work/adapters/esp8266_rtos_sdk/targets/wemos_esp_wroom_02_18650/build/esp_common'
make[1]: Entering directory '/work/adapters/esp8266_rtos_sdk/targets/wemos_esp_wroom_02_18650/build/esp_event'
RM libesp_event.a ./default_event_loop.o ./esp_event.o ./esp_event_private.o ./event_loop_legacy.o ./event_send.o ./default_event_loop.d ./esp_event.d ./esp_event_private.d ./event_loop_legacy.d ./event_send.d component_project_vars.mk
make[1]: Leaving directory '/work/adapters/esp8266_rtos_sdk/targets/wemos_esp_wroom_02_18650/build/esp_event'
make[1]: Entering directory '/work/adapters/esp8266_rtos_sdk/targets/wemos_esp_wroom_02_18650/build/esp_gdbstub'
RM libesp_gdbstub.a src/gdbstub.o src/packet.o esp8266/gdbstub_esp8266.o xtensa/gdbstub_xtensa.o src/gdbstub.d src/packet.d esp8266/gdbstub_esp8266.d xtensa/gdbstub_xtensa.d component_project_vars.mk
make[1]: Leaving directory '/work/adapters/esp8266_rtos_sdk/targets/wemos_esp_wroom_02_18650/build/esp_gdbstub'
make[1]: Entering directory '/work/adapters/esp8266_rtos_sdk/targets/wemos_esp_wroom_02_18650/build/esp_http_client'
RM libesp_http_client.a ./esp_http_client.o lib/http_auth.o lib/http_header.o lib/http_utils.o ./esp_http_client.d lib/http_auth.d lib/http_header.d lib/http_utils.d component_project_vars.mk
make[1]: Leaving directory '/work/adapters/esp8266_rtos_sdk/targets/wemos_esp_wroom_02_18650/build/esp_http_client'
make[1]: Entering directory '/work/adapters/esp8266_rtos_sdk/targets/wemos_esp_wroom_02_18650/build/esp_http_server'
RM libesp_http_server.a src/httpd_main.o src/httpd_parse.o src/httpd_sess.o src/httpd_txrx.o src/httpd_uri.o src/util/ctrl_sock.o src/httpd_main.d src/httpd_parse.d src/httpd_sess.d src/httpd_txrx.d src/httpd_uri.d src/util/ctrl_sock.d component_project_vars.mk
make[1]: Leaving directory '/work/adapters/esp8266_rtos_sdk/targets/wemos_esp_wroom_02_18650/build/esp_http_server'
make[1]: Entering directory '/work/adapters/esp8266_rtos_sdk/targets/wemos_esp_wroom_02_18650/build/esp_https_ota'
RM libesp_https_ota.a src/esp_https_ota.o src/esp_https_ota.d component_project_vars.mk
make[1]: Leaving directory '/work/adapters/esp8266_rtos_sdk/targets/wemos_esp_wroom_02_18650/build/esp_https_ota'
make[1]: Entering directory '/work/adapters/esp8266_rtos_sdk/targets/wemos_esp_wroom_02_18650/build/esp_ringbuf'
RM libesp_ringbuf.a ./ringbuf.o ./ringbuf.d component_project_vars.mk
make[1]: Leaving directory '/work/adapters/esp8266_rtos_sdk/targets/wemos_esp_wroom_02_18650/build/esp_ringbuf'
make[1]: Entering directory '/work/adapters/esp8266_rtos_sdk/targets/wemos_esp_wroom_02_18650/build/esptool_py'
RM component_project_vars.mk
make[1]: Leaving directory '/work/adapters/esp8266_rtos_sdk/targets/wemos_esp_wroom_02_18650/build/esptool_py'
make[1]: Entering directory '/work/adapters/esp8266_rtos_sdk/targets/wemos_esp_wroom_02_18650/build/ev_platform'
RM libev_platform.a ./ev_boot_diag.o ./ev_freertos_static_hooks.o ./ev_i2c_adapter.o ./ev_irq_adapter.o ./ev_net_adapter.o ./ev_onewire_adapter.o ./ev_platform_ports.o ./ev_runtime_app.o ./ev_wdt_adapter.o core/src/ev_actor_catalog.o core/src/ev_actor_runtime.o core/src/ev_dispose.o core/src/ev_domain_pump.o core/src/ev_event_catalog.o core/src/ev_lease_pool.o core/src/ev_mailbox.o core/src/ev_msg.o core/src/ev_publish.o core/src/ev_route_table.o core/src/ev_send.o core/src/ev_system_pump.o core/src/ev_version.o actors/device/ev_ds18b20_actor.o actors/device/ev_mcp23008_actor.o actors/device/ev_oled_actor.o actors/device/ev_panel_actor.o actors/device/ev_rtc_actor.o actors/framework/ev_command_actor.o actors/framework/ev_network_actor.o actors/framework/ev_power_actor.o actors/framework/ev_supervisor_actor.o actors/framework/ev_watchdog_actor.o runtime/src/ev_active_route_table.o runtime/src/ev_actor_instance.o runtime/src/ev_actor_modules.o runtime/src/ev_actor_publish_port.o runtime/src/ev_command_security.o runtime/src/ev_delivery_service.o runtime/src/ev_fault_bus.o runtime/src/ev_ingress_service.o runtime/src/ev_metrics_registry.o runtime/src/ev_network_outbox.o runtime/src/ev_power_manager.o runtime/src/ev_power_state_machine.o runtime/src/ev_qos_contract.o runtime/src/ev_quiescence_service.o runtime/src/ev_runtime_builder.o runtime/src/ev_runtime_graph.o runtime/src/ev_runtime_loop.o runtime/src/ev_runtime_poll.o runtime/src/ev_runtime_scheduler.o runtime/src/ev_timer_service.o runtime/src/ev_trace_ring.o modules/src/ev_module_layer.o drivers/src/ev_driver_layer.o apps/demo/ev_demo_app.o apps/demo/ev_demo_board_wiring.o apps/demo/ev_demo_policy.o apps/demo/ev_demo_presentation.o apps/demo/ev_demo_runtime_instances.o ./ev_boot_diag.d ./ev_freertos_static_hooks.d ./ev_i2c_adapter.d ./ev_irq_adapter.d ./ev_net_adapter.d ./ev_onewire_adapter.d ./ev_platform_ports.d ./ev_runtime_app.d ./ev_wdt_adapter.d core/src/ev_actor_catalog.d core/src/ev_actor_runtime.d core/src/ev_dispose.d core/src/ev_domain_pump.d core/src/ev_event_catalog.d core/src/ev_lease_pool.d core/src/ev_mailbox.d core/src/ev_msg.d core/src/ev_publish.d core/src/ev_route_table.d core/src/ev_send.d core/src/ev_system_pump.d core/src/ev_version.d actors/device/ev_ds18b20_actor.d actors/device/ev_mcp23008_actor.d actors/device/ev_oled_actor.d actors/device/ev_panel_actor.d actors/device/ev_rtc_actor.d actors/framework/ev_command_actor.d actors/framework/ev_network_actor.d actors/framework/ev_power_actor.d actors/framework/ev_supervisor_actor.d actors/framework/ev_watchdog_actor.d runtime/src/ev_active_route_table.d runtime/src/ev_actor_instance.d runtime/src/ev_actor_modules.d runtime/src/ev_actor_publish_port.d runtime/src/ev_command_security.d runtime/src/ev_delivery_service.d runtime/src/ev_fault_bus.d runtime/src/ev_ingress_service.d runtime/src/ev_metrics_registry.d runtime/src/ev_network_outbox.d runtime/src/ev_power_manager.d runtime/src/ev_power_state_machine.d runtime/src/ev_qos_contract.d runtime/src/ev_quiescence_service.d runtime/src/ev_runtime_builder.d runtime/src/ev_runtime_graph.d runtime/src/ev_runtime_loop.d runtime/src/ev_runtime_poll.d runtime/src/ev_runtime_scheduler.d runtime/src/ev_timer_service.d runtime/src/ev_trace_ring.d modules/src/ev_module_layer.d drivers/src/ev_driver_layer.d apps/demo/ev_demo_app.d apps/demo/ev_demo_board_wiring.d apps/demo/ev_demo_policy.d apps/demo/ev_demo_presentation.d apps/demo/ev_demo_runtime_instances.d component_project_vars.mk
make[1]: Leaving directory '/work/adapters/esp8266_rtos_sdk/targets/wemos_esp_wroom_02_18650/build/ev_platform'
make[1]: Entering directory '/work/adapters/esp8266_rtos_sdk/targets/wemos_esp_wroom_02_18650/build/fatfs'
RM libfatfs.a diskio/diskio.o diskio/diskio_rawflash.o diskio/diskio_wl.o vfs/vfs_fat.o vfs/vfs_fat_spiflash.o port/freertos/ffsystem.o src/ff.o src/ffunicode.o diskio/diskio.d diskio/diskio_rawflash.d diskio/diskio_wl.d vfs/vfs_fat.d vfs/vfs_fat_spiflash.d port/freertos/ffsystem.d src/ff.d src/ffunicode.d src/diskio.o src/ffsystem.o diskio/diskio_sdmmc.o vfs/vfs_fat_sdmmc.o src/diskio.d src/ffsystem.d diskio/diskio_sdmmc.d vfs/vfs_fat_sdmmc.d component_project_vars.mk
make[1]: Leaving directory '/work/adapters/esp8266_rtos_sdk/targets/wemos_esp_wroom_02_18650/build/fatfs'
make[1]: Entering directory '/work/adapters/esp8266_rtos_sdk/targets/wemos_esp_wroom_02_18650/build/freemodbus'
RM libfreemodbus.a common/esp_modbus_master.o common/esp_modbus_master_tcp.o common/esp_modbus_slave.o common/esp_modbus_slave_tcp.o modbus/mb.o modbus/mb_m.o modbus/ascii/mbascii.o modbus/ascii/mbascii_m.o modbus/functions/mbfunccoils.o modbus/functions/mbfunccoils_m.o modbus/functions/mbfuncdiag.o modbus/functions/mbfuncdisc.o modbus/functions/mbfuncdisc_m.o modbus/functions/mbfuncholding.o modbus/functions/mbfuncholding_m.o modbus/functions/mbfuncinput.o modbus/functions/mbfuncinput_m.o modbus/functions/mbfuncother.o modbus/functions/mbutils.o modbus/rtu/mbcrc.o modbus/rtu/mbrtu.o modbus/rtu/mbrtu_m.o modbus/tcp/mbtcp.o modbus/tcp/mbtcp_m.o tcp_slave/port/port_tcp_slave.o tcp_slave/modbus_controller/mbc_tcp_slave.o tcp_master/port/port_tcp_master.o tcp_master/modbus_controller/mbc_tcp_master.o port/port.o port/portevent.o port/portevent_m.o port/portother.o port/portother_m.o port/porttimer.o port/porttimer_m.o common/esp_modbus_master.d common/esp_modbus_master_tcp.d common/esp_modbus_slave.d common/esp_modbus_slave_tcp.d modbus/mb.d modbus/mb_m.d modbus/ascii/mbascii.d modbus/ascii/mbascii_m.d modbus/functions/mbfunccoils.d modbus/functions/mbfunccoils_m.d modbus/functions/mbfuncdiag.d modbus/functions/mbfuncdisc.d modbus/functions/mbfuncdisc_m.d modbus/functions/mbfuncholding.d modbus/functions/mbfuncholding_m.d modbus/functions/mbfuncinput.d modbus/functions/mbfuncinput_m.d modbus/functions/mbfuncother.d modbus/functions/mbutils.d modbus/rtu/mbcrc.d modbus/rtu/mbrtu.d modbus/rtu/mbrtu_m.d modbus/tcp/mbtcp.d modbus/tcp/mbtcp_m.d tcp_slave/port/port_tcp_slave.d tcp_slave/modbus_controller/mbc_tcp_slave.d tcp_master/port/port_tcp_master.d tcp_master/modbus_controller/mbc_tcp_master.d port/port.d port/portevent.d port/portevent_m.d port/portother.d port/portother_m.d port/porttimer.d port/porttimer_m.d component_project_vars.mk
make[1]: Leaving directory '/work/adapters/esp8266_rtos_sdk/targets/wemos_esp_wroom_02_18650/build/freemodbus'
make[1]: Entering directory '/work/adapters/esp8266_rtos_sdk/targets/wemos_esp_wroom_02_18650/build/freertos'
RM libfreertos.a port/esp8266/freertos_hooks.o port/esp8266/panic.o port/esp8266/port.o freertos/event_groups.o freertos/list.o freertos/queue.o freertos/stream_buffer.o freertos/tasks.o freertos/timers.o port/esp8266/os_cpu_a.o port/esp8266/xtensa_context.o port/esp8266/xtensa_vectors.o port/esp8266/freertos_hooks.d port/esp8266/panic.d port/esp8266/port.d freertos/event_groups.d freertos/list.d freertos/queue.d freertos/stream_buffer.d freertos/tasks.d freertos/timers.d port/esp8266/os_cpu_a.d port/esp8266/xtensa_context.d port/esp8266/xtensa_vectors.d component_project_vars.mk
make[1]: Leaving directory '/work/adapters/esp8266_rtos_sdk/targets/wemos_esp_wroom_02_18650/build/freertos'
make[1]: Entering directory '/work/adapters/esp8266_rtos_sdk/targets/wemos_esp_wroom_02_18650/build/heap'
RM libheap.a src/esp_heap_caps.o src/esp_heap_trace.o port/esp8266/esp_heap_init.o src/esp_heap_caps.d src/esp_heap_trace.d port/esp8266/esp_heap_init.d component_project_vars.mk
make[1]: Leaving directory '/work/adapters/esp8266_rtos_sdk/targets/wemos_esp_wroom_02_18650/build/heap'
make[1]: Entering directory '/work/adapters/esp8266_rtos_sdk/targets/wemos_esp_wroom_02_18650/build/http_parser'
RM libhttp_parser.a src/http_parser.o src/http_parser.d component_project_vars.mk
make[1]: Leaving directory '/work/adapters/esp8266_rtos_sdk/targets/wemos_esp_wroom_02_18650/build/http_parser'
make[1]: Entering directory '/work/adapters/esp8266_rtos_sdk/targets/wemos_esp_wroom_02_18650/build/jsmn'
RM libjsmn.a src//jsmn.o src//jsmn.d component_project_vars.mk
make[1]: Leaving directory '/work/adapters/esp8266_rtos_sdk/targets/wemos_esp_wroom_02_18650/build/jsmn'
make[1]: Entering directory '/work/adapters/esp8266_rtos_sdk/targets/wemos_esp_wroom_02_18650/build/json'
RM libjson.a cJSON/cJSON.o cJSON/cJSON_Utils.o cJSON/cJSON.d cJSON/cJSON_Utils.d component_project_vars.mk
make[1]: Leaving directory '/work/adapters/esp8266_rtos_sdk/targets/wemos_esp_wroom_02_18650/build/json'
make[1]: Entering directory '/work/adapters/esp8266_rtos_sdk/targets/wemos_esp_wroom_02_18650/build/libsodium'
RM liblibsodium.a port/randombytes_esp8266.o libsodium/src/libsodium/crypto_aead/chacha20poly1305/sodium/aead_chacha20poly1305.o libsodium/src/libsodium/crypto_aead/xchacha20poly1305/sodium/aead_xchacha20poly1305.o libsodium/src/libsodium/crypto_auth/crypto_auth.o libsodium/src/libsodium/crypto_auth/hmacsha256/auth_hmacsha256.o libsodium/src/libsodium/crypto_auth/hmacsha512/auth_hmacsha512.o libsodium/src/libsodium/crypto_auth/hmacsha512256/auth_hmacsha512256.o libsodium/src/libsodium/crypto_box/crypto_box.o libsodium/src/libsodium/crypto_box/crypto_box_easy.o libsodium/src/libsodium/crypto_box/crypto_box_seal.o libsodium/src/libsodium/crypto_box/curve25519xsalsa20poly1305/box_curve25519xsalsa20poly1305.o libsodium/src/libsodium/crypto_core/curve25519/ref10/curve25519_ref10.o libsodium/src/libsodium/crypto_core/hchacha20/core_hchacha20.o libsodium/src/libsodium/crypto_core/hsalsa20/ref2/core_hsalsa20_ref2.o libsodium/src/libsodium/crypto_core/hsalsa20/core_hsalsa20.o libsodium/src/libsodium/crypto_core/salsa/ref/core_salsa_ref.o libsodium/src/libsodium/crypto_generichash/crypto_generichash.o libsodium/src/libsodium/crypto_generichash/blake2b/generichash_blake2.o libsodium/src/libsodium/crypto_generichash/blake2b/ref/blake2b-compress-avx2.o libsodium/src/libsodium/crypto_generichash/blake2b/ref/blake2b-compress-ref.o libsodium/src/libsodium/crypto_generichash/blake2b/ref/blake2b-compress-sse41.o libsodium/src/libsodium/crypto_generichash/blake2b/ref/blake2b-compress-ssse3.o libsodium/src/libsodium/crypto_generichash/blake2b/ref/blake2b-ref.o libsodium/src/libsodium/crypto_generichash/blake2b/ref/generichash_blake2b.o libsodium/src/libsodium/crypto_hash/crypto_hash.o libsodium/src/libsodium/crypto_hash/sha256/hash_sha256.o libsodium/src/libsodium/crypto_hash/sha512/hash_sha512.o libsodium/src/libsodium/crypto_kdf/blake2b/kdf_blake2b.o libsodium/src/libsodium/crypto_kdf/crypto_kdf.o libsodium/src/libsodium/crypto_kx/crypto_kx.o libsodium/src/libsodium/crypto_onetimeauth/crypto_onetimeauth.o libsodium/src/libsodium/crypto_onetimeauth/poly1305/onetimeauth_poly1305.o libsodium/src/libsodium/crypto_onetimeauth/poly1305/donna/poly1305_donna.o libsodium/src/libsodium/crypto_pwhash/argon2/argon2-core.o libsodium/src/libsodium/crypto_pwhash/argon2/argon2-encoding.o libsodium/src/libsodium/crypto_pwhash/argon2/argon2-fill-block-ref.o libsodium/src/libsodium/crypto_pwhash/argon2/argon2-fill-block-ssse3.o libsodium/src/libsodium/crypto_pwhash/argon2/argon2.o libsodium/src/libsodium/crypto_pwhash/argon2/blake2b-long.o libsodium/src/libsodium/crypto_pwhash/argon2/pwhash_argon2i.o libsodium/src/libsodium/crypto_pwhash/crypto_pwhash.o libsodium/src/libsodium/crypto_pwhash/scryptsalsa208sha256/crypto_scrypt-common.o libsodium/src/libsodium/crypto_pwhash/scryptsalsa208sha256/pbkdf2-sha256.o libsodium/src/libsodium/crypto_pwhash/scryptsalsa208sha256/pwhash_scryptsalsa208sha256.o libsodium/src/libsodium/crypto_pwhash/scryptsalsa208sha256/scrypt_platform.o libsodium/src/libsodium/crypto_pwhash/scryptsalsa208sha256/nosse/pwhash_scryptsalsa208sha256_nosse.o libsodium/src/libsodium/crypto_scalarmult/crypto_scalarmult.o libsodium/src/libsodium/crypto_scalarmult/curve25519/scalarmult_curve25519.o libsodium/src/libsodium/crypto_scalarmult/curve25519/ref10/x25519_ref10.o libsodium/src/libsodium/crypto_secretbox/crypto_secretbox.o libsodium/src/libsodium/crypto_secretbox/crypto_secretbox_easy.o libsodium/src/libsodium/crypto_secretbox/xsalsa20poly1305/secretbox_xsalsa20poly1305.o libsodium/src/libsodium/crypto_shorthash/crypto_shorthash.o libsodium/src/libsodium/crypto_shorthash/siphash24/shorthash_siphash24.o libsodium/src/libsodium/crypto_shorthash/siphash24/shorthash_siphashx24.o libsodium/src/libsodium/crypto_shorthash/siphash24/ref/shorthash_siphash24_ref.o libsodium/src/libsodium/crypto_shorthash/siphash24/ref/shorthash_siphashx24_ref.o libsodium/src/libsodium/crypto_sign/crypto_sign.o libsodium/src/libsodium/crypto_sign/ed25519/sign_ed25519.o libsodium/src/libsodium/crypto_sign/ed25519/ref10/keypair.o libsodium/src/libsodium/crypto_sign/ed25519/ref10/obsolete.o libsodium/src/libsodium/crypto_sign/ed25519/ref10/open.o libsodium/src/libsodium/crypto_sign/ed25519/ref10/sign.o libsodium/src/libsodium/crypto_stream/chacha20/stream_chacha20.o libsodium/src/libsodium/crypto_stream/chacha20/ref/chacha20_ref.o libsodium/src/libsodium/crypto_stream/crypto_stream.o libsodium/src/libsodium/crypto_stream/salsa20/stream_salsa20.o libsodium/src/libsodium/crypto_stream/salsa20/ref/salsa20_ref.o libsodium/src/libsodium/crypto_stream/xsalsa20/stream_xsalsa20.o libsodium/src/libsodium/crypto_verify/sodium/verify.o libsodium/src/libsodium/randombytes/randombytes.o libsodium/src/libsodium/sodium/core.o libsodium/src/libsodium/sodium/runtime.o libsodium/src/libsodium/sodium/utils.o libsodium/src/libsodium/sodium/version.o port/crypto_hash_mbedtls/crypto_hash_sha256_mbedtls.o port/crypto_hash_mbedtls/crypto_hash_sha512_mbedtls.o port/randombytes_esp8266.d libsodium/src/libsodium/crypto_aead/chacha20poly1305/sodium/aead_chacha20poly1305.d libsodium/src/libsodium/crypto_aead/xchacha20poly1305/sodium/aead_xchacha20poly1305.d libsodium/src/libsodium/crypto_auth/crypto_auth.d libsodium/src/libsodium/crypto_auth/hmacsha256/auth_hmacsha256.d libsodium/src/libsodium/crypto_auth/hmacsha512/auth_hmacsha512.d libsodium/src/libsodium/crypto_auth/hmacsha512256/auth_hmacsha512256.d libsodium/src/libsodium/crypto_box/crypto_box.d libsodium/src/libsodium/crypto_box/crypto_box_easy.d libsodium/src/libsodium/crypto_box/crypto_box_seal.d libsodium/src/libsodium/crypto_box/curve25519xsalsa20poly1305/box_curve25519xsalsa20poly1305.d libsodium/src/libsodium/crypto_core/curve25519/ref10/curve25519_ref10.d libsodium/src/libsodium/crypto_core/hchacha20/core_hchacha20.d libsodium/src/libsodium/crypto_core/hsalsa20/ref2/core_hsalsa20_ref2.d libsodium/src/libsodium/crypto_core/hsalsa20/core_hsalsa20.d libsodium/src/libsodium/crypto_core/salsa/ref/core_salsa_ref.d libsodium/src/libsodium/crypto_generichash/crypto_generichash.d libsodium/src/libsodium/crypto_generichash/blake2b/generichash_blake2.d libsodium/src/libsodium/crypto_generichash/blake2b/ref/blake2b-compress-avx2.d libsodium/src/libsodium/crypto_generichash/blake2b/ref/blake2b-compress-ref.d libsodium/src/libsodium/crypto_generichash/blake2b/ref/blake2b-compress-sse41.d libsodium/src/libsodium/crypto_generichash/blake2b/ref/blake2b-compress-ssse3.d libsodium/src/libsodium/crypto_generichash/blake2b/ref/blake2b-ref.d libsodium/src/libsodium/crypto_generichash/blake2b/ref/generichash_blake2b.d libsodium/src/libsodium/crypto_hash/crypto_hash.d libsodium/src/libsodium/crypto_hash/sha256/hash_sha256.d libsodium/src/libsodium/crypto_hash/sha512/hash_sha512.d libsodium/src/libsodium/crypto_kdf/blake2b/kdf_blake2b.d libsodium/src/libsodium/crypto_kdf/crypto_kdf.d libsodium/src/libsodium/crypto_kx/crypto_kx.d libsodium/src/libsodium/crypto_onetimeauth/crypto_onetimeauth.d libsodium/src/libsodium/crypto_onetimeauth/poly1305/onetimeauth_poly1305.d libsodium/src/libsodium/crypto_onetimeauth/poly1305/donna/poly1305_donna.d libsodium/src/libsodium/crypto_pwhash/argon2/argon2-core.d libsodium/src/libsodium/crypto_pwhash/argon2/argon2-encoding.d libsodium/src/libsodium/crypto_pwhash/argon2/argon2-fill-block-ref.d libsodium/src/libsodium/crypto_pwhash/argon2/argon2-fill-block-ssse3.d libsodium/src/libsodium/crypto_pwhash/argon2/argon2.d libsodium/src/libsodium/crypto_pwhash/argon2/blake2b-long.d libsodium/src/libsodium/crypto_pwhash/argon2/pwhash_argon2i.d libsodium/src/libsodium/crypto_pwhash/crypto_pwhash.d libsodium/src/libsodium/crypto_pwhash/scryptsalsa208sha256/crypto_scrypt-common.d libsodium/src/libsodium/crypto_pwhash/scryptsalsa208sha256/pbkdf2-sha256.d libsodium/src/libsodium/crypto_pwhash/scryptsalsa208sha256/pwhash_scryptsalsa208sha256.d libsodium/src/libsodium/crypto_pwhash/scryptsalsa208sha256/scrypt_platform.d libsodium/src/libsodium/crypto_pwhash/scryptsalsa208sha256/nosse/pwhash_scryptsalsa208sha256_nosse.d libsodium/src/libsodium/crypto_scalarmult/crypto_scalarmult.d libsodium/src/libsodium/crypto_scalarmult/curve25519/scalarmult_curve25519.d libsodium/src/libsodium/crypto_scalarmult/curve25519/ref10/x25519_ref10.d libsodium/src/libsodium/crypto_secretbox/crypto_secretbox.d libsodium/src/libsodium/crypto_secretbox/crypto_secretbox_easy.d libsodium/src/libsodium/crypto_secretbox/xsalsa20poly1305/secretbox_xsalsa20poly1305.d libsodium/src/libsodium/crypto_shorthash/crypto_shorthash.d libsodium/src/libsodium/crypto_shorthash/siphash24/shorthash_siphash24.d libsodium/src/libsodium/crypto_shorthash/siphash24/shorthash_siphashx24.d libsodium/src/libsodium/crypto_shorthash/siphash24/ref/shorthash_siphash24_ref.d libsodium/src/libsodium/crypto_shorthash/siphash24/ref/shorthash_siphashx24_ref.d libsodium/src/libsodium/crypto_sign/crypto_sign.d libsodium/src/libsodium/crypto_sign/ed25519/sign_ed25519.d libsodium/src/libsodium/crypto_sign/ed25519/ref10/keypair.d libsodium/src/libsodium/crypto_sign/ed25519/ref10/obsolete.d libsodium/src/libsodium/crypto_sign/ed25519/ref10/open.d libsodium/src/libsodium/crypto_sign/ed25519/ref10/sign.d libsodium/src/libsodium/crypto_stream/chacha20/stream_chacha20.d libsodium/src/libsodium/crypto_stream/chacha20/ref/chacha20_ref.d libsodium/src/libsodium/crypto_stream/crypto_stream.d libsodium/src/libsodium/crypto_stream/salsa20/stream_salsa20.d libsodium/src/libsodium/crypto_stream/salsa20/ref/salsa20_ref.d libsodium/src/libsodium/crypto_stream/xsalsa20/stream_xsalsa20.d libsodium/src/libsodium/crypto_verify/sodium/verify.d libsodium/src/libsodium/randombytes/randombytes.d libsodium/src/libsodium/sodium/core.d libsodium/src/libsodium/sodium/runtime.d libsodium/src/libsodium/sodium/utils.d libsodium/src/libsodium/sodium/version.d port/crypto_hash_mbedtls/crypto_hash_sha256_mbedtls.d port/crypto_hash_mbedtls/crypto_hash_sha512_mbedtls.d component_project_vars.mk
make[1]: Leaving directory '/work/adapters/esp8266_rtos_sdk/targets/wemos_esp_wroom_02_18650/build/libsodium'
make[1]: Entering directory '/work/adapters/esp8266_rtos_sdk/targets/wemos_esp_wroom_02_18650/build/log'
RM liblog.a ./log.o ./log.d component_project_vars.mk
make[1]: Leaving directory '/work/adapters/esp8266_rtos_sdk/targets/wemos_esp_wroom_02_18650/build/log'
make[1]: Entering directory '/work/adapters/esp8266_rtos_sdk/targets/wemos_esp_wroom_02_18650/build/lwip'
RM liblwip.a apps/dhcpserver/dhcpserver.o apps/ping/esp_ping.o apps/ping/ping.o apps/ping/ping_sock.o apps/sntp/sntp.o lwip/src/api/api_lib.o lwip/src/api/api_msg.o lwip/src/api/err.o lwip/src/api/if_api.o lwip/src/api/netbuf.o lwip/src/api/netdb.o lwip/src/api/netifapi.o lwip/src/api/sockets.o lwip/src/api/tcpip.o lwip/src/apps/sntp/sntp.o lwip/src/apps/netbiosns/netbiosns.o lwip/src/core/altcp.o lwip/src/core/altcp_alloc.o lwip/src/core/altcp_tcp.o lwip/src/core/def.o lwip/src/core/dns.o lwip/src/core/inet_chksum.o lwip/src/core/init.o lwip/src/core/ip.o lwip/src/core/mem.o lwip/src/core/memp.o lwip/src/core/netif.o lwip/src/core/pbuf.o lwip/src/core/raw.o lwip/src/core/stats.o lwip/src/core/sys.o lwip/src/core/tcp.o lwip/src/core/tcp_in.o lwip/src/core/tcp_out.o lwip/src/core/timeouts.o lwip/src/core/udp.o lwip/src/core/ipv4/autoip.o lwip/src/core/ipv4/dhcp.o lwip/src/core/ipv4/etharp.o lwip/src/core/ipv4/icmp.o lwip/src/core/ipv4/igmp.o lwip/src/core/ipv4/ip4.o lwip/src/core/ipv4/ip4_addr.o lwip/src/core/ipv4/ip4_frag.o lwip/src/core/ipv4/ip4_napt.o lwip/src/core/ipv6/dhcp6.o lwip/src/core/ipv6/ethip6.o lwip/src/core/ipv6/icmp6.o lwip/src/core/ipv6/inet6.o lwip/src/core/ipv6/ip6.o lwip/src/core/ipv6/ip6_addr.o lwip/src/core/ipv6/ip6_frag.o lwip/src/core/ipv6/mld6.o lwip/src/core/ipv6/nd6.o lwip/src/netif/bridgeif.o lwip/src/netif/bridgeif_fdb.o lwip/src/netif/ethernet.o lwip/src/netif/lowpan6.o lwip/src/netif/lowpan6_ble.o lwip/src/netif/lowpan6_common.o lwip/src/netif/slipif.o lwip/src/netif/zepif.o port/esp8266/vfs_lwip.o port/esp8266/freertos/sys_arch.o port/esp8266/netif/dhcp_state.o port/esp8266/netif/wlanif.o port/esp8266/debug/lwip_debug.o apps/dhcpserver/dhcpserver.d apps/ping/esp_ping.d apps/ping/ping.d apps/ping/ping_sock.d apps/sntp/sntp.d lwip/src/api/api_lib.d lwip/src/api/api_msg.d lwip/src/api/err.d lwip/src/api/if_api.d lwip/src/api/netbuf.d lwip/src/api/netdb.d lwip/src/api/netifapi.d lwip/src/api/sockets.d lwip/src/api/tcpip.d lwip/src/apps/sntp/sntp.d lwip/src/apps/netbiosns/netbiosns.d lwip/src/core/altcp.d lwip/src/core/altcp_alloc.d lwip/src/core/altcp_tcp.d lwip/src/core/def.d lwip/src/core/dns.d lwip/src/core/inet_chksum.d lwip/src/core/init.d lwip/src/core/ip.d lwip/src/core/mem.d lwip/src/core/memp.d lwip/src/core/netif.d lwip/src/core/pbuf.d lwip/src/core/raw.d lwip/src/core/stats.d lwip/src/core/sys.d lwip/src/core/tcp.d lwip/src/core/tcp_in.d lwip/src/core/tcp_out.d lwip/src/core/timeouts.d lwip/src/core/udp.d lwip/src/core/ipv4/autoip.d lwip/src/core/ipv4/dhcp.d lwip/src/core/ipv4/etharp.d lwip/src/core/ipv4/icmp.d lwip/src/core/ipv4/igmp.d lwip/src/core/ipv4/ip4.d lwip/src/core/ipv4/ip4_addr.d lwip/src/core/ipv4/ip4_frag.d lwip/src/core/ipv4/ip4_napt.d lwip/src/core/ipv6/dhcp6.d lwip/src/core/ipv6/ethip6.d lwip/src/core/ipv6/icmp6.d lwip/src/core/ipv6/inet6.d lwip/src/core/ipv6/ip6.d lwip/src/core/ipv6/ip6_addr.d lwip/src/core/ipv6/ip6_frag.d lwip/src/core/ipv6/mld6.d lwip/src/core/ipv6/nd6.d lwip/src/netif/bridgeif.d lwip/src/netif/bridgeif_fdb.d lwip/src/netif/ethernet.d lwip/src/netif/lowpan6.d lwip/src/netif/lowpan6_ble.d lwip/src/netif/lowpan6_common.d lwip/src/netif/slipif.d lwip/src/netif/zepif.d port/esp8266/vfs_lwip.d port/esp8266/freertos/sys_arch.d port/esp8266/netif/dhcp_state.d port/esp8266/netif/wlanif.d port/esp8266/debug/lwip_debug.d port/esp8266/netif/ethernetif.o port/esp8266/netif/ethernetif.d component_project_vars.mk
make[1]: Leaving directory '/work/adapters/esp8266_rtos_sdk/targets/wemos_esp_wroom_02_18650/build/lwip'
make[1]: Entering directory '/work/adapters/esp8266_rtos_sdk/targets/wemos_esp_wroom_02_18650/build/main'
RM libmain.a ./app_main.o ./app_main.d component_project_vars.mk
make[1]: Leaving directory '/work/adapters/esp8266_rtos_sdk/targets/wemos_esp_wroom_02_18650/build/main'
make[1]: Entering directory '/work/adapters/esp8266_rtos_sdk/targets/wemos_esp_wroom_02_18650/build/mbedtls'
RM libmbedtls.a mbedtls/library/aes.o mbedtls/library/aesni.o mbedtls/library/arc4.o mbedtls/library/aria.o mbedtls/library/asn1parse.o mbedtls/library/asn1write.o mbedtls/library/base64.o mbedtls/library/bignum.o mbedtls/library/blowfish.o mbedtls/library/camellia.o mbedtls/library/ccm.o mbedtls/library/certs.o mbedtls/library/chacha20.o mbedtls/library/chachapoly.o mbedtls/library/cipher.o mbedtls/library/cipher_wrap.o mbedtls/library/cmac.o mbedtls/library/ctr_drbg.o mbedtls/library/debug.o mbedtls/library/des.o mbedtls/library/dhm.o mbedtls/library/ecdh.o mbedtls/library/ecdsa.o mbedtls/library/ecjpake.o mbedtls/library/ecp.o mbedtls/library/ecp_curves.o mbedtls/library/entropy.o mbedtls/library/entropy_poll.o mbedtls/library/error.o mbedtls/library/gcm.o mbedtls/library/havege.o mbedtls/library/hkdf.o mbedtls/library/hmac_drbg.o mbedtls/library/md.o mbedtls/library/md2.o mbedtls/library/md4.o mbedtls/library/md5.o mbedtls/library/md_wrap.o mbedtls/library/memory_buffer_alloc.o mbedtls/library/nist_kw.o mbedtls/library/oid.o mbedtls/library/padlock.o mbedtls/library/pem.o mbedtls/library/pk.o mbedtls/library/pk_wrap.o mbedtls/library/pkcs11.o mbedtls/library/pkcs12.o mbedtls/library/pkcs5.o mbedtls/library/pkparse.o mbedtls/library/pkwrite.o mbedtls/library/platform.o mbedtls/library/platform_util.o mbedtls/library/poly1305.o mbedtls/library/ripemd160.o mbedtls/library/rsa.o mbedtls/library/rsa_internal.o mbedtls/library/sha1.o mbedtls/library/sha256.o mbedtls/library/sha512.o mbedtls/library/ssl_cache.o mbedtls/library/ssl_ciphersuites.o mbedtls/library/ssl_cli.o mbedtls/library/ssl_cookie.o mbedtls/library/ssl_srv.o mbedtls/library/ssl_ticket.o mbedtls/library/ssl_tls.o mbedtls/library/threading.o mbedtls/library/timing.o mbedtls/library/version.o mbedtls/library/version_features.o mbedtls/library/x509.o mbedtls/library/x509_create.o mbedtls/library/x509_crl.o mbedtls/library/x509_crt.o mbedtls/library/x509_csr.o mbedtls/library/x509write_crt.o mbedtls/library/x509write_csr.o mbedtls/library/xtea.o port/esp_aes.o port/esp_hardware.o port/esp_mem.o port/esp_sha1.o port/esp_sha256.o port/esp_sha512.o port/esp_timing.o port/mbedtls_debug.o port/net_sockets.o port/esp8266/aes.o port/esp8266/arc4.o port/esp8266/base64.o port/esp8266/md5.o port/esp8266/sha1.o port/esp8266/sha256.o port/esp8266/sha512.o mbedtls/library/aes.d mbedtls/library/aesni.d mbedtls/library/arc4.d mbedtls/library/aria.d mbedtls/library/asn1parse.d mbedtls/library/asn1write.d mbedtls/library/base64.d mbedtls/library/bignum.d mbedtls/library/blowfish.d mbedtls/library/camellia.d mbedtls/library/ccm.d mbedtls/library/certs.d mbedtls/library/chacha20.d mbedtls/library/chachapoly.d mbedtls/library/cipher.d mbedtls/library/cipher_wrap.d mbedtls/library/cmac.d mbedtls/library/ctr_drbg.d mbedtls/library/debug.d mbedtls/library/des.d mbedtls/library/dhm.d mbedtls/library/ecdh.d mbedtls/library/ecdsa.d mbedtls/library/ecjpake.d mbedtls/library/ecp.d mbedtls/library/ecp_curves.d mbedtls/library/entropy.d mbedtls/library/entropy_poll.d mbedtls/library/error.d mbedtls/library/gcm.d mbedtls/library/havege.d mbedtls/library/hkdf.d mbedtls/library/hmac_drbg.d mbedtls/library/md.d mbedtls/library/md2.d mbedtls/library/md4.d mbedtls/library/md5.d mbedtls/library/md_wrap.d mbedtls/library/memory_buffer_alloc.d mbedtls/library/nist_kw.d mbedtls/library/oid.d mbedtls/library/padlock.d mbedtls/library/pem.d mbedtls/library/pk.d mbedtls/library/pk_wrap.d mbedtls/library/pkcs11.d mbedtls/library/pkcs12.d mbedtls/library/pkcs5.d mbedtls/library/pkparse.d mbedtls/library/pkwrite.d mbedtls/library/platform.d mbedtls/library/platform_util.d mbedtls/library/poly1305.d mbedtls/library/ripemd160.d mbedtls/library/rsa.d mbedtls/library/rsa_internal.d mbedtls/library/sha1.d mbedtls/library/sha256.d mbedtls/library/sha512.d mbedtls/library/ssl_cache.d mbedtls/library/ssl_ciphersuites.d mbedtls/library/ssl_cli.d mbedtls/library/ssl_cookie.d mbedtls/library/ssl_srv.d mbedtls/library/ssl_ticket.d mbedtls/library/ssl_tls.d mbedtls/library/threading.d mbedtls/library/timing.d mbedtls/library/version.d mbedtls/library/version_features.d mbedtls/library/x509.d mbedtls/library/x509_create.d mbedtls/library/x509_crl.d mbedtls/library/x509_crt.d mbedtls/library/x509_csr.d mbedtls/library/x509write_crt.d mbedtls/library/x509write_csr.d mbedtls/library/xtea.d port/esp_aes.d port/esp_hardware.d port/esp_mem.d port/esp_sha1.d port/esp_sha256.d port/esp_sha512.d port/esp_timing.d port/mbedtls_debug.d port/net_sockets.d port/esp8266/aes.d port/esp8266/arc4.d port/esp8266/base64.d port/esp8266/md5.d port/esp8266/sha1.d port/esp8266/sha256.d port/esp8266/sha512.d mbedtls/library/net_sockets.o mbedtls/library/net_sockets.d component_project_vars.mk
make[1]: Leaving directory '/work/adapters/esp8266_rtos_sdk/targets/wemos_esp_wroom_02_18650/build/mbedtls'
make[1]: Entering directory '/work/adapters/esp8266_rtos_sdk/targets/wemos_esp_wroom_02_18650/build/mdns'
RM libmdns.a mdns.o mdns_networking.o mdns_console.o mdns.d mdns_networking.d mdns_console.d component_project_vars.mk
make[1]: Leaving directory '/work/adapters/esp8266_rtos_sdk/targets/wemos_esp_wroom_02_18650/build/mdns'
make[1]: Entering directory '/work/adapters/esp8266_rtos_sdk/targets/wemos_esp_wroom_02_18650/build/mqtt'
RM libmqtt.a esp-mqtt/mqtt_client.o esp-mqtt/lib/mqtt_msg.o esp-mqtt/lib/mqtt_outbox.o esp-mqtt/lib/platform_esp32_idf.o esp-mqtt/mqtt_client.d esp-mqtt/lib/mqtt_msg.d esp-mqtt/lib/mqtt_outbox.d esp-mqtt/lib/platform_esp32_idf.d component_project_vars.mk
make[1]: Leaving directory '/work/adapters/esp8266_rtos_sdk/targets/wemos_esp_wroom_02_18650/build/mqtt'
make[1]: Entering directory '/work/adapters/esp8266_rtos_sdk/targets/wemos_esp_wroom_02_18650/build/newlib'
RM libnewlib.a src/esp_malloc.o src/locks.o src/random.o src/reent_init.o src/select.o src/syscall.o src/termios.o src/time.o src/esp_malloc.d src/locks.d src/random.d src/reent_init.d src/select.d src/syscall.d src/termios.d src/time.d component_project_vars.mk
make[1]: Leaving directory '/work/adapters/esp8266_rtos_sdk/targets/wemos_esp_wroom_02_18650/build/newlib'
make[1]: Entering directory '/work/adapters/esp8266_rtos_sdk/targets/wemos_esp_wroom_02_18650/build/nvs_flash'
RM libnvs_flash.a src/nvs_api.o src/nvs_item_hash_list.o src/nvs_page.o src/nvs_pagemanager.o src/nvs_storage.o src/nvs_types.o src/nvs_api.d src/nvs_item_hash_list.d src/nvs_page.d src/nvs_pagemanager.d src/nvs_storage.d src/nvs_types.d component_project_vars.mk
make[1]: Leaving directory '/work/adapters/esp8266_rtos_sdk/targets/wemos_esp_wroom_02_18650/build/nvs_flash'
make[1]: Entering directory '/work/adapters/esp8266_rtos_sdk/targets/wemos_esp_wroom_02_18650/build/openssl'
RM libopenssl.a library/ssl_cert.o library/ssl_lib.o library/ssl_methods.o library/ssl_pkey.o library/ssl_stack.o library/ssl_x509.o platform/ssl_pm.o platform/ssl_port.o library/ssl_cert.d library/ssl_lib.d library/ssl_methods.d library/ssl_pkey.d library/ssl_stack.d library/ssl_x509.d platform/ssl_pm.d platform/ssl_port.d component_project_vars.mk
make[1]: Leaving directory '/work/adapters/esp8266_rtos_sdk/targets/wemos_esp_wroom_02_18650/build/openssl'
make[1]: Entering directory '/work/adapters/esp8266_rtos_sdk/targets/wemos_esp_wroom_02_18650/build/partition_table'
RM component_project_vars.mk
make[1]: Leaving directory '/work/adapters/esp8266_rtos_sdk/targets/wemos_esp_wroom_02_18650/build/partition_table'
make[1]: Entering directory '/work/adapters/esp8266_rtos_sdk/targets/wemos_esp_wroom_02_18650/build/protobuf-c'
RM libprotobuf-c.a protobuf-c/protobuf-c/protobuf-c.o protobuf-c/protobuf-c/protobuf-c.d component_project_vars.mk
make[1]: Leaving directory '/work/adapters/esp8266_rtos_sdk/targets/wemos_esp_wroom_02_18650/build/protobuf-c'
make[1]: Entering directory '/work/adapters/esp8266_rtos_sdk/targets/wemos_esp_wroom_02_18650/build/protocomm'
RM libprotocomm.a component_project_vars.mk
make[1]: Leaving directory '/work/adapters/esp8266_rtos_sdk/targets/wemos_esp_wroom_02_18650/build/protocomm'
make[1]: Entering directory '/work/adapters/esp8266_rtos_sdk/targets/wemos_esp_wroom_02_18650/build/pthread'
RM libpthread.a ./pthread.o ./pthread_cond_var.o ./pthread_local_storage.o ./pthread.d ./pthread_cond_var.d ./pthread_local_storage.d component_project_vars.mk
make[1]: Leaving directory '/work/adapters/esp8266_rtos_sdk/targets/wemos_esp_wroom_02_18650/build/pthread'
make[1]: Entering directory '/work/adapters/esp8266_rtos_sdk/targets/wemos_esp_wroom_02_18650/build/spi_flash'
RM libspi_flash.a src/partition.o src/spi_flash.o src/spi_flash_raw.o src/partition.d src/spi_flash.d src/spi_flash_raw.d component_project_vars.mk
make[1]: Leaving directory '/work/adapters/esp8266_rtos_sdk/targets/wemos_esp_wroom_02_18650/build/spi_flash'
make[1]: Entering directory '/work/adapters/esp8266_rtos_sdk/targets/wemos_esp_wroom_02_18650/build/spi_ram'
RM libspi_ram.a ./spi_ram.o ./spi_ram_fifo.o ./spi_ram.d ./spi_ram_fifo.d component_project_vars.mk
make[1]: Leaving directory '/work/adapters/esp8266_rtos_sdk/targets/wemos_esp_wroom_02_18650/build/spi_ram'
make[1]: Entering directory '/work/adapters/esp8266_rtos_sdk/targets/wemos_esp_wroom_02_18650/build/spiffs'
RM libspiffs.a ./esp_spiffs.o ./spiffs_api.o spiffs/src/spiffs_cache.o spiffs/src/spiffs_check.o spiffs/src/spiffs_gc.o spiffs/src/spiffs_hydrogen.o spiffs/src/spiffs_nucleus.o ./esp_spiffs.d ./spiffs_api.d spiffs/src/spiffs_cache.d spiffs/src/spiffs_check.d spiffs/src/spiffs_gc.d spiffs/src/spiffs_hydrogen.d spiffs/src/spiffs_nucleus.d component_project_vars.mk
make[1]: Leaving directory '/work/adapters/esp8266_rtos_sdk/targets/wemos_esp_wroom_02_18650/build/spiffs'
make[1]: Entering directory '/work/adapters/esp8266_rtos_sdk/targets/wemos_esp_wroom_02_18650/build/tcp_transport'
RM libtcp_transport.a ./transport.o ./transport_ssl.o ./transport_tcp.o ./transport_utils.o ./transport_ws.o ./transport.d ./transport_ssl.d ./transport_tcp.d ./transport_utils.d ./transport_ws.d component_project_vars.mk
make[1]: Leaving directory '/work/adapters/esp8266_rtos_sdk/targets/wemos_esp_wroom_02_18650/build/tcp_transport'
make[1]: Entering directory '/work/adapters/esp8266_rtos_sdk/targets/wemos_esp_wroom_02_18650/build/tcpip_adapter'
RM libtcpip_adapter.a .//esp_netif.o .//event_handlers.o .//tcpip_adapter_lwip.o .//esp_netif.d .//event_handlers.d .//tcpip_adapter_lwip.d component_project_vars.mk
make[1]: Leaving directory '/work/adapters/esp8266_rtos_sdk/targets/wemos_esp_wroom_02_18650/build/tcpip_adapter'
make[1]: Entering directory '/work/adapters/esp8266_rtos_sdk/targets/wemos_esp_wroom_02_18650/build/vfs'
RM libvfs.a ./vfs.o ./vfs_semihost.o ./vfs_uart.o ./vfs.d ./vfs_semihost.d ./vfs_uart.d component_project_vars.mk
make[1]: Leaving directory '/work/adapters/esp8266_rtos_sdk/targets/wemos_esp_wroom_02_18650/build/vfs'
make[1]: Entering directory '/work/adapters/esp8266_rtos_sdk/targets/wemos_esp_wroom_02_18650/build/wear_levelling'
RM libwear_levelling.a ./Partition.o ./SPI_Flash.o ./WL_Ext_Perf.o ./WL_Ext_Safe.o ./WL_Flash.o ./crc32.o ./wear_levelling.o ./Partition.d ./SPI_Flash.d ./WL_Ext_Perf.d ./WL_Ext_Safe.d ./WL_Flash.d ./crc32.d ./wear_levelling.d component_project_vars.mk
make[1]: Leaving directory '/work/adapters/esp8266_rtos_sdk/targets/wemos_esp_wroom_02_18650/build/wear_levelling'
make[1]: Entering directory '/work/adapters/esp8266_rtos_sdk/targets/wemos_esp_wroom_02_18650/build/wifi_provisioning'
RM libwifi_provisioning.a component_project_vars.mk
make[1]: Leaving directory '/work/adapters/esp8266_rtos_sdk/targets/wemos_esp_wroom_02_18650/build/wifi_provisioning'
make[1]: Entering directory '/work/adapters/esp8266_rtos_sdk/targets/wemos_esp_wroom_02_18650/build/wpa_supplicant'
RM libwpa_supplicant.a port/os_xtensa.o src/ap/ap_config.o src/ap/ieee802_1x.o src/ap/wpa_auth.o src/ap/wpa_auth_ie.o src/common/dpp.o src/common/sae.o src/common/wpa_common.o src/crypto/aes-cbc.o src/crypto/aes-ccm.o src/crypto/aes-ctr.o src/crypto/aes-internal-dec.o src/crypto/aes-internal-enc.o src/crypto/aes-internal.o src/crypto/aes-omac1.o src/crypto/aes-siv.o src/crypto/aes-unwrap.o src/crypto/aes-wrap.o src/crypto/bignum.o src/crypto/ccmp.o src/crypto/crypto_internal-cipher.o src/crypto/crypto_internal-modexp.o src/crypto/crypto_internal-rsa.o src/crypto/crypto_internal.o src/crypto/crypto_mbedtls-bignum.o src/crypto/crypto_mbedtls-ec.o src/crypto/crypto_mbedtls-rsa.o src/crypto/crypto_mbedtls.o src/crypto/crypto_ops.o src/crypto/des-internal.o src/crypto/dh_group5.o src/crypto/dh_groups.o src/crypto/md4-internal.o src/crypto/md5-internal.o src/crypto/md5.o src/crypto/ms_funcs.o src/crypto/rc4.o src/crypto/sha1-internal.o src/crypto/sha1-pbkdf2.o src/crypto/sha1-tlsprf.o src/crypto/sha1.o src/crypto/sha256-internal.o src/crypto/sha256-kdf.o src/crypto/sha256-prf.o src/crypto/sha256-tlsprf.o src/crypto/sha256.o src/crypto/sha384-tlsprf.o src/crypto/tls_mbedtls.o src/eap_peer/chap.o src/eap_peer/eap.o src/eap_peer/eap_common.o src/eap_peer/eap_mschapv2.o src/eap_peer/eap_peap.o src/eap_peer/eap_peap_common.o src/eap_peer/eap_tls.o src/eap_peer/eap_tls_common.o src/eap_peer/eap_ttls.o src/eap_peer/mschapv2.o src/rsn_supp/pmksa_cache.o src/rsn_supp/wpa.o src/rsn_supp/wpa_ie.o src/utils/base64.o src/utils/bitfield.o src/utils/common.o src/utils/ext_password.o src/utils/json.o src/utils/uuid.o src/utils/wpa_debug.o src/utils/wpabuf.o src/esp_supplicant/esp_hostap.o src/esp_supplicant/esp_wpa2.o src/esp_supplicant/esp_wpa3.o src/esp_supplicant/esp_wpa_main.o src/esp_supplicant/esp_wpas_glue.o src/esp_supplicant/esp_wps.o src/wps/wps.o src/wps/wps_attr_build.o src/wps/wps_attr_parse.o src/wps/wps_attr_process.o src/wps/wps_common.o src/wps/wps_dev_attr.o src/wps/wps_enrollee.o src/wps/wps_registrar.o src/wps/wps_validate.o port/os_xtensa.d src/ap/ap_config.d src/ap/ieee802_1x.d src/ap/wpa_auth.d src/ap/wpa_auth_ie.d src/common/dpp.d src/common/sae.d src/common/wpa_common.d src/crypto/aes-cbc.d src/crypto/aes-ccm.d src/crypto/aes-ctr.d src/crypto/aes-internal-dec.d src/crypto/aes-internal-enc.d src/crypto/aes-internal.d src/crypto/aes-omac1.d src/crypto/aes-siv.d src/crypto/aes-unwrap.d src/crypto/aes-wrap.d src/crypto/bignum.d src/crypto/ccmp.d src/crypto/crypto_internal-cipher.d src/crypto/crypto_internal-modexp.d src/crypto/crypto_internal-rsa.d src/crypto/crypto_internal.d src/crypto/crypto_mbedtls-bignum.d src/crypto/crypto_mbedtls-ec.d src/crypto/crypto_mbedtls-rsa.d src/crypto/crypto_mbedtls.d src/crypto/crypto_ops.d src/crypto/des-internal.d src/crypto/dh_group5.d src/crypto/dh_groups.d src/crypto/md4-internal.d src/crypto/md5-internal.d src/crypto/md5.d src/crypto/ms_funcs.d src/crypto/rc4.d src/crypto/sha1-internal.d src/crypto/sha1-pbkdf2.d src/crypto/sha1-tlsprf.d src/crypto/sha1.d src/crypto/sha256-internal.d src/crypto/sha256-kdf.d src/crypto/sha256-prf.d src/crypto/sha256-tlsprf.d src/crypto/sha256.d src/crypto/sha384-tlsprf.d src/crypto/tls_mbedtls.d src/eap_peer/chap.d src/eap_peer/eap.d src/eap_peer/eap_common.d src/eap_peer/eap_mschapv2.d src/eap_peer/eap_peap.d src/eap_peer/eap_peap_common.d src/eap_peer/eap_tls.d src/eap_peer/eap_tls_common.d src/eap_peer/eap_ttls.d src/eap_peer/mschapv2.d src/rsn_supp/pmksa_cache.d src/rsn_supp/wpa.d src/rsn_supp/wpa_ie.d src/utils/base64.d src/utils/bitfield.d src/utils/common.d src/utils/ext_password.d src/utils/json.d src/utils/uuid.d src/utils/wpa_debug.d src/utils/wpabuf.d src/esp_supplicant/esp_hostap.d src/esp_supplicant/esp_wpa2.d src/esp_supplicant/esp_wpa3.d src/esp_supplicant/esp_wpa_main.d src/esp_supplicant/esp_wpas_glue.d src/esp_supplicant/esp_wps.d src/wps/wps.d src/wps/wps_attr_build.d src/wps/wps_attr_parse.d src/wps/wps_attr_process.d src/wps/wps_common.d src/wps/wps_dev_attr.d src/wps/wps_enrollee.d src/wps/wps_registrar.d src/wps/wps_validate.d src/tls/asn1.o src/tls/bignum.o src/tls/pkcs1.o src/tls/pkcs5.o src/tls/pkcs8.o src/tls/rsa.o src/tls/tls_internal.o src/tls/tlsv1_client.o src/tls/tlsv1_client_read.o src/tls/tlsv1_client_write.o src/tls/tlsv1_common.o src/tls/tlsv1_cred.o src/tls/tlsv1_record.o src/tls/tlsv1_server.o src/tls/tlsv1_server_read.o src/tls/tlsv1_server_write.o src/tls/x509v3.o src/common/rrm.o src/common/wnm_sta.o src/common/bss.o src/common/scan.o src/common/ieee802_11_common.o src/esp_supplicant/esp_common.o src/esp_supplicant/esp_scan.o src/tls/asn1.d src/tls/bignum.d src/tls/pkcs1.d src/tls/pkcs5.d src/tls/pkcs8.d src/tls/rsa.d src/tls/tls_internal.d src/tls/tlsv1_client.d src/tls/tlsv1_client_read.d src/tls/tlsv1_client_write.d src/tls/tlsv1_common.d src/tls/tlsv1_cred.d src/tls/tlsv1_record.d src/tls/tlsv1_server.d src/tls/tlsv1_server_read.d src/tls/tlsv1_server_write.d src/tls/x509v3.d src/common/rrm.d src/common/wnm_sta.d src/common/bss.d src/common/scan.d src/common/ieee802_11_common.d src/esp_supplicant/esp_common.d src/esp_supplicant/esp_scan.d component_project_vars.mk
make[1]: Leaving directory '/work/adapters/esp8266_rtos_sdk/targets/wemos_esp_wroom_02_18650/build/wpa_supplicant'
RM /work/adapters/esp8266_rtos_sdk/targets/wemos_esp_wroom_02_18650/build/ev_wroom_02.elf
RM CONFIG
make[1]: Entering directory '/opt/esp/ESP8266_RTOS_SDK/tools/kconfig'
rm -f qconf.moc .tmp_qtcheck .tmp_gtkcheck zconf.tab.c zconf.lex.c zconf.hash.c gconf.glade.h conf.o  zconf.tab.o expand_env.o mconf.o zconf.tab.o lxdialog/checklist.o lxdialog/util.o lxdialog/inputbox.o lxdialog/textbox.o lxdialog/yesno.o lxdialog/menubox.o expand_env.o lxdialog/checklist.o lxdialog/util.o lxdialog/inputbox.o lxdialog/textbox.o lxdialog/yesno.o lxdialog/menubox.o conf.d zconf.tab.d expand_env.d mconf.d zconf.tab.d lxdialog/checklist.d lxdialog/util.d lxdialog/inputbox.d lxdialog/textbox.d lxdialog/yesno.d lxdialog/menubox.d expand_env.d lxdialog/checklist.d lxdialog/util.d lxdialog/inputbox.d lxdialog/textbox.d lxdialog/yesno.d lxdialog/menubox.d conf-idf mconf-idf conf mconf
make[1]: Leaving directory '/opt/esp/ESP8266_RTOS_SDK/tools/kconfig'
make: Leaving directory '/work/adapters/esp8266_rtos_sdk/targets/wemos_esp_wroom_02_18650'
