#0 building with "default" instance using docker driver

#1 [internal] load build definition from Dockerfile.sdk
#1 transferring dockerfile: 6.58kB done
#1 DONE 0.0s

#2 [internal] load metadata for docker.io/library/ubuntu:24.04@sha256:d1e2e92c075e5ca139d51a140fff46f84315c0fdce203eab2807c7e495eff4f9
#2 DONE 0.0s

#3 [internal] load .dockerignore
#3 transferring context: 359B done
#3 DONE 0.0s

#4 [1/7] FROM docker.io/library/ubuntu:24.04@sha256:d1e2e92c075e5ca139d51a140fff46f84315c0fdce203eab2807c7e495eff4f9
#4 DONE 0.0s

#5 [internal] load build context
#5 transferring context: 174B done
#5 DONE 0.0s

#6 [2/7] RUN set -eux;     printf '%s\n'       'Acquire::Retries "5";'       'Acquire::http::Timeout "60";'       'Acquire::https::Timeout "60";'       'Acquire::ForceIPv4 "true";'       > /etc/apt/apt.conf.d/80-ev-retries;     for attempt in 1 2 3 4 5; do       rm -rf /var/lib/apt/lists/*;       apt-get update &&       apt-get install -y --no-install-recommends         bash         build-essential         ca-certificates         ccache         cmake         file         flex         bison         gawk         git         gperf         libffi-dev         libncurses-dev         libssl-dev         make         ninja-build         patch         python-is-python3         python3         python3-pip         python3-serial         python3-venv         tar         unzip         wget         xz-utils &&       break;       if [ "$attempt" = "5" ]; then exit 1; fi;       sleep $((attempt * 10));     done;     rm -rf /var/lib/apt/lists/*;     git --version;     python3 --version;     make --version | head -n 1
#6 CACHED

#7 [3/7] RUN set -eux;     mkdir -p /opt/esp /tmp/toolchain;     for attempt in 1 2 3 4 5; do       rm -f /tmp/toolchain/lx106.tar.gz;       wget --progress=dot:giga         --tries=5         --waitretry=10         --retry-connrefused         --timeout=60         -O /tmp/toolchain/lx106.tar.gz         "https://dl.espressif.com/dl/xtensa-lx106-elf-gcc8_4_0-esp-2020r3-linux-amd64.tar.gz" &&       tar -xzf /tmp/toolchain/lx106.tar.gz -C /opt/esp &&       break;       if [ "$attempt" = "5" ]; then exit 1; fi;       sleep $((attempt * 10));     done;     rm -rf /tmp/toolchain;     /opt/esp/xtensa-lx106-elf/bin/xtensa-lx106-elf-gcc --version
#7 CACHED

#8 [4/7] COPY tools/patches/ /tmp/ev-sdk-patches/
#8 CACHED

#9 [5/7] RUN set -eux;     git config --global advice.detachedHead false;     git config --global http.lowSpeedLimit 1000;     git config --global http.lowSpeedTime 60;     git config --global url."https://github.com/eclipse-tinydtls/tinydtls.git".insteadOf        "https://git.eclipse.org/r/tinydtls/org.eclipse.tinydtls";     for attempt in 1 2 3 4 5; do       cd /;       rm -rf /opt/esp/ESP8266_RTOS_SDK;       git clone --depth 1 --branch "v3.4"         "https://github.com/espressif/ESP8266_RTOS_SDK.git" /opt/esp/ESP8266_RTOS_SDK &&       cd /opt/esp/ESP8266_RTOS_SDK &&       git submodule update --init --recursive &&       break;       if [ "$attempt" = "5" ]; then exit 1; fi;       sleep $((attempt * 10));     done;     cd /opt/esp/ESP8266_RTOS_SDK;     for p in /tmp/ev-sdk-patches/*.patch; do       [ -f "$p" ] || continue;       case "$(basename "$p")" in         *freertos-static-task-hooks*.patch)           echo "note: skipping obsolete FreeRTOSConfig patch file; tools/fw sdk-check now performs idempotent injection";           continue;           ;;       esac;       patch --batch -p1 < "$p";     done;     freertos_config=/opt/esp/ESP8266_RTOS_SDK/components/freertos/port/esp8266/include/freertos/FreeRTOSConfig.h;     tmp_file="${freertos_config}.ev-static";     sed '/EV_FREERTOS_STATIC_ALLOC_CONFIG_BEGIN/,/EV_FREERTOS_STATIC_ALLOC_CONFIG_END/d' "$freertos_config"       | sed           -e '/^[[:space:]]*#[[:space:]]*define[[:space:]][[:space:]]*configSUPPORT_STATIC_ALLOCATION[[:space:]]/d'           -e '/^[[:space:]]*#[[:space:]]*define[[:space:]][[:space:]]*configSUPPORT_DYNAMIC_ALLOCATION[[:space:]]/d'       > "$tmp_file";     cat "$tmp_file" > "$freertos_config";     rm -f "$tmp_file";     {       printf '\n/* EV_FREERTOS_STATIC_ALLOC_CONFIG_BEGIN\n';       printf ' * Project environment hardening: static Idle/Timer task hooks are enabled.\n';       printf ' * Dynamic allocation remains enabled only as an ESP8266 vendor SDK bootstrap bridge.\n';       printf ' * Runtime actor/event/I2C/IRQ hot paths remain zero-heap by project policy.\n';       printf ' */\n';       printf '#ifndef configSUPPORT_STATIC_ALLOCATION\n';       printf '#define configSUPPORT_STATIC_ALLOCATION 1\n';       printf '#endif\n';       printf '#ifndef configSUPPORT_DYNAMIC_ALLOCATION\n';       printf '#define configSUPPORT_DYNAMIC_ALLOCATION 1\n';       printf '#endif\n';       printf '/* EV_FREERTOS_STATIC_ALLOC_CONFIG_END */\n';     } >> "$freertos_config";     grep -Eq '^[[:space:]]*#define[[:space:]]+configSUPPORT_STATIC_ALLOCATION[[:space:]]+1([[:space:]]|$)' "$freertos_config";     grep -Eq '^[[:space:]]*#define[[:space:]]+configSUPPORT_DYNAMIC_ALLOCATION[[:space:]]+1([[:space:]]|$)' "$freertos_config";     rm -rf /tmp/ev-sdk-patches;     git config --system --add safe.directory /opt/esp/ESP8266_RTOS_SDK;     git -C /opt/esp/ESP8266_RTOS_SDK rev-parse --short HEAD
#9 CACHED

#10 [6/7] RUN set -eux;     python3 -m venv /opt/esp/python-env;     /opt/esp/python-env/bin/pip install --upgrade       --retries 5       --timeout 60       pip       wheel;     /opt/esp/python-env/bin/pip install       --retries 5       --timeout 60       "setuptools<82";     /opt/esp/python-env/bin/pip install       --retries 5       --timeout 60       -r /opt/esp/ESP8266_RTOS_SDK/requirements.txt;     /opt/esp/python-env/bin/pip install --upgrade       --retries 5       --timeout 60       "setuptools<82";     /opt/esp/python-env/bin/python3 -c "import pip, serial, setuptools";     /opt/esp/python-env/bin/python3 --version;     /opt/esp/python-env/bin/pip --version
#10 CACHED

#11 [7/7] WORKDIR /work
#11 CACHED

#12 exporting to image
#12 exporting layers done
#12 writing image sha256:db619be4ae74607dccbe3eb1edca4ad6ce1400e0c3a71091693c188cdad09c86 done
#12 naming to docker.io/library/esp8266-event-driven-sdk:local done
#12 DONE 0.0s
note: flash attempt 1/3 on /dev/ttyUSB0 ...
note: live flash output is mirrored below; if the line stalls at Connecting...., the current esptool handshake is genuinely still in progress.
make: Entering directory '/work/adapters/esp8266_rtos_sdk/targets/wemos_esp_wroom_02_18650'
Toolchain path: /opt/esp/xtensa-lx106-elf/bin/xtensa-lx106-elf-gcc
Toolchain version: esp-2020r3-49-gd5524c1
Compiler version: 8.4.0
/opt/esp/ESP8266_RTOS_SDK/tools/check_python_dependencies.py:22: UserWarning: pkg_resources is deprecated as an API. See https://setuptools.pypa.io/en/latest/pkg_resources.html. The pkg_resources package is slated for removal as early as 2025-11-30. Refrain from using this package or pin to Setuptools<81.
  import pkg_resources
Python requirements from /opt/esp/ESP8266_RTOS_SDK/requirements.txt are satisfied.
make[1]: Entering directory '/opt/esp/ESP8266_RTOS_SDK/components/bootloader/subproject'
make[1]: Leaving directory '/opt/esp/ESP8266_RTOS_SDK/components/bootloader/subproject'
make[1]: Entering directory '/work/adapters/esp8266_rtos_sdk/targets/wemos_esp_wroom_02_18650/build/app_update'
App "ev_wroom_02" version: 0bdfa4d
make[1]: Leaving directory '/work/adapters/esp8266_rtos_sdk/targets/wemos_esp_wroom_02_18650/build/app_update'
Flashing binaries to serial port /dev/ttyUSB0 (app at offset 0x10000)...
esptool.py v2.4.0
Connecting....
Chip is ESP8266EX
Features: WiFi
MAC: 48:3f:da:c5:7c:a8
Uploading stub...
Running stub...
Stub running...
Configuring flash size...
Compressed 10528 bytes to 7098...

Writing at 0x00000000... (100 %)
Wrote 10528 bytes (7098 compressed) at 0x00000000 in 0.6 seconds (effective 134.6 kbit/s)...
Hash of data verified.
Compressed 498368 bytes to 316648...

Writing at 0x00010000... (5 %)
Writing at 0x00014000... (10 %)
Writing at 0x00018000... (15 %)
Writing at 0x0001c000... (20 %)
Writing at 0x00020000... (25 %)
Writing at 0x00024000... (30 %)
Writing at 0x00028000... (35 %)
Writing at 0x0002c000... (40 %)
Writing at 0x00030000... (45 %)
Writing at 0x00034000... (50 %)
Writing at 0x00038000... (55 %)
Writing at 0x0003c000... (60 %)
Writing at 0x00040000... (65 %)
Writing at 0x00044000... (70 %)
Writing at 0x00048000... (75 %)
Writing at 0x0004c000... (80 %)
Writing at 0x00050000... (85 %)
Writing at 0x00054000... (90 %)
Writing at 0x00058000... (95 %)
Writing at 0x0005c000... (100 %)
Wrote 498368 bytes (316648 compressed) at 0x00010000 in 27.9 seconds (effective 142.9 kbit/s)...
Hash of data verified.
Compressed 3072 bytes to 83...

Writing at 0x00008000... (100 %)
Wrote 3072 bytes (83 compressed) at 0x00008000 in 0.0 seconds (effective 1994.9 kbit/s)...
Hash of data verified.

Leaving...
Hard resetting via RTS pin...
make: Leaving directory '/work/adapters/esp8266_rtos_sdk/targets/wemos_esp_wroom_02_18650'
