#0 building with "default" instance using docker driver

#1 [internal] load build definition from Dockerfile.sdk
#1 transferring dockerfile: 6.58kB done
#1 DONE 0.0s

#2 [internal] load metadata for docker.io/library/ubuntu:24.04@sha256:d1e2e92c075e5ca139d51a140fff46f84315c0fdce203eab2807c7e495eff4f9
#2 DONE 0.0s

#3 [internal] load .dockerignore
#3 transferring context: 359B done
#3 DONE 0.0s

#4 [1/7] FROM docker.io/library/ubuntu:24.04@sha256:d1e2e92c075e5ca139d51a140fff46f84315c0fdce203eab2807c7e495eff4f9
#4 DONE 0.0s

#5 [internal] load build context
#5 transferring context: 174B done
#5 DONE 0.0s

#6 [6/7] RUN set -eux;     python3 -m venv /opt/esp/python-env;     /opt/esp/python-env/bin/pip install --upgrade       --retries 5       --timeout 60       pip       wheel;     /opt/esp/python-env/bin/pip install       --retries 5       --timeout 60       "setuptools<82";     /opt/esp/python-env/bin/pip install       --retries 5       --timeout 60       -r /opt/esp/ESP8266_RTOS_SDK/requirements.txt;     /opt/esp/python-env/bin/pip install --upgrade       --retries 5       --timeout 60       "setuptools<82";     /opt/esp/python-env/bin/python3 -c "import pip, serial, setuptools";     /opt/esp/python-env/bin/python3 --version;     /opt/esp/python-env/bin/pip --version
#6 CACHED

#7 [2/7] RUN set -eux;     printf '%s\n'       'Acquire::Retries "5";'       'Acquire::http::Timeout "60";'       'Acquire::https::Timeout "60";'       'Acquire::ForceIPv4 "true";'       > /etc/apt/apt.conf.d/80-ev-retries;     for attempt in 1 2 3 4 5; do       rm -rf /var/lib/apt/lists/*;       apt-get update &&       apt-get install -y --no-install-recommends         bash         build-essential         ca-certificates         ccache         cmake         file         flex         bison         gawk         git         gperf         libffi-dev         libncurses-dev         libssl-dev         make         ninja-build         patch         python-is-python3         python3         python3-pip         python3-serial         python3-venv         tar         unzip         wget         xz-utils &&       break;       if [ "$attempt" = "5" ]; then exit 1; fi;       sleep $((attempt * 10));     done;     rm -rf /var/lib/apt/lists/*;     git --version;     python3 --version;     make --version | head -n 1
#7 CACHED

#8 [5/7] RUN set -eux;     git config --global advice.detachedHead false;     git config --global http.lowSpeedLimit 1000;     git config --global http.lowSpeedTime 60;     git config --global url."https://github.com/eclipse-tinydtls/tinydtls.git".insteadOf        "https://git.eclipse.org/r/tinydtls/org.eclipse.tinydtls";     for attempt in 1 2 3 4 5; do       cd /;       rm -rf /opt/esp/ESP8266_RTOS_SDK;       git clone --depth 1 --branch "v3.4"         "https://github.com/espressif/ESP8266_RTOS_SDK.git" /opt/esp/ESP8266_RTOS_SDK &&       cd /opt/esp/ESP8266_RTOS_SDK &&       git submodule update --init --recursive &&       break;       if [ "$attempt" = "5" ]; then exit 1; fi;       sleep $((attempt * 10));     done;     cd /opt/esp/ESP8266_RTOS_SDK;     for p in /tmp/ev-sdk-patches/*.patch; do       [ -f "$p" ] || continue;       case "$(basename "$p")" in         *freertos-static-task-hooks*.patch)           echo "note: skipping obsolete FreeRTOSConfig patch file; tools/fw sdk-check now performs idempotent injection";           continue;           ;;       esac;       patch --batch -p1 < "$p";     done;     freertos_config=/opt/esp/ESP8266_RTOS_SDK/components/freertos/port/esp8266/include/freertos/FreeRTOSConfig.h;     tmp_file="${freertos_config}.ev-static";     sed '/EV_FREERTOS_STATIC_ALLOC_CONFIG_BEGIN/,/EV_FREERTOS_STATIC_ALLOC_CONFIG_END/d' "$freertos_config"       | sed           -e '/^[[:space:]]*#[[:space:]]*define[[:space:]][[:space:]]*configSUPPORT_STATIC_ALLOCATION[[:space:]]/d'           -e '/^[[:space:]]*#[[:space:]]*define[[:space:]][[:space:]]*configSUPPORT_DYNAMIC_ALLOCATION[[:space:]]/d'       > "$tmp_file";     cat "$tmp_file" > "$freertos_config";     rm -f "$tmp_file";     {       printf '\n/* EV_FREERTOS_STATIC_ALLOC_CONFIG_BEGIN\n';       printf ' * Project environment hardening: static Idle/Timer task hooks are enabled.\n';       printf ' * Dynamic allocation remains enabled only as an ESP8266 vendor SDK bootstrap bridge.\n';       printf ' * Runtime actor/event/I2C/IRQ hot paths remain zero-heap by project policy.\n';       printf ' */\n';       printf '#ifndef configSUPPORT_STATIC_ALLOCATION\n';       printf '#define configSUPPORT_STATIC_ALLOCATION 1\n';       printf '#endif\n';       printf '#ifndef configSUPPORT_DYNAMIC_ALLOCATION\n';       printf '#define configSUPPORT_DYNAMIC_ALLOCATION 1\n';       printf '#endif\n';       printf '/* EV_FREERTOS_STATIC_ALLOC_CONFIG_END */\n';     } >> "$freertos_config";     grep -Eq '^[[:space:]]*#define[[:space:]]+configSUPPORT_STATIC_ALLOCATION[[:space:]]+1([[:space:]]|$)' "$freertos_config";     grep -Eq '^[[:space:]]*#define[[:space:]]+configSUPPORT_DYNAMIC_ALLOCATION[[:space:]]+1([[:space:]]|$)' "$freertos_config";     rm -rf /tmp/ev-sdk-patches;     git config --system --add safe.directory /opt/esp/ESP8266_RTOS_SDK;     git -C /opt/esp/ESP8266_RTOS_SDK rev-parse --short HEAD
#8 CACHED

#9 [3/7] RUN set -eux;     mkdir -p /opt/esp /tmp/toolchain;     for attempt in 1 2 3 4 5; do       rm -f /tmp/toolchain/lx106.tar.gz;       wget --progress=dot:giga         --tries=5         --waitretry=10         --retry-connrefused         --timeout=60         -O /tmp/toolchain/lx106.tar.gz         "https://dl.espressif.com/dl/xtensa-lx106-elf-gcc8_4_0-esp-2020r3-linux-amd64.tar.gz" &&       tar -xzf /tmp/toolchain/lx106.tar.gz -C /opt/esp &&       break;       if [ "$attempt" = "5" ]; then exit 1; fi;       sleep $((attempt * 10));     done;     rm -rf /tmp/toolchain;     /opt/esp/xtensa-lx106-elf/bin/xtensa-lx106-elf-gcc --version
#9 CACHED

#10 [4/7] COPY tools/patches/ /tmp/ev-sdk-patches/
#10 CACHED

#11 [7/7] WORKDIR /work
#11 CACHED

#12 exporting to image
#12 exporting layers done
#12 writing image sha256:db619be4ae74607dccbe3eb1edca4ad6ce1400e0c3a71091693c188cdad09c86 done
#12 naming to docker.io/library/esp8266-event-driven-sdk:local done
#12 DONE 0.0s
[0;32mI (7162) wifi:state: 0 -> 2 (b0)
[0m[0;32mI (7169) wifi:state: 2 -> 3 (0)
[0m[0;32mI (7172) wifi:state: 3 -> 5 (10)
[0m[0;32mI (7223) wifi:connected with watwzwp, aid = 23, channel 4, HT20, bssid = 1c:9d:72:a7:96:c8
[0m[0;32mI (7269) ev_wroom02: app actor: system ready hw_mask=0x00000000[0m
[0;32mI (7274) ev_wroom02: diag actor: tick=1 mono_now_ms=7273[0m
[0;32mI (7279) ev_wroom02: app actor: snapshot seq=1 diag_ticks=1 last_tick_ms=7273[0m
[0;32mI (7285) ev_wroom02: app actor: snapshot seq=2 diag_ticks=1 last_tick_ms=7273[0m
[0;32mI (7291) ev_wroom02: diag actor: tick=2 mono_now_ms=7291[0m
[0;32mI (7298) ev_wroom02: app actor: snapshot seq=3 diag_ticks=2 last_tick_ms=7291[0m
[0;32mI (7307) ev_wroom02: diag actor: tick=3 mono_now_ms=7307[0m
EV_WEMOS_SMOKE_RESULT PASS failures=0 skipped=0 mode=runtime_alive_fallback
